12-18 23:41:06.750   583   630 D Interception: result: allow, reason: calleePkg is system app, rule: runType===broadcast|||callerPkg===android|||calleePkg===com.mumu.acc|||calleeClass===com.mumu.acc.AccMsgReceiver|||action===uu.intent.action.STOP_ACCELERATE
12-18 23:41:06.767   583   604 I com.android.server.tabs.TabManagerService: notifyClosing:725: notify tab closed in android as it's closed task com.xueqiu.android, taskId: 197, elapseTime: 12457
12-18 23:41:06.816   583   833 W InputMethodManagerService: Got RemoteException sending setActive(false) notification to pid 6529 uid 10035
12-18 23:41:07.251   583   654 D Interception: result: allow, reason: calleePkg is system app, rule: runType===activity|||callerPkg===android|||calleePkg===com.mumu.launcher|||calleeClass===com.mumu.launcher.Launcher|||action===android.intent.action.MAIN
12-18 23:41:07.251   583   654 I ActivityManager: START u0 {act=android.intent.action.MAIN cat=[android.intent.category.HOME] flg=0x10200000 cmp=com.mumu.launcher/.Launcher (has extras)} from uid 1000 on display 0
12-18 23:41:07.474   583   876 W WindowManager: Attempted to remove non-existing token: android.os.Binder@55ae850
12-18 23:41:07.725   583  6180 W ActivityManager: Invalid packageName: io.appium.unlock
12-18 23:41:34.777   583   636 E KernelCpuSpeedReader: Failed to read cpu-freq: /sys/devices/system/cpu/cpu0/cpufreq/stats/time_in_state: open failed: ENOENT (No such file or directory)
12-18 23:41:34.777   583   636 E KernelUidCpuTimeReader: Failed to read uid_cputime: /proc/uid_cputime/show_uid_stat: open failed: ENOENT (No such file or directory)
12-18 23:42:34.770   583   630 E KernelCpuSpeedReader: Failed to read cpu-freq: /sys/devices/system/cpu/cpu0/cpufreq/stats/time_in_state: open failed: ENOENT (No such file or directory)
12-18 23:42:34.770   583   630 E KernelUidCpuTimeReader: Failed to read uid_cputime: /proc/uid_cputime/show_uid_stat: open failed: ENOENT (No such file or directory)
12-18 23:42:34.770   583   636 E KernelCpuSpeedReader: Failed to read cpu-freq: /sys/devices/system/cpu/cpu0/cpufreq/stats/time_in_state: open failed: ENOENT (No such file or directory)
12-18 23:42:34.770   583   636 E KernelUidCpuTimeReader: Failed to read uid_cputime: /proc/uid_cputime/show_uid_stat: open failed: ENOENT (No such file or directory)
12-18 23:43:08.114   583  1202 I ActivityManager: Force stopping com.xueqiu.android appid=10035 user=0: from pid 6870
12-18 23:43:08.115   583  1202 I ActivityManager: Killing 6747:com.xueqiu.android/u0a35 (adj 9): stop com.xueqiu.android
12-18 23:43:08.153   583  1202 D ActivityManager: cleanUpApplicationRecord -- 6747
12-18 23:43:08.155   583  2105 W ActivityManager: Spurious death for ProcessRecord{100db96 0:com.xueqiu.android/u0a35}, curProc for 6747: null
12-18 23:43:08.610   583   834 I ActivityManager: Force stopping com.xueqiu.android appid=10035 user=0: clear data
12-18 23:43:08.610   583   834 I ActivityManager: Force stopping com.xueqiu.android appid=10035 user=0: from pid 583
12-18 23:43:08.626   583   630 D Interception: result: allow, reason: calleePkg is system app, rule: runType===broadcast|||callerPkg===android|||calleePkg===com.android.documentsui|||calleeClass===com.android.documentsui.PackageReceiver|||action===android.intent.action.PACKAGE_DATA_CLEARED
12-18 23:43:08.645   583   645 D Interception: result: allow, reason: calleePkg is system app, rule: runType===retrieveService|||callerPkg===android|||calleePkg===com.android.defcontainer|||calleeClass===com.android.defcontainer.DefaultContainerService|||action===null
12-18 23:43:08.898   583  2105 D VoldConnector: SND -> {28 volume remount_uid 10035 default}
12-18 23:43:08.899   195   210 D vold    : Remounting 10035 as mode default
12-18 23:43:08.900   583   657 D VoldConnector: RCV <- {200 28 Command succeeded}
12-18 23:43:10.001   583   853 D VoldConnector: SND -> {29 volume remount_uid 10035 write}
12-18 23:43:10.001   195   210 D vold    : Remounting 10035 as mode write
12-18 23:43:10.001   583   657 D VoldConnector: RCV <- {200 29 Command succeeded}
12-18 23:43:11.225   583   853 I ActivityManager: Force stopping com.xueqiu.android appid=10035 user=0: from pid 7027
12-18 23:43:11.479   583   603 D Interception: result: allow, reason: runType is activity, rule: runType===activity|||callerPkg===android|||calleePkg===com.xueqiu.android|||calleeClass===com.xueqiu.android.view.WelcomeActivityAlias|||action===null
12-18 23:43:11.479   583   603 I ActivityManager: START u0 {flg=0x10000000 cmp=com.xueqiu.android/.view.WelcomeActivityAlias} from uid 0 on display 0
12-18 23:43:11.499   583  1088 I ActivityManager: Start proc 7037:com.xueqiu.android/u0a35 for activity com.xueqiu.android/.view.WelcomeActivityAlias
12-18 23:43:11.500   583   630 E KernelCpuSpeedReader: Failed to read cpu-freq: /sys/devices/system/cpu/cpu0/cpufreq/stats/time_in_state: open failed: ENOENT (No such file or directory)
12-18 23:43:11.500   583   630 E KernelUidCpuTimeReader: Failed to read uid_cputime: /proc/uid_cputime/show_uid_stat: open failed: ENOENT (No such file or directory)
12-18 23:43:11.534   583   744 D PackageManager: trimGetPackagesForUid uid = 10035 result = [com.xueqiu.android]
12-18 23:43:11.542   583   604 D com.android.server.tabs.TabManagerService: hideOrRestoreDiskFileIfNeeded:518: hide or restore disk files for package: com.xueqiu.android
12-18 23:43:11.542   583   604 D com.android.server.tabs.TabManagerService: hideOrRestoreDiskFileIfNeeded:546: need to restore file from: /init.cancro_x64.rc.bak, to: /init.cancro_x64.rc
12-18 23:43:11.542   583   604 D com.android.server.tabs.TabManagerService: hideOrRestoreDiskFileIfNeeded:546: need to restore file from: /init.cancro.rc.bak, to: /init.cancro.rc
12-18 23:43:11.542   583   604 D com.android.server.tabs.TabManagerService: hideOrRestoreDiskFileIfNeeded:546: need to restore file from: /storage/emulated/0/MuMu共享文件夹.sharedFolder, to: /storage/emulated/0/$MuMu共享文件夹
12-18 23:43:11.542   583   604 D com.android.server.tabs.TabManagerService: hideOrRestoreDiskFileIfNeeded:552: src files: [/init.cancro_x64.rc.bak, /init.cancro.rc.bak, /storage/emulated/0/MuMu共享文件夹.sharedFolder]
12-18 23:43:11.542   583   604 D com.android.server.tabs.TabManagerService: hideOrRestoreDiskFileIfNeeded:553: des files: [/init.cancro_x64.rc, /init.cancro.rc, /storage/emulated/0/$MuMu共享文件夹]
12-18 23:43:11.637   583   630 D Interception: result: allow, reason: calleePkg is system app, rule: runType===broadcast|||callerPkg===android|||calleePkg===com.mumu.acc|||calleeClass===com.mumu.acc.AccMsgReceiver|||action===nemu.intent.action.NEW_TASK
12-18 23:43:11.643   583   604 I com.android.server.tabs.TabManagerService: notifyOpening:440: notify tab opened in android as it's new task com.xueqiu.android, appName: 雪球, taskId: 198, firstActiveTime: 1576683791513
12-18 23:43:12.654   583  2664 D Interception: result: allow, reason: calleePkg is running, rule: runType===retrieveService|||callerPkg===android|||calleePkg===com.xueqiu.android|||calleeClass===com.xiaomi.push.service.XMPushService|||action===null
12-18 23:43:12.666   583  2664 I ActivityManager: Start proc 7101:com.xueqiu.android:pushservice/u0a35 for service com.xueqiu.android/com.xiaomi.push.service.XMPushService
12-18 23:43:12.715   583   604 D PackageManager: trimGetPackagesForUid uid = 10035 result = [com.xueqiu.android]
12-18 23:43:14.145   583   604 D Interception: result: allow, reason: calleePkg is running, rule: runType===retrieveService|||callerPkg===android|||calleePkg===com.xueqiu.android|||calleeClass===com.xueqiu.android.message.client.MessageService|||action===null
12-18 23:43:15.551   583   876 D Interception: result: allow, reason: callerPkg == calleePkg, rule: runType===activity|||callerPkg===com.xueqiu.android|||calleePkg===com.xueqiu.android|||calleeClass===com.xueqiu.android.common.MainActivity|||action===null
12-18 23:43:15.551   583   876 I ActivityManager: START u0 {flg=0x14000000 cmp=com.xueqiu.android/.common.MainActivity (has extras)} from uid 10035 on display 0
12-18 23:43:18.922   583   744 D Interception: result: allow, reason: callerPkg == calleePkg, rule: runType===activity|||callerPkg===com.xueqiu.android|||calleePkg===com.xueqiu.android|||calleeClass===com.xueqiu.android.common.MyProfileActivity|||action===null
12-18 23:43:18.922   583   744 I ActivityManager: START u0 {cmp=com.xueqiu.android/.common.MyProfileActivity} from uid 10035 on display 0
12-18 23:43:19.166   583  1202 D Interception: result: allow, reason: callerPkg == calleePkg, rule: runType===activity|||callerPkg===com.xueqiu.android|||calleePkg===com.xueqiu.android|||calleeClass===com.xueqiu.android.common.UpdateDialogActivity|||action===null
12-18 23:43:19.166   583  1202 I ActivityManager: START u0 {flg=0x10000000 cmp=com.xueqiu.android/.common.UpdateDialogActivity (has extras)} from uid 10035 on display 0
12-18 23:43:24.557   583  6181 I ActivityManager: Force stopping com.xueqiu.android appid=10035 user=0: from pid 7240
12-18 23:43:24.558   583  6181 I ActivityManager: Killing 7101:com.xueqiu.android:pushservice/u0a35 (adj 5): stop com.xueqiu.android
12-18 23:43:24.584   583  6181 D ActivityManager: cleanUpApplicationRecord -- 7101
12-18 23:43:24.584   583  6181 W ActivityManager: Scheduling restart of crashed service com.xueqiu.android/com.xiaomi.push.service.XMPushService in 1000ms
12-18 23:43:24.585   583  6181 I ActivityManager: Killing 7037:com.xueqiu.android/u0a35 (adj 0): stop com.xueqiu.android
12-18 23:43:24.609   583   603 I WindowState: WIN DEATH: Window{fc672ad u0 com.xueqiu.android/com.xueqiu.android.common.MainActivity}
12-18 23:43:24.617   583   853 I WindowState: WIN DEATH: Window{e155beb u0 com.xueqiu.android/com.xueqiu.android.common.MyProfileActivity}
12-18 23:43:24.620   583  6181 D ActivityManager: cleanUpApplicationRecord -- 7037
12-18 23:43:24.620   583  6181 W ActivityManager: Scheduling restart of crashed service com.xueqiu.android/.message.client.MessageService in 10964ms
12-18 23:43:24.621   583  6181 W ActivityManager: Force removing ActivityRecord{ec971cf u0 com.xueqiu.android/.common.MyProfileActivity t198}: app died, no saved state
12-18 23:43:24.633   583  6181 I ActivityManager: Start proc 7251:com.xueqiu.android/u0a35 for activity com.xueqiu.android/.common.MainActivity
12-18 23:43:24.633   583  6181 I ActivityManager:   Force finishing activity ActivityRecord{20cfdfb u0 com.xueqiu.android/.common.MainActivity t198}
12-18 23:43:24.637   583  6181 I ActivityManager:   Force stopping service ServiceRecord{3f9d5a3 u0 com.xueqiu.android/com.xiaomi.push.service.XMPushService}
12-18 23:43:24.637   583  6181 I ActivityManager:   Force stopping service ServiceRecord{e1012df u0 com.xueqiu.android/.message.client.MessageService}
12-18 23:43:24.651   583  1202 W ActivityManager: Spurious death for ProcessRecord{f511d60 0:com.xueqiu.android:pushservice/u0a35}, curProc for 7101: null
12-18 23:43:24.653   583   833 W ActivityManager: Spurious death for ProcessRecord{4bcf219 0:com.xueqiu.android/u0a35}, curProc for 7037: null
12-18 23:43:24.658   583   639 W WindowManager: Attempted to add application window with unknown token Token{cce18 ActivityRecord{20cfdfb u0 com.xueqiu.android/.common.MainActivity t198 f}}.  Aborting.
12-18 23:43:24.667   583   630 D Interception: result: allow, reason: calleePkg is system app, rule: runType===broadcast|||callerPkg===android|||calleePkg===com.mumu.acc|||calleeClass===com.mumu.acc.AccMsgReceiver|||action===uu.intent.action.STOP_ACCELERATE
12-18 23:43:24.677   583   834 I com.android.server.tabs.TabManagerService: notifyClosing:725: notify tab closed in android as it's closed task com.xueqiu.android, taskId: 198, elapseTime: 13153
12-18 23:43:24.694   583   639 W WindowManager: Exception when adding starting window
12-18 23:43:24.694   583   639 W WindowManager: java.lang.IllegalArgumentException: View=com.android.internal.policy.PhoneWindow$DecorView{28c6fb6 V.E...... R.....ID 0,0-0,0} not attached to window manager
12-18 23:43:24.694   583   639 W WindowManager: 	at android.view.WindowManagerGlobal.findViewLocked(WindowManagerGlobal.java:424)
12-18 23:43:24.694   583   639 W WindowManager: 	at android.view.WindowManagerGlobal.removeView(WindowManagerGlobal.java:350)
12-18 23:43:24.694   583   639 W WindowManager: 	at android.view.WindowManagerImpl.removeViewImmediate(WindowManagerImpl.java:116)
12-18 23:43:24.694   583   639 W WindowManager: 	at com.android.server.policy.PhoneWindowManager.addStartingWindow(PhoneWindowManager.java:2489)
12-18 23:43:24.694   583   639 W WindowManager: 	at com.android.server.wm.WindowManagerService$H.handleMessage(WindowManagerService.java:7988)
12-18 23:43:24.694   583   639 W WindowManager: 	at android.os.Handler.dispatchMessage(Handler.java:102)
12-18 23:43:24.694   583   639 W WindowManager: 	at android.os.Looper.loop(Looper.java:148)
12-18 23:43:24.694   583   639 W WindowManager: 	at android.os.HandlerThread.run(HandlerThread.java:61)
12-18 23:43:24.694   583   639 W WindowManager: 	at com.android.server.ServiceThread.run(ServiceThread.java:46)
12-18 23:43:24.698   583   834 D PackageManager: trimGetPackagesForUid uid = 10035 result = [com.xueqiu.android]
12-18 23:43:24.706   583   846 W InputMethodManagerService: Got RemoteException sending setActive(false) notification to pid 7037 uid 10035
12-18 23:43:25.180   583   654 D Interception: result: allow, reason: calleePkg is system app, rule: runType===activity|||callerPkg===android|||calleePkg===com.mumu.launcher|||calleeClass===com.mumu.launcher.Launcher|||action===android.intent.action.MAIN
12-18 23:43:25.180   583   654 I ActivityManager: START u0 {act=android.intent.action.MAIN cat=[android.intent.category.HOME] flg=0x10200000 cmp=com.mumu.launcher/.Launcher (has extras)} from uid 1000 on display 0
12-18 23:43:25.395   583  6180 W WindowManager: Attempted to remove non-existing token: android.os.Binder@3f719b3
12-18 23:43:25.657   583   846 W ActivityManager: Invalid packageName: io.appium.unlock
12-18 23:43:27.676   583   853 I ActivityManager: Force stopping com.xueqiu.android appid=10035 user=0: from pid 7374
12-18 23:43:27.676   583   853 I ActivityManager: Killing 7251:com.xueqiu.android/u0a35 (adj 9): stop com.xueqiu.android
12-18 23:43:27.697   583   853 D ActivityManager: cleanUpApplicationRecord -- 7251
12-18 23:43:27.698   583   744 W ActivityManager: Spurious death for ProcessRecord{9169e90 0:com.xueqiu.android/u0a35}, curProc for 7251: null
12-18 23:43:28.125   583   842 I ActivityManager: Force stopping com.xueqiu.android appid=10035 user=0: clear data
12-18 23:43:28.125   583   842 I ActivityManager: Force stopping com.xueqiu.android appid=10035 user=0: from pid 583
12-18 23:43:28.126   583   630 D Interception: result: allow, reason: calleePkg is system app, rule: runType===broadcast|||callerPkg===android|||calleePkg===com.android.documentsui|||calleeClass===com.android.documentsui.PackageReceiver|||action===android.intent.action.PACKAGE_DATA_CLEARED
12-18 23:43:28.152   583   645 D Interception: result: allow, reason: calleePkg is system app, rule: runType===retrieveService|||callerPkg===android|||calleePkg===com.android.defcontainer|||calleeClass===com.android.defcontainer.DefaultContainerService|||action===null
12-18 23:43:28.406   583   744 D VoldConnector: SND -> {30 volume remount_uid 10035 default}
12-18 23:43:28.406   195   210 D vold    : Remounting 10035 as mode default
12-18 23:43:28.407   583   657 D VoldConnector: RCV <- {200 30 Command succeeded}
12-18 23:43:29.922   583   833 D VoldConnector: SND -> {31 volume remount_uid 10035 write}
12-18 23:43:29.923   195   210 D vold    : Remounting 10035 as mode write
12-18 23:43:29.923   583   657 D VoldConnector: RCV <- {200 31 Command succeeded}
12-18 23:43:31.218   583   833 I ActivityManager: Force stopping com.xueqiu.android appid=10035 user=0: from pid 7530
12-18 23:43:31.471   583   876 D Interception: result: allow, reason: runType is activity, rule: runType===activity|||callerPkg===android|||calleePkg===com.xueqiu.android|||calleeClass===com.xueqiu.android.view.WelcomeActivityAlias|||action===null
12-18 23:43:31.471   583   876 I ActivityManager: START u0 {flg=0x10000000 cmp=com.xueqiu.android/.view.WelcomeActivityAlias} from uid 0 on display 0
12-18 23:43:31.490   583   834 I ActivityManager: Start proc 7540:com.xueqiu.android/u0a35 for activity com.xueqiu.android/.view.WelcomeActivityAlias
12-18 23:43:31.531   583   846 D PackageManager: trimGetPackagesForUid uid = 10035 result = [com.xueqiu.android]
12-18 23:43:31.539   583   604 D com.android.server.tabs.TabManagerService: hideOrRestoreDiskFileIfNeeded:518: hide or restore disk files for package: com.xueqiu.android
12-18 23:43:31.539   583   604 D com.android.server.tabs.TabManagerService: hideOrRestoreDiskFileIfNeeded:546: need to restore file from: /init.cancro_x64.rc.bak, to: /init.cancro_x64.rc
12-18 23:43:31.539   583   604 D com.android.server.tabs.TabManagerService: hideOrRestoreDiskFileIfNeeded:546: need to restore file from: /init.cancro.rc.bak, to: /init.cancro.rc
12-18 23:43:31.539   583   604 D com.android.server.tabs.TabManagerService: hideOrRestoreDiskFileIfNeeded:546: need to restore file from: /storage/emulated/0/MuMu共享文件夹.sharedFolder, to: /storage/emulated/0/$MuMu共享文件夹
12-18 23:43:31.539   583   604 D com.android.server.tabs.TabManagerService: hideOrRestoreDiskFileIfNeeded:552: src files: [/init.cancro_x64.rc.bak, /init.cancro.rc.bak, /storage/emulated/0/MuMu共享文件夹.sharedFolder]
12-18 23:43:31.539   583   604 D com.android.server.tabs.TabManagerService: hideOrRestoreDiskFileIfNeeded:553: des files: [/init.cancro_x64.rc, /init.cancro.rc, /storage/emulated/0/$MuMu共享文件夹]
12-18 23:43:31.622   583   630 D Interception: result: allow, reason: calleePkg is system app, rule: runType===broadcast|||callerPkg===android|||calleePkg===com.mumu.acc|||calleeClass===com.mumu.acc.AccMsgReceiver|||action===nemu.intent.action.NEW_TASK
12-18 23:43:31.622   583   604 I com.android.server.tabs.TabManagerService: notifyOpening:440: notify tab opened in android as it's new task com.xueqiu.android, appName: 雪球, taskId: 199, firstActiveTime: 1576683811495
12-18 23:43:32.602   583   603 D Interception: result: allow, reason: calleePkg is running, rule: runType===retrieveService|||callerPkg===android|||calleePkg===com.xueqiu.android|||calleeClass===com.xiaomi.push.service.XMPushService|||action===null
12-18 23:43:32.613   583   603 I ActivityManager: Start proc 7605:com.xueqiu.android:pushservice/u0a35 for service com.xueqiu.android/com.xiaomi.push.service.XMPushService
12-18 23:43:32.649   583  1202 D PackageManager: trimGetPackagesForUid uid = 10035 result = [com.xueqiu.android]
12-18 23:43:33.561   583  3712 D Interception: result: allow, reason: calleePkg is running, rule: runType===retrieveService|||callerPkg===android|||calleePkg===com.xueqiu.android|||calleeClass===com.xueqiu.android.message.client.MessageService|||action===null
12-18 23:43:34.243   583   604 D Interception: result: allow, reason: callerPkg == calleePkg, rule: runType===activity|||callerPkg===com.xueqiu.android|||calleePkg===com.xueqiu.android|||calleeClass===com.xueqiu.android.common.MainActivity|||action===null
12-18 23:43:34.243   583   604 I ActivityManager: START u0 {flg=0x14000000 cmp=com.xueqiu.android/.common.MainActivity (has extras)} from uid 10035 on display 0
12-18 23:43:34.773   583   636 E KernelCpuSpeedReader: Failed to read cpu-freq: /sys/devices/system/cpu/cpu0/cpufreq/stats/time_in_state: open failed: ENOENT (No such file or directory)
12-18 23:43:34.773   583   636 E KernelUidCpuTimeReader: Failed to read uid_cputime: /proc/uid_cputime/show_uid_stat: open failed: ENOENT (No such file or directory)
12-18 23:43:38.575   583  6181 D Interception: result: allow, reason: callerPkg == calleePkg, rule: runType===activity|||callerPkg===com.xueqiu.android|||calleePkg===com.xueqiu.android|||calleeClass===com.xueqiu.android.common.UpdateDialogActivity|||action===null
12-18 23:43:38.575   583  6181 I ActivityManager: START u0 {flg=0x10000000 cmp=com.xueqiu.android/.common.UpdateDialogActivity (has extras)} from uid 10035 on display 0
12-18 23:43:49.322   583   603 D ConnectivityService: listenForNetwork for Listen from uid/pid:10035/7540 for NetworkRequest [ id=12, legacyType=-1, [ Capabilities: INTERNET&NOT_RESTRICTED&TRUSTED] ]
12-18 23:43:49.358   583  1202 D ConnectivityService: listenForNetwork for Listen from uid/pid:10035/7540 for NetworkRequest [ id=13, legacyType=-1, [ Capabilities: INTERNET&NOT_RESTRICTED&TRUSTED] ]
12-18 23:43:49.363   583   667 D ConnectivityService: releasing NetworkRequest NetworkRequest [ id=12, legacyType=-1, [ Capabilities: INTERNET&NOT_RESTRICTED&TRUSTED] ]
12-18 23:44:06.175   583   630 D Interception: result: allow, reason: callerPkg == calleePkg, rule: runType===broadcast|||callerPkg===com.xueqiu.android|||calleePkg===com.xueqiu.android|||calleeClass===com.xueqiu.android.common.push.MiBroadcastReceiver|||action===com.xiaomi.mipush.RECEIVE_MESSAGE
12-18 23:44:06.181   583   853 D Interception: result: allow, reason: calleePkg is running, rule: runType===retrieveService|||callerPkg===android|||calleePkg===com.xueqiu.android|||calleeClass===com.xiaomi.mipush.sdk.MessageHandleService|||action===null
12-18 23:44:06.259   583   630 D Interception: result: allow, reason: callerPkg == calleePkg, rule: runType===broadcast|||callerPkg===com.xueqiu.android|||calleePkg===com.xueqiu.android|||calleeClass===com.xueqiu.android.common.push.MiBroadcastReceiver|||action===com.xiaomi.mipush.RECEIVE_MESSAGE
12-18 23:44:06.264   583   853 D Interception: result: allow, reason: calleePkg is running, rule: runType===retrieveService|||callerPkg===android|||calleePkg===com.xueqiu.android|||calleeClass===com.xiaomi.mipush.sdk.MessageHandleService|||action===null
12-18 23:44:06.878   583   630 D Interception: result: allow, reason: callerPkg == calleePkg, rule: runType===broadcast|||callerPkg===com.xueqiu.android|||calleePkg===com.xueqiu.android|||calleeClass===com.xueqiu.android.common.push.MiBroadcastReceiver|||action===com.xiaomi.mipush.RECEIVE_MESSAGE
12-18 23:44:06.881   583  6181 D Interception: result: allow, reason: calleePkg is running, rule: runType===retrieveService|||callerPkg===android|||calleePkg===com.xueqiu.android|||calleeClass===com.xiaomi.mipush.sdk.MessageHandleService|||action===null
12-18 23:44:06.882   583  1202 D Interception: result: allow, reason: callerPkg == calleePkg, rule: runType===broadcast|||callerPkg===com.xueqiu.android|||calleePkg===com.xueqiu.android|||calleeClass===com.xueqiu.android.common.push.MiBroadcastReceiver|||action===com.xiaomi.mipush.RECEIVE_MESSAGE
12-18 23:44:08.639   583   846 I ActivityManager: Force stopping com.xueqiu.android appid=10035 user=0: from pid 7755
12-18 23:44:08.640   583   846 I ActivityManager: Killing 7605:com.xueqiu.android:pushservice/u0a35 (adj 5): stop com.xueqiu.android
12-18 23:44:08.661   583   846 D ActivityManager: cleanUpApplicationRecord -- 7605
12-18 23:44:08.661   583   846 W ActivityManager: Scheduling restart of crashed service com.xueqiu.android/com.xiaomi.push.service.XMPushService in 1000ms
12-18 23:44:08.661   583   846 I ActivityManager: Killing 7540:com.xueqiu.android/u0a35 (adj 0): stop com.xueqiu.android
12-18 23:44:08.680   583   744 D ConnectivityService: ConnectivityService NetworkRequestInfo binderDied(NetworkRequest [ id=13, legacyType=-1, [ Capabilities: INTERNET&NOT_RESTRICTED&TRUSTED] ], android.os.BinderProxy@f2da10c)
12-18 23:44:08.680   583  3712 I WindowState: WIN DEATH: Window{57c776f u0 com.xueqiu.android/com.xueqiu.android.common.MainActivity}
12-18 23:44:08.680   583   667 D ConnectivityService: releasing NetworkRequest NetworkRequest [ id=13, legacyType=-1, [ Capabilities: INTERNET&NOT_RESTRICTED&TRUSTED] ]
12-18 23:44:08.683   583   846 D ActivityManager: cleanUpApplicationRecord -- 7540
12-18 23:44:08.683   583   846 W ActivityManager: Scheduling restart of crashed service com.xueqiu.android/.message.client.MessageService in 10978ms
12-18 23:44:08.685   583   846 W ActivityManager: Force removing ActivityRecord{2e94d4d u0 com.xueqiu.android/.common.MainActivity t199}: app died, no saved state
12-18 23:44:08.686   583   630 E KernelCpuSpeedReader: Failed to read cpu-freq: /sys/devices/system/cpu/cpu0/cpufreq/stats/time_in_state: open failed: ENOENT (No such file or directory)
12-18 23:44:08.686   583   630 E KernelUidCpuTimeReader: Failed to read uid_cputime: /proc/uid_cputime/show_uid_stat: open failed: ENOENT (No such file or directory)
12-18 23:44:08.693   583   846 I ActivityManager:   Force stopping service ServiceRecord{3a723b5 u0 com.xueqiu.android/com.xiaomi.push.service.XMPushService}
12-18 23:44:08.693   583   846 I ActivityManager:   Force stopping service ServiceRecord{28bb111 u0 com.xueqiu.android/.message.client.MessageService}
12-18 23:44:08.693   583  6180 W ActivityManager: Spurious death for ProcessRecord{8c76a55 0:com.xueqiu.android:pushservice/u0a35}, curProc for 7605: null
12-18 23:44:08.694   583   604 W ActivityManager: Spurious death for ProcessRecord{20c5c6a 0:com.xueqiu.android/u0a35}, curProc for 7540: null
12-18 23:44:08.697   583   630 D Interception: result: allow, reason: calleePkg is system app, rule: runType===broadcast|||callerPkg===android|||calleePkg===com.mumu.acc|||calleeClass===com.mumu.acc.AccMsgReceiver|||action===uu.intent.action.STOP_ACCELERATE
12-18 23:44:08.721   583  3712 I com.android.server.tabs.TabManagerService: notifyClosing:725: notify tab closed in android as it's closed task com.xueqiu.android, taskId: 199, elapseTime: 37201
12-18 23:44:08.744   583   667 E ConnectivityService: RemoteException caught trying to send a callback msg for NetworkRequest [ id=13, legacyType=-1, [ Capabilities: INTERNET&NOT_RESTRICTED&TRUSTED] ]
12-18 23:44:08.746   583   744 W InputMethodManagerService: Got RemoteException sending setActive(false) notification to pid 7540 uid 10035
12-18 23:44:09.094   583   654 D Interception: result: allow, reason: calleePkg is system app, rule: runType===activity|||callerPkg===android|||calleePkg===com.mumu.launcher|||calleeClass===com.mumu.launcher.Launcher|||action===android.intent.action.MAIN
12-18 23:44:09.094   583   654 I ActivityManager: START u0 {act=android.intent.action.MAIN cat=[android.intent.category.HOME] flg=0x10200000 cmp=com.mumu.launcher/.Launcher (has extras)} from uid 1000 on display 0
12-18 23:44:09.321   583  2105 W WindowManager: Attempted to remove non-existing token: android.os.Binder@d36df45
12-18 23:44:09.661   583   876 W ActivityManager: Invalid packageName: io.appium.unlock
12-18 23:44:34.771   583   636 E KernelCpuSpeedReader: Failed to read cpu-freq: /sys/devices/system/cpu/cpu0/cpufreq/stats/time_in_state: open failed: ENOENT (No such file or directory)
12-18 23:44:34.771   583   636 E KernelUidCpuTimeReader: Failed to read uid_cputime: /proc/uid_cputime/show_uid_stat: open failed: ENOENT (No such file or directory)
12-18 23:45:34.769   583   630 E KernelCpuSpeedReader: Failed to read cpu-freq: /sys/devices/system/cpu/cpu0/cpufreq/stats/time_in_state: open failed: ENOENT (No such file or directory)
12-18 23:45:34.769   583   630 E KernelUidCpuTimeReader: Failed to read uid_cputime: /proc/uid_cputime/show_uid_stat: open failed: ENOENT (No such file or directory)
12-18 23:45:34.771   583   636 E KernelCpuSpeedReader: Failed to read cpu-freq: /sys/devices/system/cpu/cpu0/cpufreq/stats/time_in_state: open failed: ENOENT (No such file or directory)
12-18 23:45:34.771   583   636 E KernelUidCpuTimeReader: Failed to read uid_cputime: /proc/uid_cputime/show_uid_stat: open failed: ENOENT (No such file or directory)
12-18 23:45:38.252   583  2664 I ActivityManager: Force stopping com.xueqiu.android appid=10035 user=0: from pid 7845
12-18 23:45:38.641   583  6181 I ActivityManager: Force stopping com.xueqiu.android appid=10035 user=0: clear data
12-18 23:45:38.642   583  6181 I ActivityManager: Force stopping com.xueqiu.android appid=10035 user=0: from pid 583
12-18 23:45:38.642   583   630 D Interception: result: allow, reason: calleePkg is system app, rule: runType===broadcast|||callerPkg===android|||calleePkg===com.android.documentsui|||calleeClass===com.android.documentsui.PackageReceiver|||action===android.intent.action.PACKAGE_DATA_CLEARED
12-18 23:45:38.666   583   645 D Interception: result: allow, reason: calleePkg is system app, rule: runType===retrieveService|||callerPkg===android|||calleePkg===com.android.defcontainer|||calleeClass===com.android.defcontainer.DefaultContainerService|||action===null
12-18 23:45:38.892   583   744 D VoldConnector: SND -> {32 volume remount_uid 10035 default}
12-18 23:45:38.894   195   210 D vold    : Remounting 10035 as mode default
12-18 23:45:38.895   583   657 D VoldConnector: RCV <- {200 32 Command succeeded}
12-18 23:45:40.213   583  1088 D VoldConnector: SND -> {33 volume remount_uid 10035 write}
12-18 23:45:40.214   195   210 D vold    : Remounting 10035 as mode write
12-18 23:45:40.214   583   657 D VoldConnector: RCV <- {200 33 Command succeeded}
12-18 23:45:41.617   583   604 I ActivityManager: Force stopping com.xueqiu.android appid=10035 user=0: from pid 8001
12-18 23:45:41.869   583   846 D Interception: result: allow, reason: runType is activity, rule: runType===activity|||callerPkg===android|||calleePkg===com.xueqiu.android|||calleeClass===com.xueqiu.android.view.WelcomeActivityAlias|||action===null
12-18 23:45:41.869   583   846 I ActivityManager: START u0 {flg=0x10000000 cmp=com.xueqiu.android/.view.WelcomeActivityAlias} from uid 0 on display 0
12-18 23:45:41.896   583   842 I ActivityManager: Start proc 8011:com.xueqiu.android/u0a35 for activity com.xueqiu.android/.view.WelcomeActivityAlias
12-18 23:45:41.896   583   630 E KernelCpuSpeedReader: Failed to read cpu-freq: /sys/devices/system/cpu/cpu0/cpufreq/stats/time_in_state: open failed: ENOENT (No such file or directory)
12-18 23:45:41.896   583   630 E KernelUidCpuTimeReader: Failed to read uid_cputime: /proc/uid_cputime/show_uid_stat: open failed: ENOENT (No such file or directory)
12-18 23:45:41.987   583   834 D PackageManager: trimGetPackagesForUid uid = 10035 result = [com.xueqiu.android]
12-18 23:45:41.994   583   876 D com.android.server.tabs.TabManagerService: hideOrRestoreDiskFileIfNeeded:518: hide or restore disk files for package: com.xueqiu.android
12-18 23:45:41.995   583   876 D com.android.server.tabs.TabManagerService: hideOrRestoreDiskFileIfNeeded:546: need to restore file from: /init.cancro_x64.rc.bak, to: /init.cancro_x64.rc
12-18 23:45:41.995   583   876 D com.android.server.tabs.TabManagerService: hideOrRestoreDiskFileIfNeeded:546: need to restore file from: /init.cancro.rc.bak, to: /init.cancro.rc
12-18 23:45:41.995   583   876 D com.android.server.tabs.TabManagerService: hideOrRestoreDiskFileIfNeeded:546: need to restore file from: /storage/emulated/0/MuMu共享文件夹.sharedFolder, to: /storage/emulated/0/$MuMu共享文件夹
12-18 23:45:41.995   583   876 D com.android.server.tabs.TabManagerService: hideOrRestoreDiskFileIfNeeded:552: src files: [/init.cancro_x64.rc.bak, /init.cancro.rc.bak, /storage/emulated/0/MuMu共享文件夹.sharedFolder]
12-18 23:45:41.995   583   876 D com.android.server.tabs.TabManagerService: hideOrRestoreDiskFileIfNeeded:553: des files: [/init.cancro_x64.rc, /init.cancro.rc, /storage/emulated/0/$MuMu共享文件夹]
12-18 23:45:42.114   583   876 I com.android.server.tabs.TabManagerService: notifyOpening:440: notify tab opened in android as it's new task com.xueqiu.android, appName: 雪球, taskId: 200, firstActiveTime: 1576683941958
12-18 23:45:42.115   583   630 D Interception: result: allow, reason: calleePkg is system app, rule: runType===broadcast|||callerPkg===android|||calleePkg===com.mumu.acc|||calleeClass===com.mumu.acc.AccMsgReceiver|||action===nemu.intent.action.NEW_TASK
12-18 23:45:44.015   583   876 D Interception: result: allow, reason: calleePkg is running, rule: runType===retrieveService|||callerPkg===android|||calleePkg===com.xueqiu.android|||calleeClass===com.xiaomi.push.service.XMPushService|||action===null
12-18 23:45:44.027   583   876 I ActivityManager: Start proc 8078:com.xueqiu.android:pushservice/u0a35 for service com.xueqiu.android/com.xiaomi.push.service.XMPushService
12-18 23:45:44.497   583  1202 D PackageManager: trimGetPackagesForUid uid = 10035 result = [com.xueqiu.android]
12-18 23:45:45.930   583  6181 D Interception: result: allow, reason: calleePkg is running, rule: runType===retrieveService|||callerPkg===android|||calleePkg===com.xueqiu.android|||calleeClass===com.xueqiu.android.message.client.MessageService|||action===null
12-18 23:45:46.955   583   853 D Interception: result: allow, reason: callerPkg == calleePkg, rule: runType===activity|||callerPkg===com.xueqiu.android|||calleePkg===com.xueqiu.android|||calleeClass===com.xueqiu.android.common.MainActivity|||action===null
12-18 23:45:46.955   583   853 I ActivityManager: START u0 {flg=0x14000000 cmp=com.xueqiu.android/.common.MainActivity (has extras)} from uid 10035 on display 0
12-18 23:45:50.454   583   604 D Interception: result: allow, reason: callerPkg == calleePkg, rule: runType===activity|||callerPkg===com.xueqiu.android|||calleePkg===com.xueqiu.android|||calleeClass===com.xueqiu.android.common.MyProfileActivity|||action===null
12-18 23:45:50.454   583   604 I ActivityManager: START u0 {cmp=com.xueqiu.android/.common.MyProfileActivity} from uid 10035 on display 0
12-18 23:45:50.981   583   603 D Interception: result: allow, reason: callerPkg == calleePkg, rule: runType===activity|||callerPkg===com.xueqiu.android|||calleePkg===com.xueqiu.android|||calleeClass===com.xueqiu.android.common.UpdateDialogActivity|||action===null
12-18 23:45:50.981   583   603 I ActivityManager: START u0 {flg=0x10000000 cmp=com.xueqiu.android/.common.UpdateDialogActivity (has extras)} from uid 10035 on display 0
12-18 23:45:56.038   583   744 I ActivityManager: Force stopping com.xueqiu.android appid=10035 user=0: from pid 8224
12-18 23:45:56.041   583   744 I ActivityManager: Killing 8078:com.xueqiu.android:pushservice/u0a35 (adj 5): stop com.xueqiu.android
12-18 23:45:56.070   583   744 D ActivityManager: cleanUpApplicationRecord -- 8078
12-18 23:45:56.071   583   744 W ActivityManager: Scheduling restart of crashed service com.xueqiu.android/com.xiaomi.push.service.XMPushService in 1000ms
12-18 23:45:56.076   583   744 I ActivityManager: Killing 8011:com.xueqiu.android/u0a35 (adj 0): stop com.xueqiu.android
12-18 23:45:56.091   583   833 I WindowState: WIN DEATH: Window{59c3b0b u0 com.xueqiu.android/com.xueqiu.android.common.MyProfileActivity}
12-18 23:45:56.096   583  6180 I WindowState: WIN DEATH: Window{7b590cd u0 com.xueqiu.android/com.xueqiu.android.common.MainActivity}
12-18 23:45:56.097   583   603 I WindowState: WIN DEATH: Window{f6ac094 u0 com.xueqiu.android/com.xueqiu.android.common.UpdateDialogActivity}
12-18 23:45:56.104   583   744 D ActivityManager: cleanUpApplicationRecord -- 8011
12-18 23:45:56.104   583   744 W ActivityManager: Scheduling restart of crashed service com.xueqiu.android/.message.client.MessageService in 10967ms
12-18 23:45:56.107   583   744 W ActivityManager: Force removing ActivityRecord{304ade8 u0 com.xueqiu.android/.common.UpdateDialogActivity t200}: app died, no saved state
12-18 23:45:56.120   583   744 I ActivityManager: Start proc 8235:com.xueqiu.android/u0a35 for activity com.xueqiu.android/.common.MyProfileActivity
12-18 23:45:56.120   583   744 I ActivityManager:   Force finishing activity ActivityRecord{91fd51b u0 com.xueqiu.android/.common.MainActivity t200}
12-18 23:45:56.120   583   744 I ActivityManager:   Force finishing activity ActivityRecord{d1a9eef u0 com.xueqiu.android/.common.MyProfileActivity t200}
12-18 23:45:56.122   583   744 I ActivityManager:   Force stopping service ServiceRecord{244cc79 u0 com.xueqiu.android/com.xiaomi.push.service.XMPushService}
12-18 23:45:56.122   583   744 I ActivityManager:   Force stopping service ServiceRecord{89db7ff u0 com.xueqiu.android/.message.client.MessageService}
12-18 23:45:56.139   583   846 W ActivityManager: Spurious death for ProcessRecord{d7d5200 0:com.xueqiu.android:pushservice/u0a35}, curProc for 8078: null
12-18 23:45:56.144   583   876 W ActivityManager: Spurious death for ProcessRecord{9581a39 0:com.xueqiu.android/u0a35}, curProc for 8011: null
12-18 23:45:56.166   583   630 D Interception: result: allow, reason: calleePkg is system app, rule: runType===broadcast|||callerPkg===android|||calleePkg===com.mumu.acc|||calleeClass===com.mumu.acc.AccMsgReceiver|||action===uu.intent.action.STOP_ACCELERATE
12-18 23:45:56.168   583  2105 I com.android.server.tabs.TabManagerService: notifyClosing:725: notify tab closed in android as it's closed task com.xueqiu.android, taskId: 200, elapseTime: 14208
12-18 23:45:56.187   583   834 W InputMethodManagerService: Got RemoteException sending setActive(false) notification to pid 8011 uid 10035
12-18 23:45:56.267   583   834 D PackageManager: trimGetPackagesForUid uid = 10035 result = [com.xueqiu.android]
12-18 23:45:56.652   583   654 D Interception: result: allow, reason: calleePkg is system app, rule: runType===activity|||callerPkg===android|||calleePkg===com.mumu.launcher|||calleeClass===com.mumu.launcher.Launcher|||action===android.intent.action.MAIN
12-18 23:45:56.652   583   654 I ActivityManager: START u0 {act=android.intent.action.MAIN cat=[android.intent.category.HOME] flg=0x10200000 cmp=com.mumu.launcher/.Launcher (has extras)} from uid 1000 on display 0
12-18 23:45:56.876   583  6180 W WindowManager: Attempted to remove non-existing token: android.os.Binder@8e994d3
12-18 23:45:57.284   583  1088 W ActivityManager: Invalid packageName: io.appium.unlock
12-18 23:46:34.771   583   636 E KernelCpuSpeedReader: Failed to read cpu-freq: /sys/devices/system/cpu/cpu0/cpufreq/stats/time_in_state: open failed: ENOENT (No such file or directory)
12-18 23:46:34.771   583   636 E KernelUidCpuTimeReader: Failed to read uid_cputime: /proc/uid_cputime/show_uid_stat: open failed: ENOENT (No such file or directory)
12-18 23:47:34.769   583   630 E KernelCpuSpeedReader: Failed to read cpu-freq: /sys/devices/system/cpu/cpu0/cpufreq/stats/time_in_state: open failed: ENOENT (No such file or directory)
12-18 23:47:34.769   583   630 E KernelUidCpuTimeReader: Failed to read uid_cputime: /proc/uid_cputime/show_uid_stat: open failed: ENOENT (No such file or directory)
12-18 23:47:34.771   583   636 E KernelCpuSpeedReader: Failed to read cpu-freq: /sys/devices/system/cpu/cpu0/cpufreq/stats/time_in_state: open failed: ENOENT (No such file or directory)
12-18 23:47:34.771   583   636 E KernelUidCpuTimeReader: Failed to read uid_cputime: /proc/uid_cputime/show_uid_stat: open failed: ENOENT (No such file or directory)
12-18 23:48:27.462   583  1202 I ActivityManager: Force stopping com.xueqiu.android appid=10035 user=0: from pid 8361
12-18 23:48:27.462   583  1202 I ActivityManager: Killing 8235:com.xueqiu.android/u0a35 (adj 9): stop com.xueqiu.android
12-18 23:48:27.504   583  1202 D ActivityManager: cleanUpApplicationRecord -- 8235
12-18 23:48:27.505   583  3712 W ActivityManager: Spurious death for ProcessRecord{a85d771 0:com.xueqiu.android/u0a35}, curProc for 8235: null
12-18 23:48:27.907   583  6181 I ActivityManager: Force stopping com.xueqiu.android appid=10035 user=0: clear data
12-18 23:48:27.907   583  6181 I ActivityManager: Force stopping com.xueqiu.android appid=10035 user=0: from pid 583
12-18 23:48:27.908   583   630 D Interception: result: allow, reason: calleePkg is system app, rule: runType===broadcast|||callerPkg===android|||calleePkg===com.android.documentsui|||calleeClass===com.android.documentsui.PackageReceiver|||action===android.intent.action.PACKAGE_DATA_CLEARED
12-18 23:48:27.956   583   645 D Interception: result: allow, reason: calleePkg is system app, rule: runType===retrieveService|||callerPkg===android|||calleePkg===com.android.defcontainer|||calleeClass===com.android.defcontainer.DefaultContainerService|||action===null
12-18 23:48:28.171   583  1202 D VoldConnector: SND -> {34 volume remount_uid 10035 default}
12-18 23:48:28.182   195   210 D vold    : Remounting 10035 as mode default
12-18 23:48:28.183   583   657 D VoldConnector: RCV <- {200 34 Command succeeded}
12-18 23:48:29.201   583   842 D VoldConnector: SND -> {35 volume remount_uid 10035 write}
12-18 23:48:29.202   195   210 D vold    : Remounting 10035 as mode write
12-18 23:48:29.203   583   657 D VoldConnector: RCV <- {200 35 Command succeeded}
12-18 23:48:30.434   583  6180 I ActivityManager: Force stopping com.xueqiu.android appid=10035 user=0: from pid 8518
12-18 23:48:30.686   583  1088 D Interception: result: allow, reason: runType is activity, rule: runType===activity|||callerPkg===android|||calleePkg===com.xueqiu.android|||calleeClass===com.xueqiu.android.view.WelcomeActivityAlias|||action===null
12-18 23:48:30.686   583  1088 I ActivityManager: START u0 {flg=0x10000000 cmp=com.xueqiu.android/.view.WelcomeActivityAlias} from uid 0 on display 0
12-18 23:48:30.704   583  6181 I ActivityManager: Start proc 8528:com.xueqiu.android/u0a35 for activity com.xueqiu.android/.view.WelcomeActivityAlias
12-18 23:48:30.707   583   630 E KernelCpuSpeedReader: Failed to read cpu-freq: /sys/devices/system/cpu/cpu0/cpufreq/stats/time_in_state: open failed: ENOENT (No such file or directory)
12-18 23:48:30.707   583   630 E KernelUidCpuTimeReader: Failed to read uid_cputime: /proc/uid_cputime/show_uid_stat: open failed: ENOENT (No such file or directory)
12-18 23:48:30.725   583  1202 D PackageManager: trimGetPackagesForUid uid = 10035 result = [com.xueqiu.android]
12-18 23:48:30.727   583   834 D com.android.server.tabs.TabManagerService: hideOrRestoreDiskFileIfNeeded:518: hide or restore disk files for package: com.xueqiu.android
12-18 23:48:30.727   583   834 D com.android.server.tabs.TabManagerService: hideOrRestoreDiskFileIfNeeded:546: need to restore file from: /init.cancro_x64.rc.bak, to: /init.cancro_x64.rc
12-18 23:48:30.727   583   834 D com.android.server.tabs.TabManagerService: hideOrRestoreDiskFileIfNeeded:546: need to restore file from: /init.cancro.rc.bak, to: /init.cancro.rc
12-18 23:48:30.727   583   834 D com.android.server.tabs.TabManagerService: hideOrRestoreDiskFileIfNeeded:546: need to restore file from: /storage/emulated/0/MuMu共享文件夹.sharedFolder, to: /storage/emulated/0/$MuMu共享文件夹
12-18 23:48:30.727   583   834 D com.android.server.tabs.TabManagerService: hideOrRestoreDiskFileIfNeeded:552: src files: [/init.cancro_x64.rc.bak, /init.cancro.rc.bak, /storage/emulated/0/MuMu共享文件夹.sharedFolder]
12-18 23:48:30.727   583   834 D com.android.server.tabs.TabManagerService: hideOrRestoreDiskFileIfNeeded:553: des files: [/init.cancro_x64.rc, /init.cancro.rc, /storage/emulated/0/$MuMu共享文件夹]
12-18 23:48:30.801   583   630 D Interception: result: allow, reason: calleePkg is system app, rule: runType===broadcast|||callerPkg===android|||calleePkg===com.mumu.acc|||calleeClass===com.mumu.acc.AccMsgReceiver|||action===nemu.intent.action.NEW_TASK
12-18 23:48:30.802   583   834 I com.android.server.tabs.TabManagerService: notifyOpening:440: notify tab opened in android as it's new task com.xueqiu.android, appName: 雪球, taskId: 201, firstActiveTime: 1576684110719
12-18 23:48:31.882   583  2664 D Interception: result: allow, reason: calleePkg is running, rule: runType===retrieveService|||callerPkg===android|||calleePkg===com.xueqiu.android|||calleeClass===com.xiaomi.push.service.XMPushService|||action===null
12-18 23:48:31.895   583  2664 I ActivityManager: Start proc 8593:com.xueqiu.android:pushservice/u0a35 for service com.xueqiu.android/com.xiaomi.push.service.XMPushService
12-18 23:48:31.905   583   603 D PackageManager: trimGetPackagesForUid uid = 10035 result = [com.xueqiu.android]
12-18 23:48:33.382   583  6181 D Interception: result: allow, reason: calleePkg is running, rule: runType===retrieveService|||callerPkg===android|||calleePkg===com.xueqiu.android|||calleeClass===com.xueqiu.android.message.client.MessageService|||action===null
12-18 23:48:34.101   583  1202 D Interception: result: allow, reason: callerPkg == calleePkg, rule: runType===activity|||callerPkg===com.xueqiu.android|||calleePkg===com.xueqiu.android|||calleeClass===com.xueqiu.android.common.MainActivity|||action===null
12-18 23:48:34.101   583  1202 I ActivityManager: START u0 {flg=0x14000000 cmp=com.xueqiu.android/.common.MainActivity (has extras)} from uid 10035 on display 0
12-18 23:48:34.772   583   636 E KernelCpuSpeedReader: Failed to read cpu-freq: /sys/devices/system/cpu/cpu0/cpufreq/stats/time_in_state: open failed: ENOENT (No such file or directory)
12-18 23:48:34.772   583   636 E KernelUidCpuTimeReader: Failed to read uid_cputime: /proc/uid_cputime/show_uid_stat: open failed: ENOENT (No such file or directory)
12-18 23:48:37.447   583   604 D Interception: result: allow, reason: callerPkg == calleePkg, rule: runType===activity|||callerPkg===com.xueqiu.android|||calleePkg===com.xueqiu.android|||calleeClass===com.xueqiu.android.common.MyProfileActivity|||action===null
12-18 23:48:37.448   583   604 I ActivityManager: START u0 {cmp=com.xueqiu.android/.common.MyProfileActivity} from uid 10035 on display 0
12-18 23:48:38.497   583  1202 D Interception: result: allow, reason: callerPkg == calleePkg, rule: runType===activity|||callerPkg===com.xueqiu.android|||calleePkg===com.xueqiu.android|||calleeClass===com.xueqiu.android.common.UpdateDialogActivity|||action===null
12-18 23:48:38.497   583  1202 I ActivityManager: START u0 {flg=0x10000000 cmp=com.xueqiu.android/.common.UpdateDialogActivity (has extras)} from uid 10035 on display 0
12-18 23:48:43.812   583   853 I ActivityManager: Force stopping com.xueqiu.android appid=10035 user=0: from pid 8737
12-18 23:48:43.818   583   853 I ActivityManager: Killing 8593:com.xueqiu.android:pushservice/u0a35 (adj 5): stop com.xueqiu.android
12-18 23:48:43.875   583   853 D ActivityManager: cleanUpApplicationRecord -- 8593
12-18 23:48:43.915   583   853 W ActivityManager: Scheduling restart of crashed service com.xueqiu.android/com.xiaomi.push.service.XMPushService in 1000ms
12-18 23:48:43.946   583   853 I ActivityManager: Killing 8528:com.xueqiu.android/u0a35 (adj 0): stop com.xueqiu.android
12-18 23:48:44.091   583   834 I WindowState: WIN DEATH: Window{7274fa u0 com.xueqiu.android/com.xueqiu.android.common.MyProfileActivity}
12-18 23:48:44.093   583   853 D ActivityManager: cleanUpApplicationRecord -- 8528
12-18 23:48:44.098   583   853 W ActivityManager: Scheduling restart of crashed service com.xueqiu.android/.message.client.MessageService in 10816ms
12-18 23:48:44.101   583   853 W ActivityManager: Force removing ActivityRecord{3bc2aab u0 com.xueqiu.android/.common.UpdateDialogActivity t201}: app died, no saved state
12-18 23:48:44.115   583   744 I WindowState: WIN DEATH: Window{910c687 u0 com.xueqiu.android/com.xueqiu.android.common.UpdateDialogActivity}
12-18 23:48:44.117   583   603 I WindowState: WIN DEATH: Window{6f58784 u0 com.xueqiu.android/com.xueqiu.android.common.MainActivity}
12-18 23:48:44.133   583   853 I ActivityManager: Start proc 8748:com.xueqiu.android/u0a35 for activity com.xueqiu.android/.common.MyProfileActivity
12-18 23:48:44.133   583   853 I ActivityManager:   Force finishing activity ActivityRecord{95e254a u0 com.xueqiu.android/.common.MainActivity t201}
12-18 23:48:44.133   583   853 I ActivityManager:   Force finishing activity ActivityRecord{96dc7ee u0 com.xueqiu.android/.common.MyProfileActivity t201}
12-18 23:48:44.136   583   853 I ActivityManager:   Force stopping service ServiceRecord{e7b1a92 u0 com.xueqiu.android/com.xiaomi.push.service.XMPushService}
12-18 23:48:44.136   583   853 I ActivityManager:   Force stopping service ServiceRecord{278133e u0 com.xueqiu.android/.message.client.MessageService}
12-18 23:48:44.140   583   630 E KernelCpuSpeedReader: Failed to read cpu-freq: /sys/devices/system/cpu/cpu0/cpufreq/stats/time_in_state: open failed: ENOENT (No such file or directory)
12-18 23:48:44.140   583   630 E KernelUidCpuTimeReader: Failed to read uid_cputime: /proc/uid_cputime/show_uid_stat: open failed: ENOENT (No such file or directory)
12-18 23:48:44.321   583   604 W ActivityManager: Spurious death for ProcessRecord{c294423 0:com.xueqiu.android:pushservice/u0a35}, curProc for 8593: null
12-18 23:48:44.322   583   876 W ActivityManager: Spurious death for ProcessRecord{666dd20 0:com.xueqiu.android/u0a35}, curProc for 8528: null
12-18 23:48:44.381   583   630 D Interception: result: allow, reason: calleePkg is system app, rule: runType===broadcast|||callerPkg===android|||calleePkg===com.mumu.acc|||calleeClass===com.mumu.acc.AccMsgReceiver|||action===uu.intent.action.STOP_ACCELERATE
12-18 23:48:44.385   583   842 I com.android.server.tabs.TabManagerService: notifyClosing:725: notify tab closed in android as it's closed task com.xueqiu.android, taskId: 201, elapseTime: 13661
12-18 23:48:44.430   583   833 W InputMethodManagerService: Got RemoteException sending setActive(false) notification to pid 8528 uid 10035
12-18 23:48:44.481   583   603 D PackageManager: trimGetPackagesForUid uid = 10035 result = [com.xueqiu.android]
12-18 23:48:45.437   583   654 D Interception: result: allow, reason: calleePkg is system app, rule: runType===activity|||callerPkg===android|||calleePkg===com.mumu.launcher|||calleeClass===com.mumu.launcher.Launcher|||action===android.intent.action.MAIN
12-18 23:48:45.437   583   654 I ActivityManager: START u0 {act=android.intent.action.MAIN cat=[android.intent.category.HOME] flg=0x10200000 cmp=com.mumu.launcher/.Launcher (has extras)} from uid 1000 on display 0
12-18 23:48:45.696   583  2664 W WindowManager: Attempted to remove non-existing token: android.os.Binder@d37b4e2
12-18 23:48:46.055   583  1202 W ActivityManager: Invalid packageName: io.appium.unlock
