--------- beginning of system
12-18 21:53:34.771   583   636 E KernelCpuSpeedReader: Failed to read cpu-freq: /sys/devices/system/cpu/cpu0/cpufreq/stats/time_in_state: open failed: ENOENT (No such file or directory)
12-18 21:53:34.771   583   636 E KernelUidCpuTimeReader: Failed to read uid_cputime: /proc/uid_cputime/show_uid_stat: open failed: ENOENT (No such file or directory)
12-18 21:54:34.769   583   630 E KernelCpuSpeedReader: Failed to read cpu-freq: /sys/devices/system/cpu/cpu0/cpufreq/stats/time_in_state: open failed: ENOENT (No such file or directory)
12-18 21:54:34.769   583   630 E KernelUidCpuTimeReader: Failed to read uid_cputime: /proc/uid_cputime/show_uid_stat: open failed: ENOENT (No such file or directory)
12-18 21:54:34.771   583   636 E KernelCpuSpeedReader: Failed to read cpu-freq: /sys/devices/system/cpu/cpu0/cpufreq/stats/time_in_state: open failed: ENOENT (No such file or directory)
12-18 21:54:34.775   583   636 E KernelUidCpuTimeReader: Failed to read uid_cputime: /proc/uid_cputime/show_uid_stat: open failed: ENOENT (No such file or directory)
12-18 21:55:34.769   583   630 E KernelCpuSpeedReader: Failed to read cpu-freq: /sys/devices/system/cpu/cpu0/cpufreq/stats/time_in_state: open failed: ENOENT (No such file or directory)
12-18 21:55:34.769   583   630 E KernelUidCpuTimeReader: Failed to read uid_cputime: /proc/uid_cputime/show_uid_stat: open failed: ENOENT (No such file or directory)
12-18 21:55:34.771   583   636 E KernelCpuSpeedReader: Failed to read cpu-freq: /sys/devices/system/cpu/cpu0/cpufreq/stats/time_in_state: open failed: ENOENT (No such file or directory)
12-18 21:55:34.771   583   636 E KernelUidCpuTimeReader: Failed to read uid_cputime: /proc/uid_cputime/show_uid_stat: open failed: ENOENT (No such file or directory)
12-18 21:56:34.282   583   876 D CloneHelper: readIntent action = net.joywii.qysg2d.* activity = net.joywii.qysg2d.UnityActivity packageName = null
12-18 21:56:34.282   583   876 D CloneHelper: readIntent action = com.SuperOfFleet.kkkwan activity = com.raysns.android.ship.Ship packageName = null
12-18 21:56:34.283   583   876 D CloneHelper: readIntent action = com.wzsjkkkwan.uc activity = com.wzsj.kkkwan.TjxsmMainActivity packageName = null
12-18 21:56:34.283   583   876 D CloneHelper: readIntent action = com.KingOfTank.uc activity = com.qianyun.slg.tank.Gardenia_UCActivity packageName = null
12-18 21:56:34.283   583   876 D CloneHelper: readIntent action = TCISDK.MAIN activity = com.MengYu.GameY.tx.UnityPlayerNativeActivity packageName = null
12-18 21:56:34.283   583   876 D CloneHelper: readIntent action = com.istorm.start.game activity = com.tech.nslg.integrate.AppActivity packageName = com.tech.nslg.mumu
12-18 21:56:34.283   583   876 D CloneHelper: getIntentMpas name = activity intentList count = 6
12-18 21:56:34.288   583   876 D Interception: result: allow, reason: runType is activity, rule: runType===activity|||callerPkg===android|||calleePkg===io.appium.settings|||calleeClass===io.appium.settings.Settings|||action===android.intent.action.MAIN
12-18 21:56:34.288   583   876 I ActivityManager: START u0 {act=android.intent.action.MAIN cat=[android.intent.category.LAUNCHER] flg=0x10200000 cmp=io.appium.settings/.Settings} from uid 0 on display 0
12-18 21:56:34.331   583   846 I ActivityManager: Start proc 1550:io.appium.settings/u0a36 for activity io.appium.settings/.Settings
12-18 21:56:34.338   583   630 E KernelCpuSpeedReader: Failed to read cpu-freq: /sys/devices/system/cpu/cpu0/cpufreq/stats/time_in_state: open failed: ENOENT (No such file or directory)
12-18 21:56:34.338   583   630 E KernelUidCpuTimeReader: Failed to read uid_cputime: /proc/uid_cputime/show_uid_stat: open failed: ENOENT (No such file or directory)
12-18 21:56:34.425   583  1202 D PackageManager: trimGetPackagesForUid uid = 10036 result = [io.appium.settings]
12-18 21:56:34.431   583  1088 D com.android.server.tabs.TabManagerService: hideOrRestoreDiskFileIfNeeded:518: hide or restore disk files for package: io.appium.settings
12-18 21:56:34.431   583  1088 D com.android.server.tabs.TabManagerService: hideOrRestoreDiskFileIfNeeded:546: need to restore file from: /init.cancro_x64.rc.bak, to: /init.cancro_x64.rc
12-18 21:56:34.431   583  1088 D com.android.server.tabs.TabManagerService: hideOrRestoreDiskFileIfNeeded:546: need to restore file from: /init.cancro.rc.bak, to: /init.cancro.rc
12-18 21:56:34.431   583  1088 D com.android.server.tabs.TabManagerService: hideOrRestoreDiskFileIfNeeded:546: need to restore file from: /storage/emulated/0/MuMu共享文件夹.sharedFolder, to: /storage/emulated/0/$MuMu共享文件夹
12-18 21:56:34.431   583  1088 D com.android.server.tabs.TabManagerService: hideOrRestoreDiskFileIfNeeded:552: src files: [/init.cancro_x64.rc.bak, /init.cancro.rc.bak, /storage/emulated/0/MuMu共享文件夹.sharedFolder]
12-18 21:56:34.431   583  1088 D com.android.server.tabs.TabManagerService: hideOrRestoreDiskFileIfNeeded:553: des files: [/init.cancro_x64.rc, /init.cancro.rc, /storage/emulated/0/$MuMu共享文件夹]
12-18 21:56:34.474   583   630 D Interception: result: allow, reason: calleePkg is system app, rule: runType===broadcast|||callerPkg===android|||calleePkg===com.mumu.acc|||calleeClass===com.mumu.acc.AccMsgReceiver|||action===nemu.intent.action.NEW_TASK
12-18 21:56:34.474   583  1088 I com.android.server.tabs.TabManagerService: notifyOpening:440: notify tab opened in android as it's new task io.appium.settings, appName: Appium Settings, taskId: 187, firstActiveTime: 1576677394412
12-18 21:56:34.578   583  1202 D PackageManager: trimGetPackagesForUid uid = 10036 result = [io.appium.settings]
12-18 21:56:34.771   583   636 E KernelCpuSpeedReader: Failed to read cpu-freq: /sys/devices/system/cpu/cpu0/cpufreq/stats/time_in_state: open failed: ENOENT (No such file or directory)
12-18 21:56:34.771   583   636 E KernelUidCpuTimeReader: Failed to read uid_cputime: /proc/uid_cputime/show_uid_stat: open failed: ENOENT (No such file or directory)
12-18 21:56:35.609   583   630 E KernelCpuSpeedReader: Failed to read cpu-freq: /sys/devices/system/cpu/cpu0/cpufreq/stats/time_in_state: open failed: ENOENT (No such file or directory)
12-18 21:56:35.609   583   630 E KernelUidCpuTimeReader: Failed to read uid_cputime: /proc/uid_cputime/show_uid_stat: open failed: ENOENT (No such file or directory)
12-18 21:56:35.658   583   630 D Interception: result: allow, reason: calleePkg is system app, rule: runType===broadcast|||callerPkg===android|||calleePkg===com.mumu.acc|||calleeClass===com.mumu.acc.AccMsgReceiver|||action===uu.intent.action.STOP_ACCELERATE
12-18 21:56:35.658   583   842 I com.android.server.tabs.TabManagerService: notifyClosing:725: notify tab closed in android as it's closed task io.appium.settings, taskId: 187, elapseTime: 1246
12-18 21:56:36.676   583   604 I ActivityManager: Force stopping com.xueqiu.android appid=10035 user=0: from pid 1602
12-18 21:56:37.106   583  1202 I ActivityManager: Force stopping com.xueqiu.android appid=10035 user=0: clear data
12-18 21:56:37.106   583  1202 I ActivityManager: Force stopping com.xueqiu.android appid=10035 user=0: from pid 583
12-18 21:56:37.107   583   630 D Interception: result: allow, reason: calleePkg is system app, rule: runType===broadcast|||callerPkg===android|||calleePkg===com.android.documentsui|||calleeClass===com.android.documentsui.PackageReceiver|||action===android.intent.action.PACKAGE_DATA_CLEARED
12-18 21:56:37.121   583   630 I ActivityManager: Start proc 1622:com.android.documentsui/u0a19 for broadcast com.android.documentsui/.PackageReceiver
12-18 21:56:37.159   583   842 D PackageManager: trimGetPackagesForUid uid = 10019 result = [com.android.documentsui]
12-18 21:56:37.190   583   645 D Interception: result: allow, reason: calleePkg is system app, rule: runType===retrieveService|||callerPkg===android|||calleePkg===com.android.defcontainer|||calleeClass===com.android.defcontainer.DefaultContainerService|||action===null
12-18 21:56:37.193   583   645 I ActivityManager: Start proc 1635:com.android.defcontainer/u0a3 for service com.android.defcontainer/.DefaultContainerService
12-18 21:56:37.214   583   604 D PackageManager: trimGetPackagesForUid uid = 10003 result = [com.android.defcontainer]
12-18 21:56:37.229   583   744 D Interception: result: allow, reason: calleePkg is system app, rule: runType===provider|||callerPkg===com.android.documentsui|||calleePkg===com.android.externalstorage|||calleeClass===com.android.externalstorage.ExternalStorageProvider|||action===com.android.externalstorage.documents
12-18 21:56:37.240   583   744 I ActivityManager: Start proc 1651:com.android.externalstorage/u0a5 for content provider com.android.externalstorage/.ExternalStorageProvider
12-18 21:56:37.249   583   834 D PackageManager: trimGetPackagesForUid uid = 10005 result = [com.android.externalstorage]
12-18 21:56:37.483   583   834 D VoldConnector: SND -> {8 volume remount_uid 10035 default}
12-18 21:56:37.484   195   210 D vold    : Remounting 10035 as mode default
12-18 21:56:37.485   583   657 D VoldConnector: RCV <- {200 8 Command succeeded}
12-18 21:56:38.736   583   603 D VoldConnector: SND -> {9 volume remount_uid 10035 write}
12-18 21:56:38.737   195   210 D vold    : Remounting 10035 as mode write
12-18 21:56:38.738   583   657 D VoldConnector: RCV <- {200 9 Command succeeded}
12-18 21:56:40.207   583   846 I ActivityManager: Force stopping com.xueqiu.android appid=10035 user=0: from pid 1802
12-18 21:56:40.460   583   604 D Interception: result: allow, reason: runType is activity, rule: runType===activity|||callerPkg===android|||calleePkg===com.xueqiu.android|||calleeClass===com.xueqiu.android.view.WelcomeActivityAlias|||action===null
12-18 21:56:40.460   583   604 I ActivityManager: START u0 {flg=0x10000000 cmp=com.xueqiu.android/.view.WelcomeActivityAlias} from uid 0 on display 0
12-18 21:56:40.487   583   603 I ActivityManager: Start proc 1812:com.xueqiu.android/u0a35 for activity com.xueqiu.android/.view.WelcomeActivityAlias
12-18 21:56:40.496   583  1202 D PackageManager: trimGetPackagesForUid uid = 10035 result = [com.xueqiu.android]
12-18 21:56:40.500   583   842 D com.android.server.tabs.TabManagerService: hideOrRestoreDiskFileIfNeeded:518: hide or restore disk files for package: com.xueqiu.android
12-18 21:56:40.500   583   842 D com.android.server.tabs.TabManagerService: hideOrRestoreDiskFileIfNeeded:546: need to restore file from: /init.cancro_x64.rc.bak, to: /init.cancro_x64.rc
12-18 21:56:40.500   583   842 D com.android.server.tabs.TabManagerService: hideOrRestoreDiskFileIfNeeded:546: need to restore file from: /init.cancro.rc.bak, to: /init.cancro.rc
12-18 21:56:40.500   583   842 D com.android.server.tabs.TabManagerService: hideOrRestoreDiskFileIfNeeded:546: need to restore file from: /storage/emulated/0/MuMu共享文件夹.sharedFolder, to: /storage/emulated/0/$MuMu共享文件夹
12-18 21:56:40.500   583   842 D com.android.server.tabs.TabManagerService: hideOrRestoreDiskFileIfNeeded:552: src files: [/init.cancro_x64.rc.bak, /init.cancro.rc.bak, /storage/emulated/0/MuMu共享文件夹.sharedFolder]
12-18 21:56:40.500   583   842 D com.android.server.tabs.TabManagerService: hideOrRestoreDiskFileIfNeeded:553: des files: [/init.cancro_x64.rc, /init.cancro.rc, /storage/emulated/0/$MuMu共享文件夹]
12-18 21:56:40.595   583   630 D Interception: result: allow, reason: calleePkg is system app, rule: runType===broadcast|||callerPkg===android|||calleePkg===com.mumu.acc|||calleeClass===com.mumu.acc.AccMsgReceiver|||action===nemu.intent.action.NEW_TASK
12-18 21:56:40.597   583   842 I com.android.server.tabs.TabManagerService: notifyOpening:440: notify tab opened in android as it's new task com.xueqiu.android, appName: 雪球, taskId: 188, firstActiveTime: 1576677400493
12-18 21:56:41.762   583   603 D Interception: result: allow, reason: calleePkg is running, rule: runType===retrieveService|||callerPkg===android|||calleePkg===com.xueqiu.android|||calleeClass===com.xiaomi.push.service.XMPushService|||action===null
12-18 21:56:41.773   583   603 I ActivityManager: Start proc 1876:com.xueqiu.android:pushservice/u0a35 for service com.xueqiu.android/com.xiaomi.push.service.XMPushService
12-18 21:56:41.790   583  1088 D PackageManager: trimGetPackagesForUid uid = 10035 result = [com.xueqiu.android]
12-18 21:56:43.392   583   603 D Interception: result: allow, reason: calleePkg is running, rule: runType===retrieveService|||callerPkg===android|||calleePkg===com.xueqiu.android|||calleeClass===com.xueqiu.android.message.client.MessageService|||action===null
12-18 21:56:44.695   583   744 D Interception: result: allow, reason: callerPkg == calleePkg, rule: runType===activity|||callerPkg===com.xueqiu.android|||calleePkg===com.xueqiu.android|||calleeClass===com.xueqiu.android.common.MainActivity|||action===null
12-18 21:56:44.695   583   744 I ActivityManager: START u0 {flg=0x14000000 cmp=com.xueqiu.android/.common.MainActivity (has extras)} from uid 10035 on display 0
12-18 21:56:48.826   583  1202 D Interception: result: allow, reason: callerPkg == calleePkg, rule: runType===activity|||callerPkg===com.xueqiu.android|||calleePkg===com.xueqiu.android|||calleeClass===com.xueqiu.android.common.UpdateDialogActivity|||action===null
12-18 21:56:48.826   583  1202 I ActivityManager: START u0 {flg=0x10000000 cmp=com.xueqiu.android/.common.UpdateDialogActivity (has extras)} from uid 10035 on display 0
12-18 21:57:01.885   583   834 D ConnectivityService: listenForNetwork for Listen from uid/pid:10035/1812 for NetworkRequest [ id=4, legacyType=-1, [ Capabilities: INTERNET&NOT_RESTRICTED&TRUSTED] ]
12-18 21:57:01.918   583  1202 D ConnectivityService: listenForNetwork for Listen from uid/pid:10035/1812 for NetworkRequest [ id=5, legacyType=-1, [ Capabilities: INTERNET&NOT_RESTRICTED&TRUSTED] ]
12-18 21:57:01.926   583   667 D ConnectivityService: releasing NetworkRequest NetworkRequest [ id=4, legacyType=-1, [ Capabilities: INTERNET&NOT_RESTRICTED&TRUSTED] ]
12-18 21:57:15.731   583   630 D Interception: result: allow, reason: callerPkg == calleePkg, rule: runType===broadcast|||callerPkg===com.xueqiu.android|||calleePkg===com.xueqiu.android|||calleeClass===com.xueqiu.android.common.push.MiBroadcastReceiver|||action===com.xiaomi.mipush.RECEIVE_MESSAGE
12-18 21:57:15.771   583   853 D Interception: result: allow, reason: calleePkg is running, rule: runType===retrieveService|||callerPkg===android|||calleePkg===com.xueqiu.android|||calleeClass===com.xiaomi.mipush.sdk.MessageHandleService|||action===null
12-18 21:57:16.022   583   630 D Interception: result: allow, reason: callerPkg == calleePkg, rule: runType===broadcast|||callerPkg===com.xueqiu.android|||calleePkg===com.xueqiu.android|||calleeClass===com.xueqiu.android.common.push.MiBroadcastReceiver|||action===com.xiaomi.mipush.RECEIVE_MESSAGE
12-18 21:57:16.024   583  1088 D Interception: result: allow, reason: calleePkg is running, rule: runType===retrieveService|||callerPkg===android|||calleePkg===com.xueqiu.android|||calleeClass===com.xiaomi.mipush.sdk.MessageHandleService|||action===null
12-18 21:57:16.330   583   630 D Interception: result: allow, reason: callerPkg == calleePkg, rule: runType===broadcast|||callerPkg===com.xueqiu.android|||calleePkg===com.xueqiu.android|||calleeClass===com.xueqiu.android.common.push.MiBroadcastReceiver|||action===com.xiaomi.mipush.RECEIVE_MESSAGE
12-18 21:57:16.331   583   833 D Interception: result: allow, reason: calleePkg is running, rule: runType===retrieveService|||callerPkg===android|||calleePkg===com.xueqiu.android|||calleeClass===com.xiaomi.mipush.sdk.MessageHandleService|||action===null
12-18 21:57:16.421   583   630 D Interception: result: allow, reason: callerPkg == calleePkg, rule: runType===broadcast|||callerPkg===com.xueqiu.android|||calleePkg===com.xueqiu.android|||calleeClass===com.xueqiu.android.common.push.MiBroadcastReceiver|||action===com.xiaomi.mipush.RECEIVE_MESSAGE
12-18 21:57:16.423   583  1088 D Interception: result: allow, reason: calleePkg is running, rule: runType===retrieveService|||callerPkg===android|||calleePkg===com.xueqiu.android|||calleeClass===com.xiaomi.mipush.sdk.MessageHandleService|||action===null
12-18 21:57:31.842   583   636 E KernelCpuSpeedReader: Failed to read cpu-freq: /sys/devices/system/cpu/cpu0/cpufreq/stats/time_in_state: open failed: ENOENT (No such file or directory)
12-18 21:57:31.842   583   636 E KernelUidCpuTimeReader: Failed to read uid_cputime: /proc/uid_cputime/show_uid_stat: open failed: ENOENT (No such file or directory)
12-18 21:57:31.854   583   630 D Interception: result: allow, reason: calleePkg is running, rule: runType===broadcast|||callerPkg===android|||calleePkg===com.xueqiu.android|||calleeClass===com.xiaomi.push.service.receivers.PingReceiver|||action===com.xiaomi.push.PING_TIMER
12-18 21:57:34.771   583   636 E KernelCpuSpeedReader: Failed to read cpu-freq: /sys/devices/system/cpu/cpu0/cpufreq/stats/time_in_state: open failed: ENOENT (No such file or directory)
12-18 21:57:34.771   583   636 E KernelUidCpuTimeReader: Failed to read uid_cputime: /proc/uid_cputime/show_uid_stat: open failed: ENOENT (No such file or directory)
12-18 21:57:39.616   583   630 I ProcessStatsService: Prepared write state in 1ms
12-18 21:57:39.616   583   630 I ProcessStatsService: Prepared write state in 0ms
12-18 21:57:39.616   583   630 I ProcessStatsService: Prepared write state in 0ms
12-18 21:57:39.620   583   629 I ProcessStatsService: Pruning old procstats: /data/system/procstats/state-2019-09-18-22-28-11.bin
12-18 21:57:41.881   583   630 E KernelCpuSpeedReader: Failed to read cpu-freq: /sys/devices/system/cpu/cpu0/cpufreq/stats/time_in_state: open failed: ENOENT (No such file or directory)
12-18 21:57:41.881   583   630 E KernelUidCpuTimeReader: Failed to read uid_cputime: /proc/uid_cputime/show_uid_stat: open failed: ENOENT (No such file or directory)
12-18 21:58:34.770   583   636 E KernelCpuSpeedReader: Failed to read cpu-freq: /sys/devices/system/cpu/cpu0/cpufreq/stats/time_in_state: open failed: ENOENT (No such file or directory)
12-18 21:58:34.770   583   636 E KernelUidCpuTimeReader: Failed to read uid_cputime: /proc/uid_cputime/show_uid_stat: open failed: ENOENT (No such file or directory)
12-18 21:58:47.370   583   603 D Interception: result: allow, reason: callerPkg == calleePkg, rule: runType===activity|||callerPkg===com.xueqiu.android|||calleePkg===com.xueqiu.android|||calleeClass===com.xueqiu.android.common.MyProfileActivity|||action===null
12-18 21:58:47.370   583   603 I ActivityManager: START u0 {cmp=com.xueqiu.android/.common.MyProfileActivity} from uid 10035 on display 0
12-18 21:59:34.769   583   630 E KernelCpuSpeedReader: Failed to read cpu-freq: /sys/devices/system/cpu/cpu0/cpufreq/stats/time_in_state: open failed: ENOENT (No such file or directory)
12-18 21:59:34.769   583   630 E KernelUidCpuTimeReader: Failed to read uid_cputime: /proc/uid_cputime/show_uid_stat: open failed: ENOENT (No such file or directory)
12-18 21:59:34.770   583   636 E KernelCpuSpeedReader: Failed to read cpu-freq: /sys/devices/system/cpu/cpu0/cpufreq/stats/time_in_state: open failed: ENOENT (No such file or directory)
12-18 21:59:34.770   583   636 E KernelUidCpuTimeReader: Failed to read uid_cputime: /proc/uid_cputime/show_uid_stat: open failed: ENOENT (No such file or directory)
12-18 22:00:34.770   583   630 E KernelCpuSpeedReader: Failed to read cpu-freq: /sys/devices/system/cpu/cpu0/cpufreq/stats/time_in_state: open failed: ENOENT (No such file or directory)
12-18 22:00:34.770   583   630 E KernelUidCpuTimeReader: Failed to read uid_cputime: /proc/uid_cputime/show_uid_stat: open failed: ENOENT (No such file or directory)
12-18 22:00:34.771   583   636 E KernelCpuSpeedReader: Failed to read cpu-freq: /sys/devices/system/cpu/cpu0/cpufreq/stats/time_in_state: open failed: ENOENT (No such file or directory)
12-18 22:00:34.771   583   636 E KernelUidCpuTimeReader: Failed to read uid_cputime: /proc/uid_cputime/show_uid_stat: open failed: ENOENT (No such file or directory)
12-18 22:01:34.770   583   636 E KernelCpuSpeedReader: Failed to read cpu-freq: /sys/devices/system/cpu/cpu0/cpufreq/stats/time_in_state: open failed: ENOENT (No such file or directory)
12-18 22:01:34.770   583   636 E KernelUidCpuTimeReader: Failed to read uid_cputime: /proc/uid_cputime/show_uid_stat: open failed: ENOENT (No such file or directory)
12-18 22:02:34.770   583   630 E KernelCpuSpeedReader: Failed to read cpu-freq: /sys/devices/system/cpu/cpu0/cpufreq/stats/time_in_state: open failed: ENOENT (No such file or directory)
12-18 22:02:34.770   583   630 E KernelUidCpuTimeReader: Failed to read uid_cputime: /proc/uid_cputime/show_uid_stat: open failed: ENOENT (No such file or directory)
12-18 22:02:34.771   583   636 E KernelCpuSpeedReader: Failed to read cpu-freq: /sys/devices/system/cpu/cpu0/cpufreq/stats/time_in_state: open failed: ENOENT (No such file or directory)
12-18 22:02:34.771   583   636 E KernelUidCpuTimeReader: Failed to read uid_cputime: /proc/uid_cputime/show_uid_stat: open failed: ENOENT (No such file or directory)
12-18 22:03:34.769   583   630 E KernelCpuSpeedReader: Failed to read cpu-freq: /sys/devices/system/cpu/cpu0/cpufreq/stats/time_in_state: open failed: ENOENT (No such file or directory)
12-18 22:03:34.769   583   630 E KernelUidCpuTimeReader: Failed to read uid_cputime: /proc/uid_cputime/show_uid_stat: open failed: ENOENT (No such file or directory)
12-18 22:03:34.770   583   636 E KernelCpuSpeedReader: Failed to read cpu-freq: /sys/devices/system/cpu/cpu0/cpufreq/stats/time_in_state: open failed: ENOENT (No such file or directory)
12-18 22:03:34.770   583   636 E KernelUidCpuTimeReader: Failed to read uid_cputime: /proc/uid_cputime/show_uid_stat: open failed: ENOENT (No such file or directory)
12-18 22:03:42.978   583  1202 I ActivityManager: Force stopping com.xueqiu.android appid=10035 user=0: from pid 2094
12-18 22:03:42.978   583  1202 I ActivityManager: Killing 1876:com.xueqiu.android:pushservice/u0a35 (adj 5): stop com.xueqiu.android
12-18 22:03:42.996   583  1202 D ActivityManager: cleanUpApplicationRecord -- 1876
12-18 22:03:42.997   583  1202 W ActivityManager: Scheduling restart of crashed service com.xueqiu.android/com.xiaomi.push.service.XMPushService in 1000ms
12-18 22:03:42.998   583  1202 I ActivityManager: Killing 1812:com.xueqiu.android/u0a35 (adj 0): stop com.xueqiu.android
12-18 22:03:43.025   583   846 I WindowState: WIN DEATH: Window{8f8d5d0 u0 com.xueqiu.android/com.xueqiu.android.common.MyProfileActivity}
12-18 22:03:43.025   583   833 D ConnectivityService: ConnectivityService NetworkRequestInfo binderDied(NetworkRequest [ id=5, legacyType=-1, [ Capabilities: INTERNET&NOT_RESTRICTED&TRUSTED] ], android.os.BinderProxy@1f899c9)
12-18 22:03:43.025   583  1202 D ActivityManager: cleanUpApplicationRecord -- 1812
12-18 22:03:43.026   583   667 D ConnectivityService: releasing NetworkRequest NetworkRequest [ id=5, legacyType=-1, [ Capabilities: INTERNET&NOT_RESTRICTED&TRUSTED] ]
12-18 22:03:43.027   583  1202 W ActivityManager: Scheduling restart of crashed service com.xueqiu.android/.message.client.MessageService in 10969ms
12-18 22:03:43.028   583  1202 W ActivityManager: Force removing ActivityRecord{4c6a764 u0 com.xueqiu.android/.common.MyProfileActivity t188}: app died, no saved state
12-18 22:03:43.029   583   667 E ConnectivityService: RemoteException caught trying to send a callback msg for NetworkRequest [ id=5, legacyType=-1, [ Capabilities: INTERNET&NOT_RESTRICTED&TRUSTED] ]
12-18 22:03:43.034   583   604 I WindowState: WIN DEATH: Window{69b6d1a u0 com.xueqiu.android/com.xueqiu.android.common.MainActivity}
12-18 22:03:43.049   583  1202 I ActivityManager: Start proc 2107:com.xueqiu.android/u0a35 for activity com.xueqiu.android/.common.MainActivity
12-18 22:03:43.049   583  1202 I ActivityManager:   Force finishing activity ActivityRecord{dfb9910 u0 com.xueqiu.android/.common.MainActivity t188}
12-18 22:03:43.051   583  1202 I ActivityManager:   Force stopping service ServiceRecord{75a3cd6 u0 com.xueqiu.android/com.xiaomi.push.service.XMPushService}
12-18 22:03:43.051   583  1202 I ActivityManager:   Force stopping service ServiceRecord{9a7b6a4 u0 com.xueqiu.android/.message.client.MessageService}
12-18 22:03:43.052   583   630 E KernelCpuSpeedReader: Failed to read cpu-freq: /sys/devices/system/cpu/cpu0/cpufreq/stats/time_in_state: open failed: ENOENT (No such file or directory)
12-18 22:03:43.052   583   630 E KernelUidCpuTimeReader: Failed to read uid_cputime: /proc/uid_cputime/show_uid_stat: open failed: ENOENT (No such file or directory)
12-18 22:03:43.057   583   744 W ActivityManager: Spurious death for ProcessRecord{2ae8ce 0:com.xueqiu.android:pushservice/u0a35}, curProc for 1876: null
12-18 22:03:43.089   583  1088 I ActivityManager: Killing 1093:com.android.keychain/1000 (adj 15): empty for 2161s
12-18 22:03:43.097   583   639 W WindowManager: Attempted to add application window with unknown token Token{f233c09 ActivityRecord{dfb9910 u0 com.xueqiu.android/.common.MainActivity t188 f}}.  Aborting.
12-18 22:03:43.113   583   639 W WindowManager: Exception when adding starting window
12-18 22:03:43.113   583   639 W WindowManager: java.lang.IllegalArgumentException: View=com.android.internal.policy.PhoneWindow$DecorView{5a4b901 V.E...... R.....ID 0,0-0,0} not attached to window manager
12-18 22:03:43.113   583   639 W WindowManager: 	at android.view.WindowManagerGlobal.findViewLocked(WindowManagerGlobal.java:424)
12-18 22:03:43.113   583   639 W WindowManager: 	at android.view.WindowManagerGlobal.removeView(WindowManagerGlobal.java:350)
12-18 22:03:43.113   583   639 W WindowManager: 	at android.view.WindowManagerImpl.removeViewImmediate(WindowManagerImpl.java:116)
12-18 22:03:43.113   583   639 W WindowManager: 	at com.android.server.policy.PhoneWindowManager.addStartingWindow(PhoneWindowManager.java:2489)
12-18 22:03:43.113   583   639 W WindowManager: 	at com.android.server.wm.WindowManagerService$H.handleMessage(WindowManagerService.java:7988)
12-18 22:03:43.113   583   639 W WindowManager: 	at android.os.Handler.dispatchMessage(Handler.java:102)
12-18 22:03:43.113   583   639 W WindowManager: 	at android.os.Looper.loop(Looper.java:148)
12-18 22:03:43.113   583   639 W WindowManager: 	at android.os.HandlerThread.run(HandlerThread.java:61)
12-18 22:03:43.113   583   639 W WindowManager: 	at com.android.server.ServiceThread.run(ServiceThread.java:46)
12-18 22:03:43.113   583  2105 D ActivityManager: cleanUpApplicationRecord -- 1093
12-18 22:03:43.115   583   630 D Interception: result: allow, reason: calleePkg is system app, rule: runType===broadcast|||callerPkg===android|||calleePkg===com.mumu.acc|||calleeClass===com.mumu.acc.AccMsgReceiver|||action===uu.intent.action.STOP_ACCELERATE
12-18 22:03:43.126   583   876 I com.android.server.tabs.TabManagerService: notifyClosing:725: notify tab closed in android as it's closed task com.xueqiu.android, taskId: 188, elapseTime: 422622
12-18 22:03:43.167   583  1202 W InputMethodManagerService: Got RemoteException sending setActive(false) notification to pid 1812 uid 10035
12-18 22:03:43.180   583   853 D PackageManager: trimGetPackagesForUid uid = 10035 result = [com.xueqiu.android]
12-18 22:03:43.659   583   654 D Interception: result: allow, reason: calleePkg is system app, rule: runType===activity|||callerPkg===android|||calleePkg===com.mumu.launcher|||calleeClass===com.mumu.launcher.Launcher|||action===android.intent.action.MAIN
12-18 22:03:43.659   583   654 I ActivityManager: START u0 {act=android.intent.action.MAIN cat=[android.intent.category.HOME] flg=0x10200000 cmp=com.mumu.launcher/.Launcher (has extras)} from uid 1000 on display 0
12-18 22:03:43.886   583   853 W WindowManager: Attempted to remove non-existing token: android.os.Binder@d9bc577
12-18 22:03:44.132   583  1088 W ActivityManager: Invalid packageName: io.appium.unlock
12-18 22:03:51.749   583   853 I ActivityManager: Force stopping com.xueqiu.android appid=10035 user=0: from pid 2239
12-18 22:03:51.749   583   853 I ActivityManager: Killing 2107:com.xueqiu.android/u0a35 (adj 9): stop com.xueqiu.android
12-18 22:03:51.766   583   853 D ActivityManager: cleanUpApplicationRecord -- 2107
12-18 22:03:51.768   583   744 W ActivityManager: Spurious death for ProcessRecord{95e8739 0:com.xueqiu.android/u0a35}, curProc for 2107: null
12-18 22:03:52.200   583   604 I ActivityManager: Force stopping com.xueqiu.android appid=10035 user=0: clear data
12-18 22:03:52.200   583   604 I ActivityManager: Force stopping com.xueqiu.android appid=10035 user=0: from pid 583
12-18 22:03:52.201   583   630 D Interception: result: allow, reason: calleePkg is system app, rule: runType===broadcast|||callerPkg===android|||calleePkg===com.android.documentsui|||calleeClass===com.android.documentsui.PackageReceiver|||action===android.intent.action.PACKAGE_DATA_CLEARED
12-18 22:03:52.302   583   645 D Interception: result: allow, reason: calleePkg is system app, rule: runType===retrieveService|||callerPkg===android|||calleePkg===com.android.defcontainer|||calleeClass===com.android.defcontainer.DefaultContainerService|||action===null
12-18 22:03:52.568   583  1088 D VoldConnector: SND -> {10 volume remount_uid 10035 default}
12-18 22:03:52.570   195   210 D vold    : Remounting 10035 as mode default
12-18 22:03:52.571   583   657 D VoldConnector: RCV <- {200 10 Command succeeded}
12-18 22:03:53.842   583  1088 D VoldConnector: SND -> {11 volume remount_uid 10035 write}
12-18 22:03:53.842   195   210 D vold    : Remounting 10035 as mode write
12-18 22:03:53.843   583   657 D VoldConnector: RCV <- {200 11 Command succeeded}
12-18 22:03:55.197   583   604 I ActivityManager: Force stopping com.xueqiu.android appid=10035 user=0: from pid 2396
12-18 22:03:55.449   583   834 D Interception: result: allow, reason: runType is activity, rule: runType===activity|||callerPkg===android|||calleePkg===com.xueqiu.android|||calleeClass===com.xueqiu.android.view.WelcomeActivityAlias|||action===null
12-18 22:03:55.449   583   834 I ActivityManager: START u0 {flg=0x10000000 cmp=com.xueqiu.android/.view.WelcomeActivityAlias} from uid 0 on display 0
12-18 22:03:55.466   583   876 I ActivityManager: Start proc 2406:com.xueqiu.android/u0a35 for activity com.xueqiu.android/.view.WelcomeActivityAlias
12-18 22:03:55.492   583  1202 D PackageManager: trimGetPackagesForUid uid = 10035 result = [com.xueqiu.android]
12-18 22:03:55.495   583   876 D com.android.server.tabs.TabManagerService: hideOrRestoreDiskFileIfNeeded:518: hide or restore disk files for package: com.xueqiu.android
12-18 22:03:55.496   583   876 D com.android.server.tabs.TabManagerService: hideOrRestoreDiskFileIfNeeded:546: need to restore file from: /init.cancro_x64.rc.bak, to: /init.cancro_x64.rc
12-18 22:03:55.496   583   876 D com.android.server.tabs.TabManagerService: hideOrRestoreDiskFileIfNeeded:546: need to restore file from: /init.cancro.rc.bak, to: /init.cancro.rc
12-18 22:03:55.496   583   876 D com.android.server.tabs.TabManagerService: hideOrRestoreDiskFileIfNeeded:546: need to restore file from: /storage/emulated/0/MuMu共享文件夹.sharedFolder, to: /storage/emulated/0/$MuMu共享文件夹
12-18 22:03:55.496   583   876 D com.android.server.tabs.TabManagerService: hideOrRestoreDiskFileIfNeeded:552: src files: [/init.cancro_x64.rc.bak, /init.cancro.rc.bak, /storage/emulated/0/MuMu共享文件夹.sharedFolder]
12-18 22:03:55.496   583   876 D com.android.server.tabs.TabManagerService: hideOrRestoreDiskFileIfNeeded:553: des files: [/init.cancro_x64.rc, /init.cancro.rc, /storage/emulated/0/$MuMu共享文件夹]
12-18 22:03:55.586   583   876 I com.android.server.tabs.TabManagerService: notifyOpening:440: notify tab opened in android as it's new task com.xueqiu.android, appName: 雪球, taskId: 189, firstActiveTime: 1576677835488
12-18 22:03:55.587   583   630 D Interception: result: allow, reason: calleePkg is system app, rule: runType===broadcast|||callerPkg===android|||calleePkg===com.mumu.acc|||calleeClass===com.mumu.acc.AccMsgReceiver|||action===nemu.intent.action.NEW_TASK
12-18 22:03:56.560   583   833 D Interception: result: allow, reason: calleePkg is running, rule: runType===retrieveService|||callerPkg===android|||calleePkg===com.xueqiu.android|||calleeClass===com.xiaomi.push.service.XMPushService|||action===null
12-18 22:03:56.571   583   833 I ActivityManager: Start proc 2471:com.xueqiu.android:pushservice/u0a35 for service com.xueqiu.android/com.xiaomi.push.service.XMPushService
12-18 22:03:56.591   583   744 D PackageManager: trimGetPackagesForUid uid = 10035 result = [com.xueqiu.android]
12-18 22:03:57.692   583   842 D Interception: result: allow, reason: calleePkg is running, rule: runType===retrieveService|||callerPkg===android|||calleePkg===com.xueqiu.android|||calleeClass===com.xueqiu.android.message.client.MessageService|||action===null
12-18 22:03:58.627   583   842 D Interception: result: allow, reason: callerPkg == calleePkg, rule: runType===activity|||callerPkg===com.xueqiu.android|||calleePkg===com.xueqiu.android|||calleeClass===com.xueqiu.android.common.MainActivity|||action===null
12-18 22:03:58.627   583   842 I ActivityManager: START u0 {flg=0x14000000 cmp=com.xueqiu.android/.common.MainActivity (has extras)} from uid 10035 on display 0
12-18 22:04:02.693   583  1202 D Interception: result: allow, reason: callerPkg == calleePkg, rule: runType===activity|||callerPkg===com.xueqiu.android|||calleePkg===com.xueqiu.android|||calleeClass===com.xueqiu.android.common.UpdateDialogActivity|||action===null
12-18 22:04:02.693   583  1202 I ActivityManager: START u0 {flg=0x10000000 cmp=com.xueqiu.android/.common.UpdateDialogActivity (has extras)} from uid 10035 on display 0
12-18 22:04:13.013   583   834 D ConnectivityService: listenForNetwork for Listen from uid/pid:10035/2406 for NetworkRequest [ id=6, legacyType=-1, [ Capabilities: INTERNET&NOT_RESTRICTED&TRUSTED] ]
12-18 22:04:13.084   583  2105 D ConnectivityService: listenForNetwork for Listen from uid/pid:10035/2406 for NetworkRequest [ id=7, legacyType=-1, [ Capabilities: INTERNET&NOT_RESTRICTED&TRUSTED] ]
12-18 22:04:13.090   583   667 D ConnectivityService: releasing NetworkRequest NetworkRequest [ id=6, legacyType=-1, [ Capabilities: INTERNET&NOT_RESTRICTED&TRUSTED] ]
12-18 22:04:17.873   583   604 D Interception: result: allow, reason: callerPkg == calleePkg, rule: runType===activity|||callerPkg===com.xueqiu.android|||calleePkg===com.xueqiu.android|||calleeClass===com.xueqiu.android.common.MyProfileActivity|||action===null
12-18 22:04:17.878   583   604 I ActivityManager: START u0 {cmp=com.xueqiu.android/.common.MyProfileActivity} from uid 10035 on display 0
12-18 22:04:29.964   583   630 D Interception: result: allow, reason: callerPkg == calleePkg, rule: runType===broadcast|||callerPkg===com.xueqiu.android|||calleePkg===com.xueqiu.android|||calleeClass===com.xueqiu.android.common.push.MiBroadcastReceiver|||action===com.xiaomi.mipush.RECEIVE_MESSAGE
12-18 22:04:29.967   583  1088 D Interception: result: allow, reason: calleePkg is running, rule: runType===retrieveService|||callerPkg===android|||calleePkg===com.xueqiu.android|||calleeClass===com.xiaomi.mipush.sdk.MessageHandleService|||action===null
12-18 22:04:30.043   583   630 D Interception: result: allow, reason: callerPkg == calleePkg, rule: runType===broadcast|||callerPkg===com.xueqiu.android|||calleePkg===com.xueqiu.android|||calleeClass===com.xueqiu.android.common.push.MiBroadcastReceiver|||action===com.xiaomi.mipush.RECEIVE_MESSAGE
12-18 22:04:30.044   583  1088 D Interception: result: allow, reason: calleePkg is running, rule: runType===retrieveService|||callerPkg===android|||calleePkg===com.xueqiu.android|||calleeClass===com.xiaomi.mipush.sdk.MessageHandleService|||action===null
12-18 22:04:30.452   583   630 D Interception: result: allow, reason: callerPkg == calleePkg, rule: runType===broadcast|||callerPkg===com.xueqiu.android|||calleePkg===com.xueqiu.android|||calleeClass===com.xueqiu.android.common.push.MiBroadcastReceiver|||action===com.xiaomi.mipush.RECEIVE_MESSAGE
12-18 22:04:30.454   583   853 D Interception: result: allow, reason: calleePkg is running, rule: runType===retrieveService|||callerPkg===android|||calleePkg===com.xueqiu.android|||calleeClass===com.xiaomi.mipush.sdk.MessageHandleService|||action===null
12-18 22:04:30.480   583   630 D Interception: result: allow, reason: callerPkg == calleePkg, rule: runType===broadcast|||callerPkg===com.xueqiu.android|||calleePkg===com.xueqiu.android|||calleeClass===com.xueqiu.android.common.push.MiBroadcastReceiver|||action===com.xiaomi.mipush.RECEIVE_MESSAGE
12-18 22:04:30.481   583  1088 D Interception: result: allow, reason: calleePkg is running, rule: runType===retrieveService|||callerPkg===android|||calleePkg===com.xueqiu.android|||calleeClass===com.xiaomi.mipush.sdk.MessageHandleService|||action===null
12-18 22:04:32.414   583  1202 I ActivityManager: Force stopping com.xueqiu.android appid=10035 user=0: from pid 2653
12-18 22:04:32.420   583  1202 I ActivityManager: Killing 2471:com.xueqiu.android:pushservice/u0a35 (adj 5): stop com.xueqiu.android
12-18 22:04:32.447   583  1202 D ActivityManager: cleanUpApplicationRecord -- 2471
12-18 22:04:32.448   583  1202 W ActivityManager: Scheduling restart of crashed service com.xueqiu.android/com.xiaomi.push.service.XMPushService in 1000ms
12-18 22:04:32.448   583  1202 I ActivityManager: Killing 2406:com.xueqiu.android/u0a35 (adj 0): stop com.xueqiu.android
12-18 22:04:32.479   583  1202 D ActivityManager: cleanUpApplicationRecord -- 2406
12-18 22:04:32.480   583   842 I WindowState: WIN DEATH: Window{77b57ec u0 com.xueqiu.android/com.xueqiu.android.common.MainActivity}
12-18 22:04:32.481   583  1202 W ActivityManager: Scheduling restart of crashed service com.xueqiu.android/.message.client.MessageService in 10966ms
12-18 22:04:32.481   583  1202 W ActivityManager: Force removing ActivityRecord{2f222f2 u0 com.xueqiu.android/.common.MainActivity t189}: app died, no saved state
12-18 22:04:32.495   583   604 D ConnectivityService: ConnectivityService NetworkRequestInfo binderDied(NetworkRequest [ id=7, legacyType=-1, [ Capabilities: INTERNET&NOT_RESTRICTED&TRUSTED] ], android.os.BinderProxy@fa52967)
12-18 22:04:32.495   583   667 D ConnectivityService: releasing NetworkRequest NetworkRequest [ id=7, legacyType=-1, [ Capabilities: INTERNET&NOT_RESTRICTED&TRUSTED] ]
12-18 22:04:32.496   583   667 E ConnectivityService: RemoteException caught trying to send a callback msg for NetworkRequest [ id=7, legacyType=-1, [ Capabilities: INTERNET&NOT_RESTRICTED&TRUSTED] ]
12-18 22:04:32.502   583  1202 I ActivityManager:   Force stopping service ServiceRecord{697373a u0 com.xueqiu.android/com.xiaomi.push.service.XMPushService}
12-18 22:04:32.502   583  1202 I ActivityManager:   Force stopping service ServiceRecord{73c0666 u0 com.xueqiu.android/.message.client.MessageService}
12-18 22:04:32.506   583   853 W ActivityManager: Spurious death for ProcessRecord{89a3314 0:com.xueqiu.android:pushservice/u0a35}, curProc for 2471: null
12-18 22:04:32.508   583   846 W ActivityManager: Spurious death for ProcessRecord{ab007bd 0:com.xueqiu.android/u0a35}, curProc for 2406: null
12-18 22:04:32.539   583   630 D Interception: result: allow, reason: calleePkg is system app, rule: runType===broadcast|||callerPkg===android|||calleePkg===com.mumu.acc|||calleeClass===com.mumu.acc.AccMsgReceiver|||action===uu.intent.action.STOP_ACCELERATE
12-18 22:04:32.568   583  1202 I com.android.server.tabs.TabManagerService: notifyClosing:725: notify tab closed in android as it's closed task com.xueqiu.android, taskId: 189, elapseTime: 37051
12-18 22:04:32.594   583  2664 W InputMethodManagerService: Got RemoteException sending setActive(false) notification to pid 2406 uid 10035
12-18 22:04:32.939   583   654 D Interception: result: allow, reason: calleePkg is system app, rule: runType===activity|||callerPkg===android|||calleePkg===com.mumu.launcher|||calleeClass===com.mumu.launcher.Launcher|||action===android.intent.action.MAIN
12-18 22:04:32.939   583   654 I ActivityManager: START u0 {act=android.intent.action.MAIN cat=[android.intent.category.HOME] flg=0x10200000 cmp=com.mumu.launcher/.Launcher (has extras)} from uid 1000 on display 0
12-18 22:04:33.164   583  2105 W WindowManager: Attempted to remove non-existing token: android.os.Binder@d11d78a
12-18 22:04:33.579   583   834 W ActivityManager: Invalid packageName: io.appium.unlock
12-18 22:04:34.786   583   636 E KernelCpuSpeedReader: Failed to read cpu-freq: /sys/devices/system/cpu/cpu0/cpufreq/stats/time_in_state: open failed: ENOENT (No such file or directory)
12-18 22:04:34.786   583   636 E KernelUidCpuTimeReader: Failed to read uid_cputime: /proc/uid_cputime/show_uid_stat: open failed: ENOENT (No such file or directory)
12-18 22:04:44.241   583  2105 I ActivityManager: Force stopping com.xueqiu.android appid=10035 user=0: from pid 2744
12-18 22:04:44.640   583  1088 I ActivityManager: Force stopping com.xueqiu.android appid=10035 user=0: clear data
12-18 22:04:44.641   583  1088 I ActivityManager: Force stopping com.xueqiu.android appid=10035 user=0: from pid 583
12-18 22:04:44.642   583   630 D Interception: result: allow, reason: calleePkg is system app, rule: runType===broadcast|||callerPkg===android|||calleePkg===com.android.documentsui|||calleeClass===com.android.documentsui.PackageReceiver|||action===android.intent.action.PACKAGE_DATA_CLEARED
12-18 22:04:44.713   583   645 D Interception: result: allow, reason: calleePkg is system app, rule: runType===retrieveService|||callerPkg===android|||calleePkg===com.android.defcontainer|||calleeClass===com.android.defcontainer.DefaultContainerService|||action===null
12-18 22:04:44.931   583   604 D VoldConnector: SND -> {12 volume remount_uid 10035 default}
12-18 22:04:44.934   195   210 D vold    : Remounting 10035 as mode default
12-18 22:04:44.934   583   657 D VoldConnector: RCV <- {200 12 Command succeeded}
12-18 22:04:46.075   583   842 D VoldConnector: SND -> {13 volume remount_uid 10035 write}
12-18 22:04:46.075   195   210 D vold    : Remounting 10035 as mode write
12-18 22:04:46.076   583   657 D VoldConnector: RCV <- {200 13 Command succeeded}
12-18 22:04:47.422   583  2105 I ActivityManager: Force stopping com.xueqiu.android appid=10035 user=0: from pid 2900
12-18 22:04:47.673   583   853 D Interception: result: allow, reason: runType is activity, rule: runType===activity|||callerPkg===android|||calleePkg===com.xueqiu.android|||calleeClass===com.xueqiu.android.view.WelcomeActivityAlias|||action===null
12-18 22:04:47.673   583   853 I ActivityManager: START u0 {flg=0x10000000 cmp=com.xueqiu.android/.view.WelcomeActivityAlias} from uid 0 on display 0
12-18 22:04:47.692   583   834 I ActivityManager: Start proc 2910:com.xueqiu.android/u0a35 for activity com.xueqiu.android/.view.WelcomeActivityAlias
12-18 22:04:47.693   583   630 E KernelCpuSpeedReader: Failed to read cpu-freq: /sys/devices/system/cpu/cpu0/cpufreq/stats/time_in_state: open failed: ENOENT (No such file or directory)
12-18 22:04:47.695   583   630 E KernelUidCpuTimeReader: Failed to read uid_cputime: /proc/uid_cputime/show_uid_stat: open failed: ENOENT (No such file or directory)
12-18 22:04:47.742   583   744 D PackageManager: trimGetPackagesForUid uid = 10035 result = [com.xueqiu.android]
12-18 22:04:47.749   583  2105 D com.android.server.tabs.TabManagerService: hideOrRestoreDiskFileIfNeeded:518: hide or restore disk files for package: com.xueqiu.android
12-18 22:04:47.749   583  2105 D com.android.server.tabs.TabManagerService: hideOrRestoreDiskFileIfNeeded:546: need to restore file from: /init.cancro_x64.rc.bak, to: /init.cancro_x64.rc
12-18 22:04:47.749   583  2105 D com.android.server.tabs.TabManagerService: hideOrRestoreDiskFileIfNeeded:546: need to restore file from: /init.cancro.rc.bak, to: /init.cancro.rc
12-18 22:04:47.749   583  2105 D com.android.server.tabs.TabManagerService: hideOrRestoreDiskFileIfNeeded:546: need to restore file from: /storage/emulated/0/MuMu共享文件夹.sharedFolder, to: /storage/emulated/0/$MuMu共享文件夹
12-18 22:04:47.749   583  2105 D com.android.server.tabs.TabManagerService: hideOrRestoreDiskFileIfNeeded:552: src files: [/init.cancro_x64.rc.bak, /init.cancro.rc.bak, /storage/emulated/0/MuMu共享文件夹.sharedFolder]
12-18 22:04:47.749   583  2105 D com.android.server.tabs.TabManagerService: hideOrRestoreDiskFileIfNeeded:553: des files: [/init.cancro_x64.rc, /init.cancro.rc, /storage/emulated/0/$MuMu共享文件夹]
12-18 22:04:47.821   583   630 D Interception: result: allow, reason: calleePkg is system app, rule: runType===broadcast|||callerPkg===android|||calleePkg===com.mumu.acc|||calleeClass===com.mumu.acc.AccMsgReceiver|||action===nemu.intent.action.NEW_TASK
12-18 22:04:47.830   583  2105 I com.android.server.tabs.TabManagerService: notifyOpening:440: notify tab opened in android as it's new task com.xueqiu.android, appName: 雪球, taskId: 190, firstActiveTime: 1576677887730
12-18 22:04:48.850   583   846 D Interception: result: allow, reason: calleePkg is running, rule: runType===retrieveService|||callerPkg===android|||calleePkg===com.xueqiu.android|||calleeClass===com.xiaomi.push.service.XMPushService|||action===null
12-18 22:04:48.861   583   846 I ActivityManager: Start proc 2974:com.xueqiu.android:pushservice/u0a35 for service com.xueqiu.android/com.xiaomi.push.service.XMPushService
12-18 22:04:48.890   583   842 D PackageManager: trimGetPackagesForUid uid = 10035 result = [com.xueqiu.android]
12-18 22:04:50.557   583  1202 D Interception: result: allow, reason: calleePkg is running, rule: runType===retrieveService|||callerPkg===android|||calleePkg===com.xueqiu.android|||calleeClass===com.xueqiu.android.message.client.MessageService|||action===null
12-18 22:04:51.405   583   604 D Interception: result: allow, reason: callerPkg == calleePkg, rule: runType===activity|||callerPkg===com.xueqiu.android|||calleePkg===com.xueqiu.android|||calleeClass===com.xueqiu.android.common.MainActivity|||action===null
12-18 22:04:51.405   583   604 I ActivityManager: START u0 {flg=0x14000000 cmp=com.xueqiu.android/.common.MainActivity (has extras)} from uid 10035 on display 0
12-18 22:04:55.587   583   834 D Interception: result: allow, reason: callerPkg == calleePkg, rule: runType===activity|||callerPkg===com.xueqiu.android|||calleePkg===com.xueqiu.android|||calleeClass===com.xueqiu.android.common.UpdateDialogActivity|||action===null
12-18 22:04:55.587   583   834 I ActivityManager: START u0 {flg=0x10000000 cmp=com.xueqiu.android/.common.UpdateDialogActivity (has extras)} from uid 10035 on display 0
12-18 22:05:07.098   583  2105 D ConnectivityService: listenForNetwork for Listen from uid/pid:10035/2910 for NetworkRequest [ id=8, legacyType=-1, [ Capabilities: INTERNET&NOT_RESTRICTED&TRUSTED] ]
12-18 22:05:07.139   583   833 D ConnectivityService: listenForNetwork for Listen from uid/pid:10035/2910 for NetworkRequest [ id=9, legacyType=-1, [ Capabilities: INTERNET&NOT_RESTRICTED&TRUSTED] ]
12-18 22:05:07.143   583   667 D ConnectivityService: releasing NetworkRequest NetworkRequest [ id=8, legacyType=-1, [ Capabilities: INTERNET&NOT_RESTRICTED&TRUSTED] ]
12-18 22:05:22.225   583   630 D Interception: result: allow, reason: callerPkg == calleePkg, rule: runType===broadcast|||callerPkg===com.xueqiu.android|||calleePkg===com.xueqiu.android|||calleeClass===com.xueqiu.android.common.push.MiBroadcastReceiver|||action===com.xiaomi.mipush.RECEIVE_MESSAGE
12-18 22:05:22.235   583   846 D Interception: result: allow, reason: calleePkg is running, rule: runType===retrieveService|||callerPkg===android|||calleePkg===com.xueqiu.android|||calleeClass===com.xiaomi.mipush.sdk.MessageHandleService|||action===null
12-18 22:05:22.339   583   630 D Interception: result: allow, reason: callerPkg == calleePkg, rule: runType===broadcast|||callerPkg===com.xueqiu.android|||calleePkg===com.xueqiu.android|||calleeClass===com.xueqiu.android.common.push.MiBroadcastReceiver|||action===com.xiaomi.mipush.RECEIVE_MESSAGE
12-18 22:05:22.346   583   833 D Interception: result: allow, reason: calleePkg is running, rule: runType===retrieveService|||callerPkg===android|||calleePkg===com.xueqiu.android|||calleeClass===com.xiaomi.mipush.sdk.MessageHandleService|||action===null
12-18 22:05:22.827   583   630 D Interception: result: allow, reason: callerPkg == calleePkg, rule: runType===broadcast|||callerPkg===com.xueqiu.android|||calleePkg===com.xueqiu.android|||calleeClass===com.xueqiu.android.common.push.MiBroadcastReceiver|||action===com.xiaomi.mipush.RECEIVE_MESSAGE
12-18 22:05:22.833   583   744 D Interception: result: allow, reason: calleePkg is running, rule: runType===retrieveService|||callerPkg===android|||calleePkg===com.xueqiu.android|||calleeClass===com.xiaomi.mipush.sdk.MessageHandleService|||action===null
12-18 22:05:22.833   583  1202 D Interception: result: allow, reason: callerPkg == calleePkg, rule: runType===broadcast|||callerPkg===com.xueqiu.android|||calleePkg===com.xueqiu.android|||calleeClass===com.xueqiu.android.common.push.MiBroadcastReceiver|||action===com.xiaomi.mipush.RECEIVE_MESSAGE
12-18 22:05:27.347   583   833 D Interception: result: allow, reason: callerPkg == calleePkg, rule: runType===activity|||callerPkg===com.xueqiu.android|||calleePkg===com.xueqiu.android|||calleeClass===com.xueqiu.android.common.MyProfileActivity|||action===null
12-18 22:05:27.349   583   833 I ActivityManager: START u0 {cmp=com.xueqiu.android/.common.MyProfileActivity} from uid 10035 on display 0
12-18 22:05:34.795   583   636 E KernelCpuSpeedReader: Failed to read cpu-freq: /sys/devices/system/cpu/cpu0/cpufreq/stats/time_in_state: open failed: ENOENT (No such file or directory)
12-18 22:05:34.795   583   636 E KernelUidCpuTimeReader: Failed to read uid_cputime: /proc/uid_cputime/show_uid_stat: open failed: ENOENT (No such file or directory)
