12-18 22:17:36.942   583  1088 W ActivityManager: Scheduling restart of crashed service com.xueqiu.android/com.xiaomi.push.service.XMPushService in 1000ms
12-18 22:17:36.943   583  1088 I ActivityManager: Killing 4923:com.xueqiu.android/u0a35 (adj 0): stop com.xueqiu.android
12-18 22:17:36.974   583  1202 I WindowState: WIN DEATH: Window{6efc420 u0 com.xueqiu.android/com.xueqiu.android.common.MainActivity}
12-18 22:17:36.983   583  1088 D ActivityManager: cleanUpApplicationRecord -- 4923
12-18 22:17:36.983   583  1088 W ActivityManager: Scheduling restart of crashed service com.xueqiu.android/.message.client.MessageService in 10959ms
12-18 22:17:36.983   583  1088 W ActivityManager: Force removing ActivityRecord{cc89a02 u0 com.xueqiu.android/.common.MyProfileActivity t194}: app died, no saved state
12-18 22:17:36.984   583   833 I WindowState: WIN DEATH: Window{c2a544e u0 com.xueqiu.android/com.xueqiu.android.common.MyProfileActivity}
12-18 22:17:36.999   583  1088 I ActivityManager: Start proc 5197:com.xueqiu.android/u0a35 for activity com.xueqiu.android/.common.MainActivity
12-18 22:17:36.999   583  1088 I ActivityManager:   Force finishing activity ActivityRecord{ec2c5c6 u0 com.xueqiu.android/.common.MainActivity t194}
12-18 22:17:37.005   583  1088 I ActivityManager:   Force stopping service ServiceRecord{cb3cdbc u0 com.xueqiu.android/com.xiaomi.push.service.XMPushService}
12-18 22:17:37.005   583  1088 I ActivityManager:   Force stopping service ServiceRecord{8c263fa u0 com.xueqiu.android/.message.client.MessageService}
12-18 22:17:37.010   583   630 E KernelCpuSpeedReader: Failed to read cpu-freq: /sys/devices/system/cpu/cpu0/cpufreq/stats/time_in_state: open failed: ENOENT (No such file or directory)
12-18 22:17:37.010   583   630 E KernelUidCpuTimeReader: Failed to read uid_cputime: /proc/uid_cputime/show_uid_stat: open failed: ENOENT (No such file or directory)
12-18 22:17:37.022   583   876 W ActivityManager: Spurious death for ProcessRecord{2db675a 0:com.xueqiu.android:pushservice/u0a35}, curProc for 4987: null
12-18 22:17:37.022   583   603 W ActivityManager: Spurious death for ProcessRecord{a849d8b 0:com.xueqiu.android/u0a35}, curProc for 4923: null
12-18 22:17:37.029   583   639 W WindowManager: Attempted to add application window with unknown token Token{e54b987 ActivityRecord{ec2c5c6 u0 com.xueqiu.android/.common.MainActivity t194 f}}.  Aborting.
12-18 22:17:37.040   583   639 W WindowManager: Exception when adding starting window
12-18 22:17:37.040   583   639 W WindowManager: java.lang.IllegalArgumentException: View=com.android.internal.policy.PhoneWindow$DecorView{91f87b2 V.E...... R.....ID 0,0-0,0} not attached to window manager
12-18 22:17:37.040   583   639 W WindowManager: 	at android.view.WindowManagerGlobal.findViewLocked(WindowManagerGlobal.java:424)
12-18 22:17:37.040   583   639 W WindowManager: 	at android.view.WindowManagerGlobal.removeView(WindowManagerGlobal.java:350)
12-18 22:17:37.040   583   639 W WindowManager: 	at android.view.WindowManagerImpl.removeViewImmediate(WindowManagerImpl.java:116)
12-18 22:17:37.040   583   639 W WindowManager: 	at com.android.server.policy.PhoneWindowManager.addStartingWindow(PhoneWindowManager.java:2489)
12-18 22:17:37.040   583   639 W WindowManager: 	at com.android.server.wm.WindowManagerService$H.handleMessage(WindowManagerService.java:7988)
12-18 22:17:37.040   583   639 W WindowManager: 	at android.os.Handler.dispatchMessage(Handler.java:102)
12-18 22:17:37.040   583   639 W WindowManager: 	at android.os.Looper.loop(Looper.java:148)
12-18 22:17:37.040   583   639 W WindowManager: 	at android.os.HandlerThread.run(HandlerThread.java:61)
12-18 22:17:37.040   583   639 W WindowManager: 	at com.android.server.ServiceThread.run(ServiceThread.java:46)
12-18 22:17:37.054   583   630 D Interception: result: allow, reason: calleePkg is system app, rule: runType===broadcast|||callerPkg===android|||calleePkg===com.mumu.acc|||calleeClass===com.mumu.acc.AccMsgReceiver|||action===uu.intent.action.STOP_ACCELERATE
12-18 22:17:37.056   583   842 I com.android.server.tabs.TabManagerService: notifyClosing:725: notify tab closed in android as it's closed task com.xueqiu.android, taskId: 194, elapseTime: 20553
12-18 22:17:37.107   583   876 W InputMethodManagerService: Got RemoteException sending setActive(false) notification to pid 4923 uid 10035
12-18 22:17:37.108   583  3712 D PackageManager: trimGetPackagesForUid uid = 10035 result = [com.xueqiu.android]
12-18 22:17:37.558   583   744 I ActivityManager: Force stopping com.xueqiu.android appid=10035 user=0: clear data
12-18 22:17:37.558   583   744 I ActivityManager: Killing 5197:com.xueqiu.android/u0a35 (adj 9): stop com.xueqiu.android
12-18 22:17:37.594   583   744 D ActivityManager: cleanUpApplicationRecord -- 5197
12-18 22:17:37.594   583   744 I ActivityManager: Force stopping com.xueqiu.android appid=10035 user=0: from pid 583
12-18 22:17:37.594   583   630 D Interception: result: allow, reason: calleePkg is system app, rule: runType===broadcast|||callerPkg===android|||calleePkg===com.android.documentsui|||calleeClass===com.android.documentsui.PackageReceiver|||action===android.intent.action.PACKAGE_DATA_CLEARED
12-18 22:17:37.596   583   876 W ActivityManager: Spurious death for ProcessRecord{323bf75 0:com.xueqiu.android/u0a35}, curProc for 5197: null
12-18 22:17:37.620   583   645 D Interception: result: allow, reason: calleePkg is system app, rule: runType===retrieveService|||callerPkg===android|||calleePkg===com.android.defcontainer|||calleeClass===com.android.defcontainer.DefaultContainerService|||action===null
12-18 22:17:37.863   583  3712 D VoldConnector: SND -> {22 volume remount_uid 10035 default}
12-18 22:17:37.864   195   210 D vold    : Remounting 10035 as mode default
12-18 22:17:37.866   583   657 D VoldConnector: RCV <- {200 22 Command succeeded}
12-18 22:17:39.228   583   842 D VoldConnector: SND -> {23 volume remount_uid 10035 write}
12-18 22:17:39.228   195   210 D vold    : Remounting 10035 as mode write
12-18 22:17:39.228   583   657 D VoldConnector: RCV <- {200 23 Command succeeded}
12-18 22:17:40.337   583  1088 W WindowManager: Attempted to remove non-existing token: android.os.Binder@ff20cde
12-18 22:17:40.636   583  3712 I ActivityManager: Force stopping com.xueqiu.android appid=10035 user=0: from pid 5359
12-18 22:17:41.158   583   654 D Interception: result: allow, reason: calleePkg is system app, rule: runType===activity|||callerPkg===android|||calleePkg===com.mumu.launcher|||calleeClass===com.mumu.launcher.Launcher|||action===android.intent.action.MAIN
12-18 22:17:41.158   583   654 I ActivityManager: START u0 {act=android.intent.action.MAIN cat=[android.intent.category.HOME] flg=0x10200000 cmp=com.mumu.launcher/.Launcher (has extras)} from uid 1000 on display 0
12-18 22:17:42.123   583   842 W ActivityManager: Invalid packageName: io.appium.unlock
12-18 22:17:42.881   583  2105 I ActivityManager: Force stopping com.xueqiu.android appid=10035 user=0: from pid 5414
12-18 22:17:43.133   583   833 D Interception: result: allow, reason: runType is activity, rule: runType===activity|||callerPkg===android|||calleePkg===com.xueqiu.android|||calleeClass===com.xueqiu.android.view.WelcomeActivityAlias|||action===null
12-18 22:17:43.133   583   833 I ActivityManager: START u0 {flg=0x10000000 cmp=com.xueqiu.android/.view.WelcomeActivityAlias} from uid 0 on display 0
12-18 22:17:43.153   583  2664 I ActivityManager: Start proc 5424:com.xueqiu.android/u0a35 for activity com.xueqiu.android/.view.WelcomeActivityAlias
12-18 22:17:43.200   583  2664 D PackageManager: trimGetPackagesForUid uid = 10035 result = [com.xueqiu.android]
12-18 22:17:43.207   583  1202 D com.android.server.tabs.TabManagerService: hideOrRestoreDiskFileIfNeeded:518: hide or restore disk files for package: com.xueqiu.android
12-18 22:17:43.207   583  1202 D com.android.server.tabs.TabManagerService: hideOrRestoreDiskFileIfNeeded:546: need to restore file from: /init.cancro_x64.rc.bak, to: /init.cancro_x64.rc
12-18 22:17:43.207   583  1202 D com.android.server.tabs.TabManagerService: hideOrRestoreDiskFileIfNeeded:546: need to restore file from: /init.cancro.rc.bak, to: /init.cancro.rc
12-18 22:17:43.207   583  1202 D com.android.server.tabs.TabManagerService: hideOrRestoreDiskFileIfNeeded:546: need to restore file from: /storage/emulated/0/MuMu共享文件夹.sharedFolder, to: /storage/emulated/0/$MuMu共享文件夹
12-18 22:17:43.207   583  1202 D com.android.server.tabs.TabManagerService: hideOrRestoreDiskFileIfNeeded:552: src files: [/init.cancro_x64.rc.bak, /init.cancro.rc.bak, /storage/emulated/0/MuMu共享文件夹.sharedFolder]
12-18 22:17:43.207   583  1202 D com.android.server.tabs.TabManagerService: hideOrRestoreDiskFileIfNeeded:553: des files: [/init.cancro_x64.rc, /init.cancro.rc, /storage/emulated/0/$MuMu共享文件夹]
12-18 22:17:43.296   583   630 D Interception: result: allow, reason: calleePkg is system app, rule: runType===broadcast|||callerPkg===android|||calleePkg===com.mumu.acc|||calleeClass===com.mumu.acc.AccMsgReceiver|||action===nemu.intent.action.NEW_TASK
12-18 22:17:43.310   583  1202 I com.android.server.tabs.TabManagerService: notifyOpening:440: notify tab opened in android as it's new task com.xueqiu.android, appName: 雪球, taskId: 195, firstActiveTime: 1576678663191
12-18 22:17:44.786   583   744 D Interception: result: allow, reason: calleePkg is running, rule: runType===retrieveService|||callerPkg===android|||calleePkg===com.xueqiu.android|||calleeClass===com.xiaomi.push.service.XMPushService|||action===null
12-18 22:17:44.807   583   744 I ActivityManager: Start proc 5490:com.xueqiu.android:pushservice/u0a35 for service com.xueqiu.android/com.xiaomi.push.service.XMPushService
12-18 22:17:44.895   583   876 D PackageManager: trimGetPackagesForUid uid = 10035 result = [com.xueqiu.android]
12-18 22:17:46.318   583   603 D Interception: result: allow, reason: calleePkg is running, rule: runType===retrieveService|||callerPkg===android|||calleePkg===com.xueqiu.android|||calleeClass===com.xueqiu.android.message.client.MessageService|||action===null
12-18 22:17:47.348   583  2105 D Interception: result: allow, reason: callerPkg == calleePkg, rule: runType===activity|||callerPkg===com.xueqiu.android|||calleePkg===com.xueqiu.android|||calleeClass===com.xueqiu.android.common.MainActivity|||action===null
12-18 22:17:47.348   583  2105 I ActivityManager: START u0 {flg=0x14000000 cmp=com.xueqiu.android/.common.MainActivity (has extras)} from uid 10035 on display 0
12-18 22:17:51.331   583   853 D Interception: result: allow, reason: callerPkg == calleePkg, rule: runType===activity|||callerPkg===com.xueqiu.android|||calleePkg===com.xueqiu.android|||calleeClass===com.xueqiu.android.common.UpdateDialogActivity|||action===null
12-18 22:17:51.331   583   853 I ActivityManager: START u0 {flg=0x10000000 cmp=com.xueqiu.android/.common.UpdateDialogActivity (has extras)} from uid 10035 on display 0
12-18 22:18:02.325   583  3712 D ConnectivityService: listenForNetwork for Listen from uid/pid:10035/5424 for NetworkRequest [ id=10, legacyType=-1, [ Capabilities: INTERNET&NOT_RESTRICTED&TRUSTED] ]
12-18 22:18:02.369   583   853 D ConnectivityService: listenForNetwork for Listen from uid/pid:10035/5424 for NetworkRequest [ id=11, legacyType=-1, [ Capabilities: INTERNET&NOT_RESTRICTED&TRUSTED] ]
12-18 22:18:02.374   583   667 D ConnectivityService: releasing NetworkRequest NetworkRequest [ id=10, legacyType=-1, [ Capabilities: INTERNET&NOT_RESTRICTED&TRUSTED] ]
12-18 22:18:18.312   583   630 D Interception: result: allow, reason: callerPkg == calleePkg, rule: runType===broadcast|||callerPkg===com.xueqiu.android|||calleePkg===com.xueqiu.android|||calleeClass===com.xueqiu.android.common.push.MiBroadcastReceiver|||action===com.xiaomi.mipush.RECEIVE_MESSAGE
12-18 22:18:18.317   583   853 D Interception: result: allow, reason: calleePkg is running, rule: runType===retrieveService|||callerPkg===android|||calleePkg===com.xueqiu.android|||calleeClass===com.xiaomi.mipush.sdk.MessageHandleService|||action===null
12-18 22:18:18.403   583   630 D Interception: result: allow, reason: callerPkg == calleePkg, rule: runType===broadcast|||callerPkg===com.xueqiu.android|||calleePkg===com.xueqiu.android|||calleeClass===com.xueqiu.android.common.push.MiBroadcastReceiver|||action===com.xiaomi.mipush.RECEIVE_MESSAGE
12-18 22:18:18.406   583   604 D Interception: result: allow, reason: calleePkg is running, rule: runType===retrieveService|||callerPkg===android|||calleePkg===com.xueqiu.android|||calleeClass===com.xiaomi.mipush.sdk.MessageHandleService|||action===null
12-18 22:18:19.012   583   630 D Interception: result: allow, reason: callerPkg == calleePkg, rule: runType===broadcast|||callerPkg===com.xueqiu.android|||calleePkg===com.xueqiu.android|||calleeClass===com.xueqiu.android.common.push.MiBroadcastReceiver|||action===com.xiaomi.mipush.RECEIVE_MESSAGE
12-18 22:18:19.020   583  1202 D Interception: result: allow, reason: calleePkg is running, rule: runType===retrieveService|||callerPkg===android|||calleePkg===com.xueqiu.android|||calleeClass===com.xiaomi.mipush.sdk.MessageHandleService|||action===null
12-18 22:18:19.022   583   630 D Interception: result: allow, reason: callerPkg == calleePkg, rule: runType===broadcast|||callerPkg===com.xueqiu.android|||calleePkg===com.xueqiu.android|||calleeClass===com.xueqiu.android.common.push.MiBroadcastReceiver|||action===com.xiaomi.mipush.RECEIVE_MESSAGE
12-18 22:18:34.778   583   636 E KernelCpuSpeedReader: Failed to read cpu-freq: /sys/devices/system/cpu/cpu0/cpufreq/stats/time_in_state: open failed: ENOENT (No such file or directory)
12-18 22:18:34.778   583   636 E KernelUidCpuTimeReader: Failed to read uid_cputime: /proc/uid_cputime/show_uid_stat: open failed: ENOENT (No such file or directory)
12-18 22:19:34.769   583   630 E KernelCpuSpeedReader: Failed to read cpu-freq: /sys/devices/system/cpu/cpu0/cpufreq/stats/time_in_state: open failed: ENOENT (No such file or directory)
12-18 22:19:34.769   583   630 E KernelUidCpuTimeReader: Failed to read uid_cputime: /proc/uid_cputime/show_uid_stat: open failed: ENOENT (No such file or directory)
12-18 22:19:34.771   583   636 E KernelCpuSpeedReader: Failed to read cpu-freq: /sys/devices/system/cpu/cpu0/cpufreq/stats/time_in_state: open failed: ENOENT (No such file or directory)
12-18 22:19:34.771   583   636 E KernelUidCpuTimeReader: Failed to read uid_cputime: /proc/uid_cputime/show_uid_stat: open failed: ENOENT (No such file or directory)
12-18 22:20:34.770   583   630 E KernelCpuSpeedReader: Failed to read cpu-freq: /sys/devices/system/cpu/cpu0/cpufreq/stats/time_in_state: open failed: ENOENT (No such file or directory)
12-18 22:20:34.770   583   630 E KernelUidCpuTimeReader: Failed to read uid_cputime: /proc/uid_cputime/show_uid_stat: open failed: ENOENT (No such file or directory)
12-18 22:20:34.772   583   636 E KernelCpuSpeedReader: Failed to read cpu-freq: /sys/devices/system/cpu/cpu0/cpufreq/stats/time_in_state: open failed: ENOENT (No such file or directory)
12-18 22:20:34.772   583   636 E KernelUidCpuTimeReader: Failed to read uid_cputime: /proc/uid_cputime/show_uid_stat: open failed: ENOENT (No such file or directory)
12-18 22:21:34.769   583   630 E KernelCpuSpeedReader: Failed to read cpu-freq: /sys/devices/system/cpu/cpu0/cpufreq/stats/time_in_state: open failed: ENOENT (No such file or directory)
12-18 22:21:34.769   583   630 E KernelUidCpuTimeReader: Failed to read uid_cputime: /proc/uid_cputime/show_uid_stat: open failed: ENOENT (No such file or directory)
12-18 22:21:34.771   583   636 E KernelCpuSpeedReader: Failed to read cpu-freq: /sys/devices/system/cpu/cpu0/cpufreq/stats/time_in_state: open failed: ENOENT (No such file or directory)
12-18 22:21:34.771   583   636 E KernelUidCpuTimeReader: Failed to read uid_cputime: /proc/uid_cputime/show_uid_stat: open failed: ENOENT (No such file or directory)
12-18 22:22:34.769   583   630 E KernelCpuSpeedReader: Failed to read cpu-freq: /sys/devices/system/cpu/cpu0/cpufreq/stats/time_in_state: open failed: ENOENT (No such file or directory)
12-18 22:22:34.769   583   630 E KernelUidCpuTimeReader: Failed to read uid_cputime: /proc/uid_cputime/show_uid_stat: open failed: ENOENT (No such file or directory)
12-18 22:22:34.771   583   636 E KernelCpuSpeedReader: Failed to read cpu-freq: /sys/devices/system/cpu/cpu0/cpufreq/stats/time_in_state: open failed: ENOENT (No such file or directory)
12-18 22:22:34.771   583   636 E KernelUidCpuTimeReader: Failed to read uid_cputime: /proc/uid_cputime/show_uid_stat: open failed: ENOENT (No such file or directory)
12-18 22:23:34.770   583   630 E KernelCpuSpeedReader: Failed to read cpu-freq: /sys/devices/system/cpu/cpu0/cpufreq/stats/time_in_state: open failed: ENOENT (No such file or directory)
12-18 22:23:34.770   583   630 E KernelUidCpuTimeReader: Failed to read uid_cputime: /proc/uid_cputime/show_uid_stat: open failed: ENOENT (No such file or directory)
12-18 22:23:34.772   583   636 E KernelCpuSpeedReader: Failed to read cpu-freq: /sys/devices/system/cpu/cpu0/cpufreq/stats/time_in_state: open failed: ENOENT (No such file or directory)
12-18 22:23:34.772   583   636 E KernelUidCpuTimeReader: Failed to read uid_cputime: /proc/uid_cputime/show_uid_stat: open failed: ENOENT (No such file or directory)
12-18 22:24:34.769   583   630 E KernelCpuSpeedReader: Failed to read cpu-freq: /sys/devices/system/cpu/cpu0/cpufreq/stats/time_in_state: open failed: ENOENT (No such file or directory)
12-18 22:24:34.769   583   630 E KernelUidCpuTimeReader: Failed to read uid_cputime: /proc/uid_cputime/show_uid_stat: open failed: ENOENT (No such file or directory)
12-18 22:24:34.771   583   636 E KernelCpuSpeedReader: Failed to read cpu-freq: /sys/devices/system/cpu/cpu0/cpufreq/stats/time_in_state: open failed: ENOENT (No such file or directory)
12-18 22:24:34.771   583   636 E KernelUidCpuTimeReader: Failed to read uid_cputime: /proc/uid_cputime/show_uid_stat: open failed: ENOENT (No such file or directory)
12-18 22:24:56.362   583  2105 I ActivityManager: Force stopping com.xueqiu.android appid=10035 user=0: from pid 5713
12-18 22:24:56.362   583  2105 I ActivityManager: Killing 5490:com.xueqiu.android:pushservice/u0a35 (adj 5): stop com.xueqiu.android
12-18 22:24:56.412   583  2105 D ActivityManager: cleanUpApplicationRecord -- 5490
12-18 22:24:56.412   583  2105 W ActivityManager: Scheduling restart of crashed service com.xueqiu.android/com.xiaomi.push.service.XMPushService in 1000ms
12-18 22:24:56.413   583  2105 I ActivityManager: Killing 5424:com.xueqiu.android/u0a35 (adj 0): stop com.xueqiu.android
12-18 22:24:56.455   583   846 I WindowState: WIN DEATH: Window{9bb63b1 u0 com.xueqiu.android/com.xueqiu.android.common.MainActivity}
12-18 22:24:56.455   583   833 D ConnectivityService: ConnectivityService NetworkRequestInfo binderDied(NetworkRequest [ id=11, legacyType=-1, [ Capabilities: INTERNET&NOT_RESTRICTED&TRUSTED] ], android.os.BinderProxy@d41bd0b)
12-18 22:24:56.455   583   667 D ConnectivityService: releasing NetworkRequest NetworkRequest [ id=11, legacyType=-1, [ Capabilities: INTERNET&NOT_RESTRICTED&TRUSTED] ]
12-18 22:24:56.456   583   667 E ConnectivityService: RemoteException caught trying to send a callback msg for NetworkRequest [ id=11, legacyType=-1, [ Capabilities: INTERNET&NOT_RESTRICTED&TRUSTED] ]
12-18 22:24:56.460   583  2105 D ActivityManager: cleanUpApplicationRecord -- 5424
12-18 22:24:56.460   583  2105 W ActivityManager: Scheduling restart of crashed service com.xueqiu.android/.message.client.MessageService in 10952ms
12-18 22:24:56.460   583  2105 W ActivityManager: Force removing ActivityRecord{7603ab3 u0 com.xueqiu.android/.common.UpdateDialogActivity t195}: app died, no saved state
12-18 22:24:56.461   583  1088 I WindowState: WIN DEATH: Window{b19cf0f u0 com.xueqiu.android/com.xueqiu.android.common.UpdateDialogActivity}
12-18 22:24:56.475   583  2105 I ActivityManager: Start proc 5724:com.xueqiu.android/u0a35 for activity com.xueqiu.android/.common.MainActivity
12-18 22:24:56.475   583  2105 I ActivityManager:   Force finishing activity ActivityRecord{102a01f u0 com.xueqiu.android/.common.MainActivity t195}
12-18 22:24:56.478   583  2105 I ActivityManager:   Force stopping service ServiceRecord{f39b69d u0 com.xueqiu.android/com.xiaomi.push.service.XMPushService}
12-18 22:24:56.478   583  2105 I ActivityManager:   Force stopping service ServiceRecord{c931ac3 u0 com.xueqiu.android/.message.client.MessageService}
12-18 22:24:56.479   583   630 E KernelCpuSpeedReader: Failed to read cpu-freq: /sys/devices/system/cpu/cpu0/cpufreq/stats/time_in_state: open failed: ENOENT (No such file or directory)
12-18 22:24:56.479   583   630 E KernelUidCpuTimeReader: Failed to read uid_cputime: /proc/uid_cputime/show_uid_stat: open failed: ENOENT (No such file or directory)
12-18 22:24:56.486   583   842 W ActivityManager: Spurious death for ProcessRecord{e1907e8 0:com.xueqiu.android:pushservice/u0a35}, curProc for 5490: null
12-18 22:24:56.486   583  1202 W ActivityManager: Spurious death for ProcessRecord{6813e01 0:com.xueqiu.android/u0a35}, curProc for 5424: null
12-18 22:24:56.504   583   630 D Interception: result: allow, reason: calleePkg is system app, rule: runType===broadcast|||callerPkg===android|||calleePkg===com.mumu.acc|||calleeClass===com.mumu.acc.AccMsgReceiver|||action===uu.intent.action.STOP_ACCELERATE
12-18 22:24:56.528   583   846 D PackageManager: trimGetPackagesForUid uid = 10035 result = [com.xueqiu.android]
12-18 22:24:56.543   583  3712 I com.android.server.tabs.TabManagerService: notifyClosing:725: notify tab closed in android as it's closed task com.xueqiu.android, taskId: 195, elapseTime: 433312
12-18 22:24:56.552   583   639 W WindowManager: Failed looking up window
12-18 22:24:56.552   583   639 W WindowManager: java.lang.IllegalArgumentException: Requested window android.view.ViewRootImpl$W@dc2c283 does not exist
12-18 22:24:56.552   583   639 W WindowManager: 	at com.android.server.wm.WindowManagerService.windowForClientLocked(WindowManagerService.java:8881)
12-18 22:24:56.552   583   639 W WindowManager: 	at com.android.server.wm.WindowManagerService.windowForClientLocked(WindowManagerService.java:8872)
12-18 22:24:56.552   583   639 W WindowManager: 	at com.android.server.wm.WindowManagerService.finishDrawingWindow(WindowManagerService.java:3480)
12-18 22:24:56.552   583   639 W WindowManager: 	at com.android.server.wm.Session.finishDrawing(Session.java:232)
12-18 22:24:56.552   583   639 W WindowManager: 	at android.view.ViewRootImpl.performDraw(ViewRootImpl.java:2466)
12-18 22:24:56.552   583   639 W WindowManager: 	at android.view.ViewRootImpl.performTraversals(ViewRootImpl.java:2061)
12-18 22:24:56.552   583   639 W WindowManager: 	at android.view.ViewRootImpl.doTraversal(ViewRootImpl.java:1107)
12-18 22:24:56.552   583   639 W WindowManager: 	at android.view.ViewRootImpl$TraversalRunnable.run(ViewRootImpl.java:6007)
12-18 22:24:56.552   583   639 W WindowManager: 	at android.view.Choreographer$CallbackRecord.run(Choreographer.java:858)
12-18 22:24:56.552   583   639 W WindowManager: 	at android.view.Choreographer.doCallbacks(Choreographer.java:670)
12-18 22:24:56.552   583   639 W WindowManager: 	at android.view.Choreographer.doFrame(Choreographer.java:606)
12-18 22:24:56.552   583   639 W WindowManager: 	at android.view.Choreographer$FrameDisplayEventReceiver.run(Choreographer.java:844)
12-18 22:24:56.552   583   639 W WindowManager: 	at android.os.Handler.handleCallback(Handler.java:739)
12-18 22:24:56.552   583   639 W WindowManager: 	at android.os.Handler.dispatchMessage(Handler.java:95)
12-18 22:24:56.552   583   639 W WindowManager: 	at android.os.Looper.loop(Looper.java:148)
12-18 22:24:56.552   583   639 W WindowManager: 	at android.os.HandlerThread.run(HandlerThread.java:61)
12-18 22:24:56.552   583   639 W WindowManager: 	at com.android.server.ServiceThread.run(ServiceThread.java:46)
12-18 22:24:56.553   583   639 W WindowManager: Failed looking up window
12-18 22:24:56.553   583   639 W WindowManager: java.lang.IllegalArgumentException: Requested window android.view.ViewRootImpl$W@dc2c283 does not exist
12-18 22:24:56.553   583   639 W WindowManager: 	at com.android.server.wm.WindowManagerService.windowForClientLocked(WindowManagerService.java:8881)
12-18 22:24:56.553   583   639 W WindowManager: 	at com.android.server.wm.WindowManagerService.windowForClientLocked(WindowManagerService.java:8872)
12-18 22:24:56.553   583   639 W WindowManager: 	at com.android.server.wm.WindowManagerService.removeWindow(WindowManagerService.java:2728)
12-18 22:24:56.553   583   639 W WindowManager: 	at com.android.server.wm.Session.remove(Session.java:187)
12-18 22:24:56.553   583   639 W WindowManager: 	at android.view.ViewRootImpl.dispatchDetachedFromWindow(ViewRootImpl.java:3093)
12-18 22:24:56.553   583   639 W WindowManager: 	at android.view.ViewRootImpl.doDie(ViewRootImpl.java:5600)
12-18 22:24:56.553   583   639 W WindowManager: 	at android.view.ViewRootImpl$ViewRootHandler.handleMessage(ViewRootImpl.java:3403)
12-18 22:24:56.553   583   639 W WindowManager: 	at android.os.Handler.dispatchMessage(Handler.java:102)
12-18 22:24:56.553   583   639 W WindowManager: 	at android.os.Looper.loop(Looper.java:148)
12-18 22:24:56.553   583   639 W WindowManager: 	at android.os.HandlerThread.run(HandlerThread.java:61)
12-18 22:24:56.553   583   639 W WindowManager: 	at com.android.server.ServiceThread.run(ServiceThread.java:46)
12-18 22:24:56.572   583   846 W InputMethodManagerService: Got RemoteException sending setActive(false) notification to pid 5424 uid 10035
12-18 22:24:57.009   583   833 I ActivityManager: Force stopping com.xueqiu.android appid=10035 user=0: clear data
12-18 22:24:57.010   583   833 I ActivityManager: Killing 5724:com.xueqiu.android/u0a35 (adj 9): stop com.xueqiu.android
12-18 22:24:57.034   583   833 D ActivityManager: cleanUpApplicationRecord -- 5724
12-18 22:24:57.035   583   833 I ActivityManager: Force stopping com.xueqiu.android appid=10035 user=0: from pid 583
12-18 22:24:57.035   583   846 W ActivityManager: Spurious death for ProcessRecord{8858fd7 0:com.xueqiu.android/u0a35}, curProc for 5724: null
12-18 22:24:57.036   583   630 D Interception: result: allow, reason: calleePkg is system app, rule: runType===broadcast|||callerPkg===android|||calleePkg===com.android.documentsui|||calleeClass===com.android.documentsui.PackageReceiver|||action===android.intent.action.PACKAGE_DATA_CLEARED
12-18 22:24:57.060   583   645 D Interception: result: allow, reason: calleePkg is system app, rule: runType===retrieveService|||callerPkg===android|||calleePkg===com.android.defcontainer|||calleeClass===com.android.defcontainer.DefaultContainerService|||action===null
12-18 22:24:57.403   583   744 D VoldConnector: SND -> {24 volume remount_uid 10035 default}
12-18 22:24:57.405   195   210 D vold    : Remounting 10035 as mode default
12-18 22:24:57.406   583   657 D VoldConnector: RCV <- {200 24 Command succeeded}
12-18 22:24:58.940   583  1088 D VoldConnector: SND -> {25 volume remount_uid 10035 write}
12-18 22:24:58.940   195   210 D vold    : Remounting 10035 as mode write
12-18 22:24:58.941   583   657 D VoldConnector: RCV <- {200 25 Command succeeded}
12-18 22:25:00.032   583   603 W WindowManager: Attempted to remove non-existing token: android.os.Binder@d811857
12-18 22:25:00.232   583   846 I ActivityManager: Force stopping com.xueqiu.android appid=10035 user=0: from pid 5892
12-18 22:25:00.643   583   654 D Interception: result: allow, reason: calleePkg is system app, rule: runType===activity|||callerPkg===android|||calleePkg===com.mumu.launcher|||calleeClass===com.mumu.launcher.Launcher|||action===android.intent.action.MAIN
12-18 22:25:00.643   583   654 I ActivityManager: START u0 {act=android.intent.action.MAIN cat=[android.intent.category.HOME] flg=0x10200000 cmp=com.mumu.launcher/.Launcher (has extras)} from uid 1000 on display 0
12-18 22:25:01.077   583   846 W ActivityManager: Invalid packageName: io.appium.unlock
12-18 22:25:01.846   583   833 I ActivityManager: Force stopping com.xueqiu.android appid=10035 user=0: from pid 5945
12-18 22:25:02.097   583  2105 D Interception: result: allow, reason: runType is activity, rule: runType===activity|||callerPkg===android|||calleePkg===com.xueqiu.android|||calleeClass===com.xueqiu.android.view.WelcomeActivityAlias|||action===null
12-18 22:25:02.097   583  2105 I ActivityManager: START u0 {flg=0x10000000 cmp=com.xueqiu.android/.view.WelcomeActivityAlias} from uid 0 on display 0
12-18 22:25:02.115   583   834 I ActivityManager: Start proc 5955:com.xueqiu.android/u0a35 for activity com.xueqiu.android/.view.WelcomeActivityAlias
12-18 22:25:02.125   583   744 D PackageManager: trimGetPackagesForUid uid = 10035 result = [com.xueqiu.android]
12-18 22:25:02.128   583   876 D com.android.server.tabs.TabManagerService: hideOrRestoreDiskFileIfNeeded:518: hide or restore disk files for package: com.xueqiu.android
12-18 22:25:02.128   583   876 D com.android.server.tabs.TabManagerService: hideOrRestoreDiskFileIfNeeded:546: need to restore file from: /init.cancro_x64.rc.bak, to: /init.cancro_x64.rc
12-18 22:25:02.128   583   876 D com.android.server.tabs.TabManagerService: hideOrRestoreDiskFileIfNeeded:546: need to restore file from: /init.cancro.rc.bak, to: /init.cancro.rc
12-18 22:25:02.128   583   876 D com.android.server.tabs.TabManagerService: hideOrRestoreDiskFileIfNeeded:546: need to restore file from: /storage/emulated/0/MuMu共享文件夹.sharedFolder, to: /storage/emulated/0/$MuMu共享文件夹
12-18 22:25:02.128   583   876 D com.android.server.tabs.TabManagerService: hideOrRestoreDiskFileIfNeeded:552: src files: [/init.cancro_x64.rc.bak, /init.cancro.rc.bak, /storage/emulated/0/MuMu共享文件夹.sharedFolder]
12-18 22:25:02.128   583   876 D com.android.server.tabs.TabManagerService: hideOrRestoreDiskFileIfNeeded:553: des files: [/init.cancro_x64.rc, /init.cancro.rc, /storage/emulated/0/$MuMu共享文件夹]
12-18 22:25:02.226   583   630 D Interception: result: allow, reason: calleePkg is system app, rule: runType===broadcast|||callerPkg===android|||calleePkg===com.mumu.acc|||calleeClass===com.mumu.acc.AccMsgReceiver|||action===nemu.intent.action.NEW_TASK
12-18 22:25:02.226   583   876 I com.android.server.tabs.TabManagerService: notifyOpening:440: notify tab opened in android as it's new task com.xueqiu.android, appName: 雪球, taskId: 196, firstActiveTime: 1576679102119
12-18 22:25:03.304   583  1202 D Interception: result: allow, reason: calleePkg is running, rule: runType===retrieveService|||callerPkg===android|||calleePkg===com.xueqiu.android|||calleeClass===com.xiaomi.push.service.XMPushService|||action===null
12-18 22:25:03.315   583  1202 I ActivityManager: Start proc 6019:com.xueqiu.android:pushservice/u0a35 for service com.xueqiu.android/com.xiaomi.push.service.XMPushService
12-18 22:25:03.365   583   604 D PackageManager: trimGetPackagesForUid uid = 10035 result = [com.xueqiu.android]
12-18 22:25:04.335   583   846 D Interception: result: allow, reason: calleePkg is running, rule: runType===retrieveService|||callerPkg===android|||calleePkg===com.xueqiu.android|||calleeClass===com.xueqiu.android.message.client.MessageService|||action===null
12-18 22:25:05.596   583   846 D Interception: result: allow, reason: callerPkg == calleePkg, rule: runType===activity|||callerPkg===com.xueqiu.android|||calleePkg===com.xueqiu.android|||calleeClass===com.xueqiu.android.common.MainActivity|||action===null
12-18 22:25:05.596   583   846 I ActivityManager: START u0 {flg=0x14000000 cmp=com.xueqiu.android/.common.MainActivity (has extras)} from uid 10035 on display 0
12-18 22:25:08.919   583   604 D Interception: result: allow, reason: callerPkg == calleePkg, rule: runType===activity|||callerPkg===com.xueqiu.android|||calleePkg===com.xueqiu.android|||calleeClass===com.xueqiu.android.common.MyProfileActivity|||action===null
12-18 22:25:08.919   583   604 I ActivityManager: START u0 {cmp=com.xueqiu.android/.common.MyProfileActivity} from uid 10035 on display 0
12-18 22:25:09.394   583  1202 D Interception: result: allow, reason: callerPkg == calleePkg, rule: runType===activity|||callerPkg===com.xueqiu.android|||calleePkg===com.xueqiu.android|||calleeClass===com.xueqiu.android.common.UpdateDialogActivity|||action===null
12-18 22:25:09.394   583  1202 I ActivityManager: START u0 {flg=0x10000000 cmp=com.xueqiu.android/.common.UpdateDialogActivity (has extras)} from uid 10035 on display 0
12-18 22:25:14.454   583   853 I ActivityManager: Force stopping com.xueqiu.android appid=10035 user=0: from pid 6168
12-18 22:25:14.455   583   853 I ActivityManager: Killing 6019:com.xueqiu.android:pushservice/u0a35 (adj 5): stop com.xueqiu.android
12-18 22:25:14.492   583   853 D ActivityManager: cleanUpApplicationRecord -- 6019
12-18 22:25:14.492   583   853 W ActivityManager: Scheduling restart of crashed service com.xueqiu.android/com.xiaomi.push.service.XMPushService in 1000ms
12-18 22:25:14.492   583   853 I ActivityManager: Killing 5955:com.xueqiu.android/u0a35 (adj 0): stop com.xueqiu.android
12-18 22:25:14.522   583   603 I WindowState: WIN DEATH: Window{d1f3352 u0 com.xueqiu.android/com.xueqiu.android.common.UpdateDialogActivity}
12-18 22:25:14.526   583   853 D ActivityManager: cleanUpApplicationRecord -- 5955
12-18 22:25:14.526   583   853 W ActivityManager: Scheduling restart of crashed service com.xueqiu.android/.message.client.MessageService in 10966ms
12-18 22:25:14.526   583   853 W ActivityManager: Force removing ActivityRecord{b16d0c6 u0 com.xueqiu.android/.common.UpdateDialogActivity t196}: app died, no saved state
12-18 22:25:14.534   583   833 I WindowState: WIN DEATH: Window{133c6a1 u0 com.xueqiu.android/com.xueqiu.android.common.MyProfileActivity}
12-18 22:25:14.535   583  2105 I WindowState: WIN DEATH: Window{8b02a33 u0 com.xueqiu.android/com.xueqiu.android.common.MainActivity}
12-18 22:25:14.547   583   853 I ActivityManager: Start proc 6182:com.xueqiu.android/u0a35 for activity com.xueqiu.android/.common.MyProfileActivity
12-18 22:25:14.547   583   853 I ActivityManager:   Force finishing activity ActivityRecord{d89af31 u0 com.xueqiu.android/.common.MainActivity t196}
12-18 22:25:14.547   583   853 I ActivityManager:   Force finishing activity ActivityRecord{a37d25 u0 com.xueqiu.android/.common.MyProfileActivity t196}
12-18 22:25:14.549   583   853 I ActivityManager:   Force stopping service ServiceRecord{9f1ddbf u0 com.xueqiu.android/com.xiaomi.push.service.XMPushService}
12-18 22:25:14.549   583   853 I ActivityManager:   Force stopping service ServiceRecord{ff8fcb5 u0 com.xueqiu.android/.message.client.MessageService}
12-18 22:25:14.557   583   744 W ActivityManager: Spurious death for ProcessRecord{fd9329e 0:com.xueqiu.android:pushservice/u0a35}, curProc for 6019: null
12-18 22:25:14.557   583   876 W ActivityManager: Spurious death for ProcessRecord{11ae17f 0:com.xueqiu.android/u0a35}, curProc for 5955: null
12-18 22:25:14.578   583   630 D Interception: result: allow, reason: calleePkg is system app, rule: runType===broadcast|||callerPkg===android|||calleePkg===com.mumu.acc|||calleeClass===com.mumu.acc.AccMsgReceiver|||action===uu.intent.action.STOP_ACCELERATE
12-18 22:25:14.587   583   876 I com.android.server.tabs.TabManagerService: notifyClosing:725: notify tab closed in android as it's closed task com.xueqiu.android, taskId: 196, elapseTime: 12459
12-18 22:25:14.616   583  2664 D PackageManager: trimGetPackagesForUid uid = 10035 result = [com.xueqiu.android]
12-18 22:25:14.622   583   876 W InputMethodManagerService: Got RemoteException sending setActive(false) notification to pid 5955 uid 10035
12-18 22:25:15.176   583   654 D Interception: result: allow, reason: calleePkg is system app, rule: runType===activity|||callerPkg===android|||calleePkg===com.mumu.launcher|||calleeClass===com.mumu.launcher.Launcher|||action===android.intent.action.MAIN
12-18 22:25:15.177   583   654 I ActivityManager: START u0 {act=android.intent.action.MAIN cat=[android.intent.category.HOME] flg=0x10200000 cmp=com.mumu.launcher/.Launcher (has extras)} from uid 1000 on display 0
12-18 22:25:15.397   583   853 W WindowManager: Attempted to remove non-existing token: android.os.Binder@1ae15a9
12-18 22:25:15.709   583  6181 W ActivityManager: Invalid packageName: io.appium.unlock
12-18 22:25:34.770   583   636 E KernelCpuSpeedReader: Failed to read cpu-freq: /sys/devices/system/cpu/cpu0/cpufreq/stats/time_in_state: open failed: ENOENT (No such file or directory)
12-18 22:25:34.770   583   636 E KernelUidCpuTimeReader: Failed to read uid_cputime: /proc/uid_cputime/show_uid_stat: open failed: ENOENT (No such file or directory)
12-18 22:26:34.769   583   630 E KernelCpuSpeedReader: Failed to read cpu-freq: /sys/devices/system/cpu/cpu0/cpufreq/stats/time_in_state: open failed: ENOENT (No such file or directory)
12-18 22:26:34.769   583   630 E KernelUidCpuTimeReader: Failed to read uid_cputime: /proc/uid_cputime/show_uid_stat: open failed: ENOENT (No such file or directory)
12-18 22:26:34.771   583   636 E KernelCpuSpeedReader: Failed to read cpu-freq: /sys/devices/system/cpu/cpu0/cpufreq/stats/time_in_state: open failed: ENOENT (No such file or directory)
12-18 22:26:34.771   583   636 E KernelUidCpuTimeReader: Failed to read uid_cputime: /proc/uid_cputime/show_uid_stat: open failed: ENOENT (No such file or directory)
12-18 22:27:31.836   583   636 E KernelCpuSpeedReader: Failed to read cpu-freq: /sys/devices/system/cpu/cpu0/cpufreq/stats/time_in_state: open failed: ENOENT (No such file or directory)
12-18 22:27:31.836   583   636 E KernelUidCpuTimeReader: Failed to read uid_cputime: /proc/uid_cputime/show_uid_stat: open failed: ENOENT (No such file or directory)
12-18 22:27:34.771   583   630 E KernelCpuSpeedReader: Failed to read cpu-freq: /sys/devices/system/cpu/cpu0/cpufreq/stats/time_in_state: open failed: ENOENT (No such file or directory)
12-18 22:27:34.771   583   630 E KernelUidCpuTimeReader: Failed to read uid_cputime: /proc/uid_cputime/show_uid_stat: open failed: ENOENT (No such file or directory)
12-18 22:27:34.771   583   636 E KernelCpuSpeedReader: Failed to read cpu-freq: /sys/devices/system/cpu/cpu0/cpufreq/stats/time_in_state: open failed: ENOENT (No such file or directory)
12-18 22:27:34.771   583   636 E KernelUidCpuTimeReader: Failed to read uid_cputime: /proc/uid_cputime/show_uid_stat: open failed: ENOENT (No such file or directory)
12-18 22:27:59.922   583   630 I ProcessStatsService: Prepared write state in 0ms
12-18 22:27:59.923   583   630 I ProcessStatsService: Prepared write state in 1ms
12-18 22:28:34.770   583   630 E KernelCpuSpeedReader: Failed to read cpu-freq: /sys/devices/system/cpu/cpu0/cpufreq/stats/time_in_state: open failed: ENOENT (No such file or directory)
12-18 22:28:34.770   583   630 E KernelUidCpuTimeReader: Failed to read uid_cputime: /proc/uid_cputime/show_uid_stat: open failed: ENOENT (No such file or directory)
12-18 22:28:34.771   583   636 E KernelCpuSpeedReader: Failed to read cpu-freq: /sys/devices/system/cpu/cpu0/cpufreq/stats/time_in_state: open failed: ENOENT (No such file or directory)
12-18 22:28:34.771   583   636 E KernelUidCpuTimeReader: Failed to read uid_cputime: /proc/uid_cputime/show_uid_stat: open failed: ENOENT (No such file or directory)
12-18 22:29:34.769   583   630 E KernelCpuSpeedReader: Failed to read cpu-freq: /sys/devices/system/cpu/cpu0/cpufreq/stats/time_in_state: open failed: ENOENT (No such file or directory)
12-18 22:29:34.769   583   630 E KernelUidCpuTimeReader: Failed to read uid_cputime: /proc/uid_cputime/show_uid_stat: open failed: ENOENT (No such file or directory)
12-18 22:29:34.770   583   636 E KernelCpuSpeedReader: Failed to read cpu-freq: /sys/devices/system/cpu/cpu0/cpufreq/stats/time_in_state: open failed: ENOENT (No such file or directory)
12-18 22:29:34.770   583   636 E KernelUidCpuTimeReader: Failed to read uid_cputime: /proc/uid_cputime/show_uid_stat: open failed: ENOENT (No such file or directory)
12-18 22:30:34.771   583   630 E KernelCpuSpeedReader: Failed to read cpu-freq: /sys/devices/system/cpu/cpu0/cpufreq/stats/time_in_state: open failed: ENOENT (No such file or directory)
12-18 22:30:34.771   583   630 E KernelUidCpuTimeReader: Failed to read uid_cputime: /proc/uid_cputime/show_uid_stat: open failed: ENOENT (No such file or directory)
12-18 22:30:34.773   583   636 E KernelCpuSpeedReader: Failed to read cpu-freq: /sys/devices/system/cpu/cpu0/cpufreq/stats/time_in_state: open failed: ENOENT (No such file or directory)
12-18 22:30:34.773   583   636 E KernelUidCpuTimeReader: Failed to read uid_cputime: /proc/uid_cputime/show_uid_stat: open failed: ENOENT (No such file or directory)
12-18 22:31:34.770   583   630 E KernelCpuSpeedReader: Failed to read cpu-freq: /sys/devices/system/cpu/cpu0/cpufreq/stats/time_in_state: open failed: ENOENT (No such file or directory)
12-18 22:31:34.770   583   630 E KernelUidCpuTimeReader: Failed to read uid_cputime: /proc/uid_cputime/show_uid_stat: open failed: ENOENT (No such file or directory)
12-18 22:31:34.771   583   636 E KernelCpuSpeedReader: Failed to read cpu-freq: /sys/devices/system/cpu/cpu0/cpufreq/stats/time_in_state: open failed: ENOENT (No such file or directory)
12-18 22:31:34.771   583   636 E KernelUidCpuTimeReader: Failed to read uid_cputime: /proc/uid_cputime/show_uid_stat: open failed: ENOENT (No such file or directory)
12-18 22:32:34.772   583   630 E KernelCpuSpeedReader: Failed to read cpu-freq: /sys/devices/system/cpu/cpu0/cpufreq/stats/time_in_state: open failed: ENOENT (No such file or directory)
12-18 22:32:34.772   583   630 E KernelUidCpuTimeReader: Failed to read uid_cputime: /proc/uid_cputime/show_uid_stat: open failed: ENOENT (No such file or directory)
12-18 22:32:34.773   583   636 E KernelCpuSpeedReader: Failed to read cpu-freq: /sys/devices/system/cpu/cpu0/cpufreq/stats/time_in_state: open failed: ENOENT (No such file or directory)
12-18 22:32:34.773   583   636 E KernelUidCpuTimeReader: Failed to read uid_cputime: /proc/uid_cputime/show_uid_stat: open failed: ENOENT (No such file or directory)
12-18 22:33:34.769   583   630 E KernelCpuSpeedReader: Failed to read cpu-freq: /sys/devices/system/cpu/cpu0/cpufreq/stats/time_in_state: open failed: ENOENT (No such file or directory)
12-18 22:33:34.769   583   630 E KernelUidCpuTimeReader: Failed to read uid_cputime: /proc/uid_cputime/show_uid_stat: open failed: ENOENT (No such file or directory)
12-18 22:33:34.771   583   636 E KernelCpuSpeedReader: Failed to read cpu-freq: /sys/devices/system/cpu/cpu0/cpufreq/stats/time_in_state: open failed: ENOENT (No such file or directory)
12-18 22:33:34.771   583   636 E KernelUidCpuTimeReader: Failed to read uid_cputime: /proc/uid_cputime/show_uid_stat: open failed: ENOENT (No such file or directory)
12-18 22:34:34.769   583   630 E KernelCpuSpeedReader: Failed to read cpu-freq: /sys/devices/system/cpu/cpu0/cpufreq/stats/time_in_state: open failed: ENOENT (No such file or directory)
12-18 22:34:34.769   583   630 E KernelUidCpuTimeReader: Failed to read uid_cputime: /proc/uid_cputime/show_uid_stat: open failed: ENOENT (No such file or directory)
12-18 22:34:34.771   583   636 E KernelCpuSpeedReader: Failed to read cpu-freq: /sys/devices/system/cpu/cpu0/cpufreq/stats/time_in_state: open failed: ENOENT (No such file or directory)
12-18 22:34:34.771   583   636 E KernelUidCpuTimeReader: Failed to read uid_cputime: /proc/uid_cputime/show_uid_stat: open failed: ENOENT (No such file or directory)
12-18 22:35:34.770   583   630 E KernelCpuSpeedReader: Failed to read cpu-freq: /sys/devices/system/cpu/cpu0/cpufreq/stats/time_in_state: open failed: ENOENT (No such file or directory)
12-18 22:35:34.770   583   630 E KernelUidCpuTimeReader: Failed to read uid_cputime: /proc/uid_cputime/show_uid_stat: open failed: ENOENT (No such file or directory)
12-18 22:35:34.772   583   636 E KernelCpuSpeedReader: Failed to read cpu-freq: /sys/devices/system/cpu/cpu0/cpufreq/stats/time_in_state: open failed: ENOENT (No such file or directory)
12-18 22:35:34.772   583   636 E KernelUidCpuTimeReader: Failed to read uid_cputime: /proc/uid_cputime/show_uid_stat: open failed: ENOENT (No such file or directory)
12-18 22:36:34.771   583   630 E KernelCpuSpeedReader: Failed to read cpu-freq: /sys/devices/system/cpu/cpu0/cpufreq/stats/time_in_state: open failed: ENOENT (No such file or directory)
12-18 22:36:34.771   583   630 E KernelUidCpuTimeReader: Failed to read uid_cputime: /proc/uid_cputime/show_uid_stat: open failed: ENOENT (No such file or directory)
12-18 22:36:34.773   583   636 E KernelCpuSpeedReader: Failed to read cpu-freq: /sys/devices/system/cpu/cpu0/cpufreq/stats/time_in_state: open failed: ENOENT (No such file or directory)
12-18 22:36:34.773   583   636 E KernelUidCpuTimeReader: Failed to read uid_cputime: /proc/uid_cputime/show_uid_stat: open failed: ENOENT (No such file or directory)
12-18 22:36:35.588   583   629 I UsageStatsService: User[0] Flushing usage stats to disk
12-18 22:37:34.770   583   630 E KernelCpuSpeedReader: Failed to read cpu-freq: /sys/devices/system/cpu/cpu0/cpufreq/stats/time_in_state: open failed: ENOENT (No such file or directory)
12-18 22:37:34.770   583   630 E KernelUidCpuTimeReader: Failed to read uid_cputime: /proc/uid_cputime/show_uid_stat: open failed: ENOENT (No such file or directory)
12-18 22:37:34.772   583   636 E KernelCpuSpeedReader: Failed to read cpu-freq: /sys/devices/system/cpu/cpu0/cpufreq/stats/time_in_state: open failed: ENOENT (No such file or directory)
12-18 22:37:34.772   583   636 E KernelUidCpuTimeReader: Failed to read uid_cputime: /proc/uid_cputime/show_uid_stat: open failed: ENOENT (No such file or directory)
12-18 22:38:34.770   583   630 E KernelCpuSpeedReader: Failed to read cpu-freq: /sys/devices/system/cpu/cpu0/cpufreq/stats/time_in_state: open failed: ENOENT (No such file or directory)
12-18 22:38:34.770   583   630 E KernelUidCpuTimeReader: Failed to read uid_cputime: /proc/uid_cputime/show_uid_stat: open failed: ENOENT (No such file or directory)
12-18 22:38:34.770   583   636 E KernelCpuSpeedReader: Failed to read cpu-freq: /sys/devices/system/cpu/cpu0/cpufreq/stats/time_in_state: open failed: ENOENT (No such file or directory)
12-18 22:38:34.770   583   636 E KernelUidCpuTimeReader: Failed to read uid_cputime: /proc/uid_cputime/show_uid_stat: open failed: ENOENT (No such file or directory)
12-18 22:39:34.770   583   630 E KernelCpuSpeedReader: Failed to read cpu-freq: /sys/devices/system/cpu/cpu0/cpufreq/stats/time_in_state: open failed: ENOENT (No such file or directory)
12-18 22:39:34.770   583   630 E KernelUidCpuTimeReader: Failed to read uid_cputime: /proc/uid_cputime/show_uid_stat: open failed: ENOENT (No such file or directory)
12-18 22:39:34.771   583   636 E KernelCpuSpeedReader: Failed to read cpu-freq: /sys/devices/system/cpu/cpu0/cpufreq/stats/time_in_state: open failed: ENOENT (No such file or directory)
12-18 22:39:34.771   583   636 E KernelUidCpuTimeReader: Failed to read uid_cputime: /proc/uid_cputime/show_uid_stat: open failed: ENOENT (No such file or directory)
12-18 22:40:34.769   583   630 E KernelCpuSpeedReader: Failed to read cpu-freq: /sys/devices/system/cpu/cpu0/cpufreq/stats/time_in_state: open failed: ENOENT (No such file or directory)
12-18 22:40:34.769   583   630 E KernelUidCpuTimeReader: Failed to read uid_cputime: /proc/uid_cputime/show_uid_stat: open failed: ENOENT (No such file or directory)
12-18 22:40:34.771   583   636 E KernelCpuSpeedReader: Failed to read cpu-freq: /sys/devices/system/cpu/cpu0/cpufreq/stats/time_in_state: open failed: ENOENT (No such file or directory)
12-18 22:40:34.771   583   636 E KernelUidCpuTimeReader: Failed to read uid_cputime: /proc/uid_cputime/show_uid_stat: open failed: ENOENT (No such file or directory)
12-18 22:41:34.769   583   630 E KernelCpuSpeedReader: Failed to read cpu-freq: /sys/devices/system/cpu/cpu0/cpufreq/stats/time_in_state: open failed: ENOENT (No such file or directory)
12-18 22:41:34.769   583   630 E KernelUidCpuTimeReader: Failed to read uid_cputime: /proc/uid_cputime/show_uid_stat: open failed: ENOENT (No such file or directory)
12-18 22:41:34.770   583   636 E KernelCpuSpeedReader: Failed to read cpu-freq: /sys/devices/system/cpu/cpu0/cpufreq/stats/time_in_state: open failed: ENOENT (No such file or directory)
12-18 22:41:34.770   583   636 E KernelUidCpuTimeReader: Failed to read uid_cputime: /proc/uid_cputime/show_uid_stat: open failed: ENOENT (No such file or directory)
12-18 22:42:34.769   583   630 E KernelCpuSpeedReader: Failed to read cpu-freq: /sys/devices/system/cpu/cpu0/cpufreq/stats/time_in_state: open failed: ENOENT (No such file or directory)
12-18 22:42:34.769   583   630 E KernelUidCpuTimeReader: Failed to read uid_cputime: /proc/uid_cputime/show_uid_stat: open failed: ENOENT (No such file or directory)
12-18 22:42:34.770   583   636 E KernelCpuSpeedReader: Failed to read cpu-freq: /sys/devices/system/cpu/cpu0/cpufreq/stats/time_in_state: open failed: ENOENT (No such file or directory)
12-18 22:42:34.770   583   636 E KernelUidCpuTimeReader: Failed to read uid_cputime: /proc/uid_cputime/show_uid_stat: open failed: ENOENT (No such file or directory)
12-18 22:43:34.775   583   630 E KernelCpuSpeedReader: Failed to read cpu-freq: /sys/devices/system/cpu/cpu0/cpufreq/stats/time_in_state: open failed: ENOENT (No such file or directory)
12-18 22:43:34.775   583   630 E KernelUidCpuTimeReader: Failed to read uid_cputime: /proc/uid_cputime/show_uid_stat: open failed: ENOENT (No such file or directory)
12-18 22:43:34.777   583   636 E KernelCpuSpeedReader: Failed to read cpu-freq: /sys/devices/system/cpu/cpu0/cpufreq/stats/time_in_state: open failed: ENOENT (No such file or directory)
