12-21 15:18:32.683   583   636 E KernelCpuSpeedReader: Failed to read cpu-freq: /sys/devices/system/cpu/cpu0/cpufreq/stats/time_in_state: open failed: ENOENT (No such file or directory)
12-21 15:18:32.683   583   636 E KernelUidCpuTimeReader: Failed to read uid_cputime: /proc/uid_cputime/show_uid_stat: open failed: ENOENT (No such file or directory)
12-21 15:19:32.700   583   630 E KernelCpuSpeedReader: Failed to read cpu-freq: /sys/devices/system/cpu/cpu0/cpufreq/stats/time_in_state: open failed: ENOENT (No such file or directory)
12-21 15:19:32.700   583   630 E KernelUidCpuTimeReader: Failed to read uid_cputime: /proc/uid_cputime/show_uid_stat: open failed: ENOENT (No such file or directory)
12-21 15:19:32.702   583   636 E KernelCpuSpeedReader: Failed to read cpu-freq: /sys/devices/system/cpu/cpu0/cpufreq/stats/time_in_state: open failed: ENOENT (No such file or directory)
12-21 15:19:32.702   583   636 E KernelUidCpuTimeReader: Failed to read uid_cputime: /proc/uid_cputime/show_uid_stat: open failed: ENOENT (No such file or directory)
12-21 15:20:32.681   583   630 E KernelCpuSpeedReader: Failed to read cpu-freq: /sys/devices/system/cpu/cpu0/cpufreq/stats/time_in_state: open failed: ENOENT (No such file or directory)
12-21 15:20:32.681   583   630 E KernelUidCpuTimeReader: Failed to read uid_cputime: /proc/uid_cputime/show_uid_stat: open failed: ENOENT (No such file or directory)
12-21 15:20:32.681   583   636 E KernelCpuSpeedReader: Failed to read cpu-freq: /sys/devices/system/cpu/cpu0/cpufreq/stats/time_in_state: open failed: ENOENT (No such file or directory)
12-21 15:20:32.681   583   636 E KernelUidCpuTimeReader: Failed to read uid_cputime: /proc/uid_cputime/show_uid_stat: open failed: ENOENT (No such file or directory)
12-21 15:21:32.681   583   630 E KernelCpuSpeedReader: Failed to read cpu-freq: /sys/devices/system/cpu/cpu0/cpufreq/stats/time_in_state: open failed: ENOENT (No such file or directory)
12-21 15:21:32.681   583   630 E KernelUidCpuTimeReader: Failed to read uid_cputime: /proc/uid_cputime/show_uid_stat: open failed: ENOENT (No such file or directory)
12-21 15:21:32.682   583   636 E KernelCpuSpeedReader: Failed to read cpu-freq: /sys/devices/system/cpu/cpu0/cpufreq/stats/time_in_state: open failed: ENOENT (No such file or directory)
12-21 15:21:32.682   583   636 E KernelUidCpuTimeReader: Failed to read uid_cputime: /proc/uid_cputime/show_uid_stat: open failed: ENOENT (No such file or directory)
12-21 15:22:32.681   583   630 E KernelCpuSpeedReader: Failed to read cpu-freq: /sys/devices/system/cpu/cpu0/cpufreq/stats/time_in_state: open failed: ENOENT (No such file or directory)
12-21 15:22:32.681   583   630 E KernelUidCpuTimeReader: Failed to read uid_cputime: /proc/uid_cputime/show_uid_stat: open failed: ENOENT (No such file or directory)
12-21 15:22:32.682   583   636 E KernelCpuSpeedReader: Failed to read cpu-freq: /sys/devices/system/cpu/cpu0/cpufreq/stats/time_in_state: open failed: ENOENT (No such file or directory)
12-21 15:22:32.682   583   636 E KernelUidCpuTimeReader: Failed to read uid_cputime: /proc/uid_cputime/show_uid_stat: open failed: ENOENT (No such file or directory)
12-21 15:23:32.681   583   630 E KernelCpuSpeedReader: Failed to read cpu-freq: /sys/devices/system/cpu/cpu0/cpufreq/stats/time_in_state: open failed: ENOENT (No such file or directory)
12-21 15:23:32.682   583   630 E KernelUidCpuTimeReader: Failed to read uid_cputime: /proc/uid_cputime/show_uid_stat: open failed: ENOENT (No such file or directory)
12-21 15:23:32.684   583   636 E KernelCpuSpeedReader: Failed to read cpu-freq: /sys/devices/system/cpu/cpu0/cpufreq/stats/time_in_state: open failed: ENOENT (No such file or directory)
12-21 15:23:32.684   583   636 E KernelUidCpuTimeReader: Failed to read uid_cputime: /proc/uid_cputime/show_uid_stat: open failed: ENOENT (No such file or directory)
12-21 15:24:32.682   583   630 E KernelCpuSpeedReader: Failed to read cpu-freq: /sys/devices/system/cpu/cpu0/cpufreq/stats/time_in_state: open failed: ENOENT (No such file or directory)
12-21 15:24:32.682   583   630 E KernelUidCpuTimeReader: Failed to read uid_cputime: /proc/uid_cputime/show_uid_stat: open failed: ENOENT (No such file or directory)
12-21 15:24:32.683   583   636 E KernelCpuSpeedReader: Failed to read cpu-freq: /sys/devices/system/cpu/cpu0/cpufreq/stats/time_in_state: open failed: ENOENT (No such file or directory)
12-21 15:24:32.683   583   636 E KernelUidCpuTimeReader: Failed to read uid_cputime: /proc/uid_cputime/show_uid_stat: open failed: ENOENT (No such file or directory)
12-21 15:25:32.681   583   630 E KernelCpuSpeedReader: Failed to read cpu-freq: /sys/devices/system/cpu/cpu0/cpufreq/stats/time_in_state: open failed: ENOENT (No such file or directory)
12-21 15:25:32.681   583   630 E KernelUidCpuTimeReader: Failed to read uid_cputime: /proc/uid_cputime/show_uid_stat: open failed: ENOENT (No such file or directory)
12-21 15:25:32.683   583   636 E KernelCpuSpeedReader: Failed to read cpu-freq: /sys/devices/system/cpu/cpu0/cpufreq/stats/time_in_state: open failed: ENOENT (No such file or directory)
12-21 15:25:32.683   583   636 E KernelUidCpuTimeReader: Failed to read uid_cputime: /proc/uid_cputime/show_uid_stat: open failed: ENOENT (No such file or directory)
12-21 15:26:32.681   583   630 E KernelCpuSpeedReader: Failed to read cpu-freq: /sys/devices/system/cpu/cpu0/cpufreq/stats/time_in_state: open failed: ENOENT (No such file or directory)
12-21 15:26:32.681   583   630 E KernelUidCpuTimeReader: Failed to read uid_cputime: /proc/uid_cputime/show_uid_stat: open failed: ENOENT (No such file or directory)
12-21 15:26:32.681   583   636 E KernelCpuSpeedReader: Failed to read cpu-freq: /sys/devices/system/cpu/cpu0/cpufreq/stats/time_in_state: open failed: ENOENT (No such file or directory)
12-21 15:26:32.681   583   636 E KernelUidCpuTimeReader: Failed to read uid_cputime: /proc/uid_cputime/show_uid_stat: open failed: ENOENT (No such file or directory)
12-21 15:27:32.681   583   630 E KernelCpuSpeedReader: Failed to read cpu-freq: /sys/devices/system/cpu/cpu0/cpufreq/stats/time_in_state: open failed: ENOENT (No such file or directory)
12-21 15:27:32.681   583   630 E KernelUidCpuTimeReader: Failed to read uid_cputime: /proc/uid_cputime/show_uid_stat: open failed: ENOENT (No such file or directory)
12-21 15:27:32.681   583   636 E KernelCpuSpeedReader: Failed to read cpu-freq: /sys/devices/system/cpu/cpu0/cpufreq/stats/time_in_state: open failed: ENOENT (No such file or directory)
12-21 15:27:32.681   583   636 E KernelUidCpuTimeReader: Failed to read uid_cputime: /proc/uid_cputime/show_uid_stat: open failed: ENOENT (No such file or directory)
12-21 15:28:32.681   583   630 E KernelCpuSpeedReader: Failed to read cpu-freq: /sys/devices/system/cpu/cpu0/cpufreq/stats/time_in_state: open failed: ENOENT (No such file or directory)
12-21 15:28:32.681   583   630 E KernelUidCpuTimeReader: Failed to read uid_cputime: /proc/uid_cputime/show_uid_stat: open failed: ENOENT (No such file or directory)
12-21 15:28:32.683   583   636 E KernelCpuSpeedReader: Failed to read cpu-freq: /sys/devices/system/cpu/cpu0/cpufreq/stats/time_in_state: open failed: ENOENT (No such file or directory)
12-21 15:28:32.683   583   636 E KernelUidCpuTimeReader: Failed to read uid_cputime: /proc/uid_cputime/show_uid_stat: open failed: ENOENT (No such file or directory)
12-21 15:29:29.755   583   636 E KernelCpuSpeedReader: Failed to read cpu-freq: /sys/devices/system/cpu/cpu0/cpufreq/stats/time_in_state: open failed: ENOENT (No such file or directory)
12-21 15:29:29.755   583   636 E KernelUidCpuTimeReader: Failed to read uid_cputime: /proc/uid_cputime/show_uid_stat: open failed: ENOENT (No such file or directory)
12-21 15:29:32.681   583   630 E KernelCpuSpeedReader: Failed to read cpu-freq: /sys/devices/system/cpu/cpu0/cpufreq/stats/time_in_state: open failed: ENOENT (No such file or directory)
12-21 15:29:32.681   583   630 E KernelUidCpuTimeReader: Failed to read uid_cputime: /proc/uid_cputime/show_uid_stat: open failed: ENOENT (No such file or directory)
12-21 15:29:32.681   583   636 E KernelCpuSpeedReader: Failed to read cpu-freq: /sys/devices/system/cpu/cpu0/cpufreq/stats/time_in_state: open failed: ENOENT (No such file or directory)
12-21 15:29:32.681   583   636 E KernelUidCpuTimeReader: Failed to read uid_cputime: /proc/uid_cputime/show_uid_stat: open failed: ENOENT (No such file or directory)
12-21 15:30:00.012   583   630 I ProcessStatsService: Prepared write state in 0ms
12-21 15:30:00.012   583   630 I ProcessStatsService: Prepared write state in 0ms
12-21 15:30:00.012   583   630 I ProcessStatsService: Prepared write state in 0ms
12-21 15:30:00.013   583   630 I ProcessStatsService: Prepared write state in 1ms
12-21 15:30:00.013   583   630 I ProcessStatsService: Prepared write state in 0ms
12-21 15:30:32.682   583   630 E KernelCpuSpeedReader: Failed to read cpu-freq: /sys/devices/system/cpu/cpu0/cpufreq/stats/time_in_state: open failed: ENOENT (No such file or directory)
12-21 15:30:32.682   583   630 E KernelUidCpuTimeReader: Failed to read uid_cputime: /proc/uid_cputime/show_uid_stat: open failed: ENOENT (No such file or directory)
12-21 15:30:32.682   583   636 E KernelCpuSpeedReader: Failed to read cpu-freq: /sys/devices/system/cpu/cpu0/cpufreq/stats/time_in_state: open failed: ENOENT (No such file or directory)
12-21 15:30:32.682   583   636 E KernelUidCpuTimeReader: Failed to read uid_cputime: /proc/uid_cputime/show_uid_stat: open failed: ENOENT (No such file or directory)
12-21 15:31:32.682   583   630 E KernelCpuSpeedReader: Failed to read cpu-freq: /sys/devices/system/cpu/cpu0/cpufreq/stats/time_in_state: open failed: ENOENT (No such file or directory)
12-21 15:31:32.682   583   630 E KernelUidCpuTimeReader: Failed to read uid_cputime: /proc/uid_cputime/show_uid_stat: open failed: ENOENT (No such file or directory)
12-21 15:31:32.683   583   636 E KernelCpuSpeedReader: Failed to read cpu-freq: /sys/devices/system/cpu/cpu0/cpufreq/stats/time_in_state: open failed: ENOENT (No such file or directory)
12-21 15:31:32.683   583   636 E KernelUidCpuTimeReader: Failed to read uid_cputime: /proc/uid_cputime/show_uid_stat: open failed: ENOENT (No such file or directory)
12-21 15:32:32.682   583   630 E KernelCpuSpeedReader: Failed to read cpu-freq: /sys/devices/system/cpu/cpu0/cpufreq/stats/time_in_state: open failed: ENOENT (No such file or directory)
12-21 15:32:32.682   583   630 E KernelUidCpuTimeReader: Failed to read uid_cputime: /proc/uid_cputime/show_uid_stat: open failed: ENOENT (No such file or directory)
12-21 15:32:32.683   583   636 E KernelCpuSpeedReader: Failed to read cpu-freq: /sys/devices/system/cpu/cpu0/cpufreq/stats/time_in_state: open failed: ENOENT (No such file or directory)
12-21 15:32:32.683   583   636 E KernelUidCpuTimeReader: Failed to read uid_cputime: /proc/uid_cputime/show_uid_stat: open failed: ENOENT (No such file or directory)
12-21 15:32:40.572   583   834 I ActivityManager: Force stopping com.xueqiu.android appid=10035 user=0: from pid 9470
12-21 15:32:40.614   583   834 I ActivityManager: Killing 9263:com.xueqiu.android/u0a35 (adj 9): stop com.xueqiu.android
12-21 15:32:40.643   583   834 D ActivityManager: cleanUpApplicationRecord -- 9263
12-21 15:32:40.652   583   846 W ActivityManager: Spurious death for ProcessRecord{5f11c3b 0:com.xueqiu.android/u0a35}, curProc for 9263: null
12-21 15:32:41.217   583  1088 I ActivityManager: Force stopping com.xueqiu.android appid=10035 user=0: clear data
12-21 15:32:41.218   583  1088 I ActivityManager: Force stopping com.xueqiu.android appid=10035 user=0: from pid 583
12-21 15:32:41.229   583   630 D Interception: result: allow, reason: calleePkg is system app, rule: runType===broadcast|||callerPkg===android|||calleePkg===com.android.documentsui|||calleeClass===com.android.documentsui.PackageReceiver|||action===android.intent.action.PACKAGE_DATA_CLEARED
12-21 15:32:41.330   583   645 D Interception: result: allow, reason: calleePkg is system app, rule: runType===retrieveService|||callerPkg===android|||calleePkg===com.android.defcontainer|||calleeClass===com.android.defcontainer.DefaultContainerService|||action===null
12-21 15:32:41.334   583   629 I UsageStatsService: Time changed in UsageStats by 225117 seconds
12-21 15:32:41.339   583   629 I UsageStatsDatabase: Time changed by +2d14h31m57s591ms. files deleted: 0 files moved: 6
12-21 15:32:41.346   583   629 I UsageStatsService: User[0] Rollover scheduled @ 2019-12-22 08:00:00(1576972800000)
--------- beginning of main
12-21 15:32:41.539  9498  9498 W art     : b5645000-b5646000 r--p 00004000 08:06 1215       /system/lib/libspeexresampler.so
12-21 15:32:41.539  9498  9498 W art     : b5646000-b5647000 rw-p 00005000 08:06 1215       /system/lib/libspeexresampler.so
12-21 15:32:41.539  9498  9498 W art     : b5647000-b5651000 r-xp 00000000 08:06 1174       /system/lib/libnbaio.so
12-21 15:32:41.539  9498  9498 W art     : b5651000-b5652000 ---p 00000000 00:00 0 
12-21 15:32:41.539  9498  9498 W art     : b5652000-b5653000 r--p 0000a000 08:06 1174       /system/lib/libnbaio.so
12-21 15:32:41.539  9498  9498 W art     : b5653000-b5654000 rw-p 0000b000 08:06 1174       /system/lib/libnbaio.so
12-21 15:32:41.539  9498  9498 W art     : b5654000-b5674000 r-xp 00000000 08:06 1182       /system/lib/libpcre.so
12-21 15:32:41.539  9498  9498 W art     : b5674000-b5675000 ---p 00000000 00:00 0 
12-21 15:32:41.539  9498  9498 W art     : b5675000-b5676000 r--p 00020000 08:06 1182       /system/lib/libpcre.so
12-21 15:32:41.539  9498  9498 W art     : b5676000-b5677000 rw-p 00021000 08:06 1182       /system/lib/libpcre.so
12-21 15:32:41.539  9498  9498 W art     : b5677000-b5678000 r--p 00000000 00:00 0 
12-21 15:32:41.539  9498  9498 W art     : b5678000-b567c000 r-xp 00000000 08:06 1270       /system/lib/libwpa_cli
12-21 15:32:41.539  9498  9498 W art     : ent.so
12-21 15:32:41.539  9498  9498 W art     : b567c000-b567d000 r--p 00003000 08:06 1270       /system/lib/libwpa_client.so
12-21 15:32:41.539  9498  9498 W art     : b567d000-b567e000 rw-p 00004000 08:06 1270       /system/lib/libwpa_client.so
12-21 15:32:41.539  9498  9498 W art     : b567e000-b575e000 r-xp 00000000 08:06 1051       /system/lib/libGLES_trace.so
12-21 15:32:41.539  9498  9498 W art     : b575e000-b5760000 r--p
12-21 15:32:41.539  9498  9498 W art     :  000df000 08:06 1051       /system/lib/libGLES_trace.so
12-21 15:32:41.539  9498  9498 W art     : b5760000-b5761000 rw-p 000e1000 08:06 1051       /system/lib/libGLES_trace.so
12-21 15:32:41.539  9498  9498 W art     : b5761000-b57ed000 r-xp 00000000 08:06 1126       /system/lib/libft2.so
12-21 15:32:41.539  9498  9498 W art     : b57ed000-b57ee000 ---p 00000000 00:00 0 
12-21 15:32:41.539  9498  9498 W art     : b57ee000-b57f0000 r--p 0008c000 08:06 1126       /system/lib/libft
12-21 15:32:41.539  9498  9498 W art     : 2.so
12-21 15:32:41.539  9498  9498 W art     : b57f0000-b57f1000 rw-p 0008e000 08:06 1126       /system/lib/libft2.so
12-21 15:32:41.539  9498  9498 W art     : b57f1000-b57f2000 r--p 00000000 00:00 0 
12-21 15:32:41.539  9498  9498 W art     : b57f2000-b5827000 r-xp 00000000 08:06 1185       /system/lib/libpng.so
12-21 15:32:41.539  9498  9498 W art     : b5827000-b5828000 ---p 00000000 00:00 0 
12-21 15:32:41.539  9498  9498 W art     : b5828000-b5829000 r--p 00035000 
12-21 15:32:41.539  9498  9498 W art     : 08:06 1185       /system/lib/libpng.so
12-21 15:32:41.539  9498  9498 W art     : b5829000-b582a000 rw-p 00036000 08:06 1185       /system/lib/libpng.so
12-21 15:32:41.539  9498  9498 W art     : b582a000-b582b000 r-xp 00000000 08:06 1256       /system/lib/libsync.so
12-21 15:32:41.539  9498  9498 W art     : b582b000-b582c000 r--p 00000000 08:06 1256       /system/lib/libsync.so
12-21 15:32:41.539  9498  9498 W art     : b582c000-b582d000 rw-p 00001000 08:06 125
12-21 15:32:41.540  9498  9498 W art     : 6       /system/lib/libsync.so
12-21 15:32:41.540  9498  9498 W art     : b582d000-b5830000 r-xp 00000000 08:06 1250       /system/lib/libstdc++.so
12-21 15:32:41.540  9498  9498 W art     : b5830000-b5831000 r--p 00002000 08:06 1250       /system/lib/libstdc++.so
12-21 15:32:41.540  9498  9498 W art     : b5831000-b5832000 rw-p 00003000 08:06 1250       /system/lib/libstdc++.so
12-21 15:32:41.540  9498  9498 W art     : b5832000-b584f000 r-xp 00000000 08
12-21 15:32:41.540  9498  9498 W art     : :06 1260       /system/lib/libunwind.so
12-21 15:32:41.540  9498  9498 W art     : b584f000-b5850000 r--p 0001c000 08:06 1260       /system/lib/libunwind.so
12-21 15:32:41.540  9498  9498 W art     : b5850000-b5851000 rw-p 0001d000 08:06 1260       /system/lib/libunwind.so
12-21 15:32:41.540  9498  9498 W art     : b5851000-b5860000 rw-p 00000000 00:00 0 
12-21 15:32:41.540  9498  9498 W art     : b5860000-b5869000 r-xp 00000000 08:06 1086       /system/lib/libbas
12-21 15:32:41.540  9498  9498 W art     : e.so
12-21 15:32:41.540  9498  9498 W art     : b5869000-b586a000 r--p 00008000 08:06 1086       /system/lib/libbase.so
12-21 15:32:41.540  9498  9498 W art     : b586a000-b586b000 rw-p 00009000 08:06 1086       /system/lib/libbase.so
12-21 15:32:41.540  9498  9498 W art     : b586b000-b5870000 r-xp 00000000 08:06 1111       /system/lib/libeffects.so
12-21 15:32:41.540  9498  9498 W art     : b5870000-b5871000 r--p 00004000 08:06
12-21 15:32:41.540  9498  9498 W art     :  1111       /system/lib/libeffects.so
12-21 15:32:41.540  9498  9498 W art     : b5871000-b5872000 rw-p 00005000 08:06 1111       /system/lib/libeffects.so
12-21 15:32:41.540  9498  9498 W art     : b5872000-b5874000 r-xp 00000000 08:06 1225       /system/lib/libstagefright_http_support.so
12-21 15:32:41.540  9498  9498 W art     : b5874000-b5875000 r--p 00001000 08:06 1225       /system/lib/libstagefright_http_support.
12-21 15:32:41.540  9498  9498 W art     : so
12-21 15:32:41.540  9498  9498 W art     : b5875000-b5876000 rw-p 00002000 08:06 1225       /system/lib/libstagefright_http_support.so
12-21 15:32:41.540  9498  9498 W art     : b5876000-b5897000 r-xp 00000000 08:06 1224       /system/lib/libstagefright_foundation.so
12-21 15:32:41.540  9498  9498 W art     : b5897000-b5898000 ---p 00000000 00:00 0 
12-21 15:32:41.540  9498  9498 W art     : b5898000-b5899000 r--p 00021000 0
12-21 15:32:41.540  9498  9498 W art     : 8:06 1224       /system/lib/libstagefright_foundation.so
12-21 15:32:41.540  9498  9498 W art     : b5899000-b589a000 rw-p 00022000 08:06 1224       /system/lib/libstagefright_foundation.so
12-21 15:32:41.540  9498  9498 W art     : b589a000-b5a88000 r-xp 00000000 08:06 1220       /system/lib/libstagefright.so
12-21 15:32:41.540  9498  9498 W art     : b5a88000-b5a94000 r--p 001ed000 08:06 1220       /system/lib/libstagefright.so
12-21 15:32:41.540  9498  9498 W art     : b5a94000-b5a95000 rw-p 001f9000 08:06 1220       /system/lib/libstagefright.so
12-21 15:32:41.540  9498  9498 W art     : b5a95000-b5b44000 r-xp 00000000 08:06 1135       /system/lib/libhwui.so
12-21 15:32:41.540  9498  9498 W art     : b5b44000-b5b48000 r--p 000ae000 08:06 1135       /system/lib/libhwui.so
12-21 15:32:41.540  9498  9498 W art     : b5b48000-b5b49000 rw-p 000b2000 08:06 1135       /system/lib/libhwui.so
12-21 15:32:41.540  9498  9498 W art     : b5b49000-b5b4a000 r--p 00000000 00:00 0 
12-21 15:32:41.540  9498  9498 W art     : b5b4a000-b5b4c000 r-xp 00000000 08:06 1192       /system/lib/libradio_metadata.so
12-21 15:32:41.540  9498  9498 W art     : b5b4c000-b5b4d000 r--p 00001000 08:06 1192       /system/lib/libradio_metadata.so
12-21 15:32:41.540  9498  9498 W art     : b5b4d000-b5b4e000 rw-p 00002000 08:06 1192       /system/lib/libradio_metadata.so
12-21 15:32:41.540  9498  9498 W art     : b5b4e000-b5b50000 r-xp 00000000 08:06 1171       /system/lib/libnativebridge.so
12-21 15:32:41.540  9498  9498 W art     : b5b50000-b5b51000 ---p 00000000 00:00 0 
12-21 15:32:41.540  9498  9498 W art     : b5b51000-b5b52000 r--p 00002000 08:06 1171       /system/lib/libnativebridge.so
12-21 15:32:41.540  9498  9498 W art     : b5b52000-b5b53000 rw-p 00003000 08:06 1171       /system/lib/libnativebridge.so
12-21 15:32:41.540  9498  9498 W art     : b5b53000-b5b55000 r-xp 00000000 08:06 1189       /system/lib/libprocessgroup.so
12-21 15:32:41.540  9498  9498 W art     : b5b55000-b5b56000 r--p 00001000 08:06 1189       /system/lib/libprocessgroup.so
12-21 15:32:41.540  9498  9498 W art     : b5b56000-b5b57000 rw-p 00002000 08:06 1189       /system/lib/libprocessgroup.so
12-21 15:32:41.540  9498  9498 W art     : b5b57000-b5b6d000 r-xp 00000000 08:06 1168       /system/lib/libminikin.so
12-21 15:32:41.540  9498  9498 W art     : b5b6d000-b5b6e000 r--p 00015000 08:06 1168       /system/lib/libminikin.so
12-21 15:32:41.540  9498  9498 W art     : b5b6e000-b5b6f000 rw-p 00016000 08:06 1168       /system/lib/libminikin.so
12-21 15:32:41.540  9498  9498 W art     : b5b6f000-b5b7a000 r-xp 00000000 08:06 1212       /system/lib/libsoundtrigger.so
12-21 15:32:41.540  9498  9498 W art     : b5b7a000-b5b7d000 r--p 0000a000 08:06 1212       /system/lib/libsoundtrigger.so
12-21 15:32:41.540  9498  9498 W art     : b5b7d000-b5b7e000 rw-p 0000d000 08:06 1212       /system/lib/libsoundtrigger.so
12-21 15:32:41.540  9498  9498 W art     : b5b7e000-b5b89000 r-xp 00000000 08:06 1191       /system/lib/libradio.so
12-21 15:32:41.540  9498  9498 W art     : b5b89000-b5b8c000 r--p 0000a000 08:06 1191       /system/lib/libradio.so
12-21 15:32:41.540  9498  9498 W art     : b5b8c000-b5b8d000 rw-p 0000d000 08:06 1191       /system/lib/libradio.so
12-21 15:32:41.540  9498  9498 W art     : b5b8d000-b5b8f000 r-xp 00000000 08:06 1175       /system/lib/libnetd_client.so
12-21 15:32:41.540  9498  9498 W art     : b5b8f000-b5b90000 r--p 00001000 08:06 1175       /system/lib/libnetd_client.so
12-21 15:32:41.540  9498  9498 W art     : b5b90000-b5b91000 rw-p 00002000 08:06 1175       /system/lib/libnetd_client.so
12-21 15:32:41.540  9498  9498 W art     : b5b91000-b5ba2000 r-xp 00000000 08:06 1138       /system/lib/libimg_utils.so
12-21 15:32:41.540  9498  9498 W art     : b5ba2000-b5ba4000 r--p 00010000 08:06 1138       /system/lib/libimg_utils.so
12-21 15:32:41.540  9498  9498 W art     : b5ba4000-b5ba5000 rw-p 00012000 08:06 1138       /system/lib/libimg_utils.so
12-21 15:32:41.540  9498  9498 W art     : b5ba5000-b6074000 r-xp 00000000 08:06 1183       /system/lib/libpdfium.so
12-21 15:32:41.540  9498  9498 W art     : b6074000-b607e000 r--p 004ce000 08:06 1183       /system/lib/libpdfium.so
12-21 15:32:41.540  9498  9498 W art     : b607e000-b6083000 rw-p 004d8000 08:06 1183       /system/lib/libpdfium.so
12-21 15:32:41.540  9498  9498 W art     : b6083000-b608f000 r-xp 00000000 08:06 1084       /system/lib/libaudioutils.so
12-21 15:32:41.540  9498  9498 W art     : b608f000-b6090000 r--p 0000b000 08:06 1084       /system/lib/libaudioutils.so
12-21 15:32:41.540  9498  9498 W art     : b6090000-b6091000 rw-p 0000c000 08:06 1084       /system/lib/libaudioutils.so
12-21 15:32:41.540  9498  9498 W art     : b6091000-b6092000 r--p 00000000 00:00 0 
12-21 15:32:41.540  9498  9498 W art     : b6092000-b60b1000 r-xp 00000000 08:06 1271       /system/lib/libz.so
12-21 15:32:41.540  9498  9498 W art     : b60b1000-b60b2000 r--p 0001e000 08:06 1271       /system/lib/libz.so
12-21 15:32:41.540  9498  9498 W art     : b60b2000-b60b3000 rw-p 0001f000 08:06 1271       /system/lib/libz.so
12-21 15:32:41.540  9498  9498 W art     : b60b3000-b60b4000 rw-p 00000000 00:00 0 
12-21 15:32:41.540  9498  9498 W art     : b60b4000-b610b000 r-xp 00000000 08:06 1133       /system/lib/libharfbuzz_ng.so
12-21 15:32:41.540  9498  9498 W art     : b610b000-b610c000 ---p 00000000 00:00 0 
12-21 15:32:41.540  9498  9498 W art     : b610c000-b610d000 r--p 00057000 08:06 1133       /system/lib/libharfbuzz_ng.so
12-21 15:32:41.540  9498  9498 W art     : b610d000-b610e000 rw-p 00058000 08:06 1133       /system/lib/libharfbuzz_ng.so
12-21 15:32:41.540  9498  9498 W art     : b610e000-b6112000 r-xp 00000000 08:06 1261       /system/lib/libusbhost.so
12-21 15:32:41.540  9498  9498 W art     : b6112000-b6113000 r--p 00003000 08:06 1261       /system/lib/libusbhost.so
12-21 15:32:41.540  9498  9498 W art     : b6113000-b6114000 rw-p 00004000 08:06 1261       /system/lib/libusbhost.so
12-21 15:32:41.540  9498  9498 W art     : b6114000-b615d000 r-xp 00000000 08:06 1152       /system/lib/libjpeg.so
12-21 15:32:41.540  9498  9498 W art     : b615d000-b615e000 r--p 00048000 08:06 1152       /system/lib/libjpeg.so
12-21 15:32:41.540  9498  9498 W art     : b615e000-b615f000 rw-p 00049000 08:06 1152       /system/lib/libjpeg.so
12-21 15:32:41.540  9498  9498 W art     : b615f000-b6256000 r-xp 00000000 08:06 1161       /system/lib/libmedia.so
12-21 15:32:41.540  9498  9498 W art     : b6256000-b6257000 ---p 00000000 00:00 0 
12-21 15:32:41.540  9498  9498 W art     : b6257000-b6274000 r--p 000f7000 08:06 1161       /system/lib/libmedia.so
12-21 15:32:41.540  9498  9498 W art     : b6274000-b6275000 rw-p 00114000 08:06 1161       /system/lib/libmedia.so
12-21 15:32:41.540  9498  9498 W art     : b6275000-b64c1000 r-xp 00000000 08:06 1136       /system/lib/libicui18n.so
12-21 15:32:41.540  9498  9498 W art     : b64c1000-b64cd000 r--p 0024b000 08:06 1136       /system/lib/libicui18n.so
12-21 15:32:41.540  9498  9498 W art     : b64cd000-b64ce000 rw-p 00257000 08:06 1136       /system/lib/libicui18n.so
12-21 15:32:41.540  9498  9498 W art     : b64ce000-b667b000 r-xp 00000000 08:06 1137       /system/lib/libicuuc.so
12-21 15:32:41.540  9498  9498 W art     : b667b000-b6687000 r--p 001ac000 08:06 1137       /system/lib/libicuuc.so
12-21 15:32:41.540  9498  9498 W art     : b6687000-b6688000 rw-p 001b8000 08:06 1137       /system/lib/libicuuc.so
12-21 15:32:41.540  9498  9498 W art     : b6688000-b668c000 rw-p 00000000 00:00 0 
12-21 15:32:41.540  9498  9498 W art     : b668c000-b66cf000 r-xp 00000000 08:06 1219       /system/lib/libssl.so
12-21 15:32:41.540  9498  9498 W art     : b66cf000-b66d1000 r--p 00042000 08:06 1219       /system/lib/libssl.so
12-21 15:32:41.540  9498  9498 W art     : b66d1000-b66d2000 rw-p 00044000 08:06 1219       /system/lib/libssl.so
12-21 15:32:41.540  9498  9498 W art     : b66d2000-b67ea000 r-xp 00000000 08:06 1103 
12-21 15:32:41.540  9498  9498 W art     :       /system/lib/libcrypto.so
12-21 15:32:41.540  9498  9498 W art     : b67ea000-b67eb000 ---p 00000000 00:00 0 
12-21 15:32:41.540  9498  9498 W art     : b67eb000-b67f7000 r--p 00118000 08:06 1103       /system/lib/libcrypto.so
12-21 15:32:41.540  9498  9498 W art     : b67f7000-b67f8000 rw-p 00124000 08:06 1103       /system/lib/libcrypto.so
12-21 15:32:41.540  9498  9498 W art     : b67f8000-b6853000 r-xp 00000000 08:06 1210       /system/lib/libson
12-21 15:32:41.540  9498  9498 W art     : ivox.so
12-21 15:32:41.540  9498  9498 W art     : b6853000-b6854000 ---p 00000000 00:00 0 
12-21 15:32:41.540  9498  9498 W art     : b6854000-b6855000 r--p 0005b000 08:06 1210       /system/lib/libsonivox.so
12-21 15:32:41.540  9498  9498 W art     : b6855000-b6856000 rw-p 0005c000 08:06 1210       /system/lib/libsonivox.so
12-21 15:32:41.540  9498  9498 W art     : b6856000-b685b000 rw-p 00000000 00:00 0 
12-21 15:32:41.540  9498  9498 W art     : b685b000-b6873000 r-xp 0
12-21 15:32:41.540  9498  9498 W art     : 0000000 08:06 1202       /system/lib/libselinux.so
12-21 15:32:41.540  9498  9498 W art     : b6873000-b6874000 r--p 00017000 08:06 1202       /system/lib/libselinux.so
12-21 15:32:41.540  9498  9498 W art     : b6874000-b6875000 rw-p 00018000 08:06 1202       /system/lib/libselinux.so
12-21 15:32:41.540  9498  9498 W art     : b6875000-b687b000 r-xp 00000000 08:06 1132       /system/lib/libhardware_legacy.so
12-21 15:32:41.540  9498  9498 W art     : b687b000-b687c000 r--p 00005000 08:06 1132       /system/lib/libhardware_legacy.so
12-21 15:32:41.540  9498  9498 W art     : b687c000-b687d000 rw-p 00006000 08:06 1132       /system/lib/libhardware_legacy.so
12-21 15:32:41.540  9498  9498 W art     : b687d000-b687e000 rw-p 00000000 00:00 0 
12-21 15:32:41.540  9498  9498 W art     : b687e000-b687f000 r-xp 00000000 08:06 1131       /system/lib/libhardware.so
12-21 15:32:41.540  9498  9498 W art     : b687f000-b6880000 r--p 00000000 08:06 1131       /system/lib/libhardware.so
12-21 15:32:41.540  9498  9498 W art     : b6880000-b6881000 rw-p 00001000 08:06 1131       /system/lib/libhardware.so
12-21 15:32:41.540  9498  9498 W art     : b6881000-b6888000 r-xp 00000000 08:06 1049       /system/lib/libETC1.so
12-21 15:32:41.540  9498  9498 W art     : b6888000-b6889000 r--p 00006000 08:06 1049       /system/lib/libETC1.so
12-21 15:32:41.540  9498  9498 W art     : b6889000-b688a000 rw-p 00007000 08:06 1049       /system/lib/libETC1.so
12-21 15:32:41.540  9498  9498 W art     : b688a000-b6898000 r-xp 00000000 08:06 1054       /system/lib/libGLESv2.so
12-21 15:32:41.540  9498  9498 W art     : b6898000-b6899000 r--p 0000d000 08:06 1054       /system/lib/libGLESv2.so
12-21 15:32:41.540  9498  9498 W art     : b6899000-b689a000 rw-p 0000e000 08:06 1054       /system/lib/libGLESv2.so
12-21 15:32:41.540  9498  9498 W art     : b689a000-b68a2000 r-xp 00000000 08:06 1052       /system/lib/libGLESv1_CM.so
12-21 15:32:41.540  9498  9498 W art     : b68a2000-b68a3000 r--p 00007000 08:06 1052       /system/lib/libGLESv1_CM.so
12-21 15:32:41.540  9498  9498 W art     : b68a3000-b68a4000 rw-p 00008000 08:06 1052       /system/lib/libGLESv1_CM.so
12-21 15:32:41.540  9498  9498 W art     : b68a4000-b695f000 r-xp 00000000 08:06 1048       /system/lib/libEGL.so
12-21 15:32:41.540  9498  9498 W art     : b695f000-b6960000 ---p 00000000 00:00 0 
12-21 15:32:41.540  9498  9498 W art     : b6960000-b6962000 r--p 000bb000 08:06 1048       /system/lib/libEGL.so
12-21 15:32:41.540  9498  9498 W art     : b6962000-b6965000 rw-p 000bd000 08:06 1048       /system/lib/libEGL.so
12-21 15:32:41.540  9498  9498 W art     : b6965000-b6968000 rw-p 00000000 00:00 0 
12-21 15:32:41.540  9498  9498 W art     : b6968000-b6a5d000 r-xp 00000000 08:06 1216       /system/lib/libsqlite.so
12-21 15:32:41.540  9498  9498 W art     : b6a5d000-b6a5f000 r--p 000f4000 08:06 1216       /system/lib/libsqlite.so
12-21 15:32:41.540  9498  9498 W art     : b6a5f000-b6a60000 rw-p 000f6000 08:06 1216       /system/lib/libsqlite.so
12-21 15:32:41.540  9498  9498 W art     : b6a60000-b6a61000 rw-p 00000000 00:00 0 
12-21 15:32:41.540  9498  9498 W art     : b6a61000-b6fc2000 r-xp 00000000 08:06 1206       /system/lib/libski
12-21 15:32:41.540  9498  9498 W art     : a.so
12-21 15:32:41.540  9498  9498 W art     : b6fc2000-b6fe3000 r--p 00560000 08:06 1206       /system/lib/libskia.so
12-21 15:32:41.540  9498  9498 W art     : b6fe3000-b6fe6000 rw-p 00581000 08:06 1206       /system/lib/libskia.so
12-21 15:32:41.540  9498  9498 W art     : b6fe6000-b6feb000 rw-p 00000000 00:00 0 
12-21 15:32:41.540  9498  9498 W art     : b6feb000-b6ff3000 r-xp 00000000 08:06 1096       /system/lib/libcamera_
12-21 15:32:41.540  9498  9498 W art     : metadata.so
12-21 15:32:41.540  9498  9498 W art     : b6ff3000-b6ff4000 r--p 00007000 08:06 1096       /system/lib/libcamera_metadata.so
12-21 15:32:41.540  9498  9498 W art     : b6ff4000-b6ff5000 rw-p 00008000 08:06 1096       /system/lib/libcamera_metadata.so
12-21 15:32:41.540  9498  9498 W art     : b6ff5000-b702d000 r-xp 00000000 08:06 1095       /system/lib/libcamera_client.so
12-21 15:32:41.540  9498  9498 W art     : b702d000-b702e000 ---p 00000000 00:00 0 
12-21 15:32:41.540  9498  9498 W art     : b702e000-b7035000 r--p 00038000 08:06 1095       /system/lib/libcamera_client.so
12-21 15:32:41.540  9498  9498 W art     : b7035000-b7036000 rw-p 0003f000 08:06 1095       /system/lib/libcamera_client.so
12-21 15:32:41.540  9498  9498 W art     : b7036000-b7094000 r-xp 00000000 08:06 1140       /system/lib/libinputflinger.so
12-21 15:32:41.540  9498  9498 W art     : b7094000-b7095000 ---p 00000000 00:00 0 
12-21 15:32:41.540  9498  9498 W art     : b7095000-b7098000 r--p 0005e000 08:06 1140       /system/lib/libinputflinger.so
12-21 15:32:41.540  9498  9498 W art     : b7098000-b7099000 rw-p 00061000 08:06 1140       /system/lib/libinputflinger.so
12-21 15:32:41.540  9498  9498 W art     : b7099000-b70bf000 r-xp 00000000 08:06 1139       /system/lib/libinput.so
12-21 15:32:41.540  9498  9498 W art     : b70bf000-b70c0000 ---p 00000000 00:00 0 
12-21 15:32:41.540  9498  9498 W art     : b70c0000-b70c4000 r--p 00026000 08:06 1139       /system/lib/libinput.so
12-21 15:32:41.540  9498  9498 W art     : b70c4000-b70c5000 rw-p 0002a000 08:06 1139       /system/lib/libinput.so
12-21 15:32:41.540  9498  9498 W art     : b70c5000-b7140000 r-xp 00000000 08:06 1130       /system/lib/libgui.so
12-21 15:32:41.540  9498  9498 W art     : b7140000-b714d000 r--p 0007a000 08:06 1130       /system/lib/libgui.so
12-21 15:32:41.540  9498  9498 W art     : b714d000-b714e000 rw-p 00087000 08:06 1130       /system/lib/libgui.so
12-21 15:32:41.540  9498  9498 W art     : b714e000-b715f000 r-xp 00000000 08:06 1259       /system/lib/libui.so
12-21 15:32:41.540  9498  9498 W art     : b715f000-b7160000 r--p 00010000 08:06 1259       /system/lib/libui.so
12-21 15:32:41.540  9498  9498 W art     : b7160000-b7161000 rw-p 00011000 08:06 1259       /system/lib/libui.so
12-21 15:32:41.540  9498  9498 W art     : b7161000-b7169000 r-xp 00000000 08:06 1177       /system/lib/libnetutils.so
12-21 15:32:41.540  9498  9498 W art     : b7169000-b716a000 r--p 00007000 08:06 1177       /system/lib/libnetutils.so
12-21 15:32:41.540  9498  9498 W art     : b716a000-b716b000 rw-p 00008000 08:06 1177       /system/lib/libnetutils.so
12-21 15:32:41.540  9498  9498 W art     : b716b000-b7171000 r-xp 00000000 08:06 1172       /system/lib/libnativehelper.so
12-21 15:32:41.540  9498  9498 W art     : b7171000-b7172000 r--p 00005000 08:06 1172       /system/lib/libnativehelper.so
12-21 15:32:41.540  9498  9498 W art     : b7172000-b7173000 rw-p 00006000 08:06 1172       /system/lib/libnativehelper.so
12-21 15:32:41.540  9498  9498 W art     : b7173000-b719e000 r-xp 00000000 08:06 1114       /system/lib/libexpat.so
12-21 15:32:41.540  9498  9498 W art     : b719e000-b719f000 ---p 00000000 00:00 0 
12-21 15:32:41.540  9498  9498 W art     : b719f000-b71a1000 r--p 0002b000 08:06 1114       /system/lib/libexpat.so
12-21 15:32:41.540  9498  9498 W art     : b71a1000-b71a2000 rw-p 0002d000 08:06 1114       /system/lib/libexpat.so
12-21 15:32:41.540  9498  9498 W art     : b71a2000-b71e1000 r-xp 00000000 08:06 1071       /system/lib/libandroidfw.so
12-21 15:32:41.540  9498  9498 W art     : b71e1000-b71e3000 r--p 0003e000 08:06 1071       /system/lib/libandroidfw.so
12-21 15:32:41.540  9498  9498 W art     : b71e3000-b71e4000 rw-p 00040000 08:06 1071       /system/lib/libandroidfw.so
12-21 15:32:41.540  9498  9498 W art     : b71e4000-b71e5000 r-xp 00000000 08:06 1167       /system/lib/libmemtrack.so
12-21 15:32:41.540  9498  9498 W art     : b71e5000-b71e6000 r--p 00000000 08:06 1167       /system/lib/libmemtrack.so
12-21 15:32:41.540  9498  9498 W art     : b71e6000-b71e7000 rw-p 00001000 08:06 1167       /system/lib/libmemtrack.so
12-21 15:32:41.540  9498  9498 W art     : b71e7000-b71f2000 r-xp 00000000 08:06 1085       /system/lib/libbacktrace.so
12-21 15:32:41.540  9498  9498 W art     : b71f2000-b71f3000 r--p 0000a000 08:06 1085       /system/lib/libbacktrace.so
12-21 15:32:41.540  9498  9498 W art     : b71f3000-b71f4000 rw-p 0000b000 08:06 1085       /system/lib/libbacktrace.so
12-21 15:32:41.540  9498  9498 W art     : b71f4000-b722c000 r-xp 00000000 08:06 1159       /system/lib/libm.so
12-21 15:32:41.540  9498  9498 W art     : b722c000-b722d000 ---p 00000000 00:00 0 
12-21 15:32:41.540  9498  9498 W art     : b722d000-b722e000 r--p 00038000 08:06 1159       /system/lib/libm.so
12-21 15:32:41.540  9498  9498 W art     : b722e000-b722f000 rw-p 00039000 08:06 1159       /system/lib/libm.so
12-21 15:32:41.540  9498  9498 W art     : b722f000-b7324000 r-xp 00000000 08:06 1094       /system/lib/libc.so
12-21 15:32:41.540  9498  9498 W art     : b7324000-b7328000 r--p 000f4000 08:06 1094       /system/lib/libc.so
12-21 15:32:41.540  9498  9498 W art     : b7328000-b732b000 rw-p 000f8000 08:06 1094       /system/lib/libc.so
12-21 15:32:41.541  9498  9498 W art     : b732b000-b7337000 rw-p 00000000 00:00 0 
12-21 15:32:41.541  9498  9498 W art     : b7337000-b741b000 r-xp 00000000 08:06 1093       /system/lib/libc++.so
12-21 15:32:41.541  9498  9498 W art     : b741b000-b741c000 ---p 00000000 00:00 0 
12-21 15:32:41.541  9498  9498 W art     : b741c000-b7420000 r--p 000e4000 08:06 1093       /system/lib/libc++.so
12-21 15:32:41.541  9498  9498 W art     : b7420000-b7421000 rw-p 000e8000 08:06 1093       /system/lib/libc++.so
12-21 15:32:41.541  9498  9498 W art     : b7421000-b7422000 rw-p 00000000 00:00 0 
12-21 15:32:41.541  9498  9498 W art     : b7422000-b7464000 r-xp 00000000 08:06 1269       /system/lib/libwilhelm.so
12-21 15:32:41.541  9498  9498 W art     : b7464000-b7465000 ---p 00000000 00:00 0 
12-21 15:32:41.541  9498  9498 W art     : b7465000-b7468000 r--p 00042000 08:06 1269       /system/lib/libwilhelm.so
12-21 15:32:41.541  9498  9498 W art     : b7468000-b7469000 rw-p 00045000 08:06 1269       /system/lib/libwilhelm.so
12-21 15:32:41.541  9498  9498 W art     : b7469000-b7604000 r-xp 00000000 08:06 1069       /system/lib/libandroid_runtime.so
12-21 15:32:41.541  9498  9498 W art     : b7604000-b760c000 r--p 0019a000 08:06 1069       /system/lib/libandroid_runtime.so
12-21 15:32:41.541  9498  9498 W art     : b760c000-b7614000 rw-p 001a2000 08:06 1069       /system/lib/libandroid_runtime.so
12-21 15:32:41.541  9498  9498 W art     : b7614000-b7616000 rw-p 00000000 00:00 0 
12-21 15:32:41.541  9498  9498 W art     : b7616000-b7617000 r--p 00000000 00:00 0 
12-21 15:32:41.541  9498  9498 W art     : b7617000-b761a000 r--p 00000000 00:00 0 
12-21 15:32:41.541  9498  9498 W art     : b761a000-b7655000 r-xp 00000000 08:06 1089       /system/lib/libbinder.so
12-21 15:32:41.541  9498  9498 W art     : b7655000-b7656000 ---p 00000000 00:00 0 
12-21 15:32:41.541  9498  9498 W art     : b7656000-b765d000 r--p 0003b000 08:06 1089       /system/lib/libbinder.so
12-21 15:32:41.541  9498  9498 W art     : b765d000-b765e000 rw-p 00042000 08:06 1089       /system/lib/libbinder.so
12-21 15:32:41.541  9498  9498 W art     : b765e000-b7668000 r-xp 00000000 08:06 1157       /system/lib/liblog.so
12-21 15:32:41.541  9498  9498 W art     : b7668000-b7669000 r--p 00009000 08:06 1157       /system/lib/liblog.so
12-21 15:32:41.541  9498  9498 W art     : b7669000-b766a000 rw-p 0000a000 08:06 1157       /system/lib/liblog.so
12-21 15:32:41.541  9498  9498 W art     : b766a000-b768e000 r-xp 00000000 08:06 1262       /system/lib/libutils.so
12-21 15:32:41.541  9498  9498 W art     : b768e000-b768f000 ---p 00000000 00:00 0 
12-21 15:32:41.541  9498  9498 W art     : b768f000-b7690000 r--p 00024000 08:06 1262       /system/lib/libutils.so
12-21 15:32:41.541  9498  9498 W art     : b7690000-b7691000 rw-p 00025000 08:06 1262       /system/lib/libutils.so
12-21 15:32:41.541  9498  9498 W art     : b7691000-b76a8000 r-xp 00000000 08:06 1104       /system/lib/libcutils.so
12-21 15:32:41.541  9498  9498 W art     : b76a8000-b76a9000 ---p 00000000 00:00 0 
12-21 15:32:41.541  9498  9498 W art     : b76a9000-b76aa000 r--p 00017000 08:06 1104       /system/lib/libcutils.so
12-21 15:32:41.541  9498  9498 W art     : b76aa000-b76ab000 rw-p 00018000 08:06 1104       /system/lib/libcutils.so
12-21 15:32:41.541  9498  9498 W art     : b76ab000-b76ad000 rw-p 00000000 00:00 0 
12-21 15:32:41.541  9498  9498 W art     : b76ad000-b76ae000 r--p 00000000 00:00 0 
12-21 15:32:41.541  9498  9498 W art     : b76ae000-b76b1000 rw-p 00000000 00:00 0 
12-21 15:32:41.541  9498  9498 W art     : b76b1000-b76b2000 r--p 00000000 00:00 0 
12-21 15:32:41.541  9498  9498 W art     : b76b2000-b76d2000 r--s 00000000 00:0e 7266       /dev/__properties__
12-21 15:32:41.541  9498  9498 W art     : b76d2000-b76d3000 r--p 00000000 00:00 0 
12-21 15:32:41.541  9498  9498 W art     : b76d3000-b76d4000 ---p 00000000 00:00 0 
12-21 15:32:41.541  9498  9498 W art     : b76d4000-b76d6000 rw-p 00000000 00:00 0 
12-21 15:32:41.541  9498  9498 W art     : b76d6000-b76d8000 r--p 00000000 00:00 0          [vvar]
12-21 15:32:41.541  9498  9498 W art     : b76d8000-b76d9000 r-xp 00000000 00:00 0          [vdso]
12-21 15:32:41.541  9498  9498 W art     : b76d9000-b7714000 r-xp 00000000 08:06 208        /system/bin/linker
12-21 15:32:41.541  9498  9498 W art     : b7714000-b7715000 r--p 0003a000 08:06 208        /system/bin/linker
12-21 15:32:41.541  9498  9498 W art     : b7715000-b7717000 rw-p 0003b000 08:06 208        /system/bin/linker
12-21 15:32:41.541  9498  9498 W art     : b7717000-b771b000 rw-p 00000000 00:00 0 
12-21 15:32:41.541  9498  9498 W art     : b771b000-b771f000 r-xp 00000000 08:06 96         /system/bin/app_process32
12-21 15:32:41.541  9498  9498 W art     : b771f000-b7720000 r--p 00003000 08:06 96         /system/bin/app_process32
12-21 15:32:41.541  9498  9498 W art     : b7720000-b7721000 rw-p 00000000 00:00 0 
12-21 15:32:41.541  9498  9498 W art     : bfcd4000-bfcf5000 rw-p 00000000 00:00 0          [stack]
12-21 15:32:41.551  9498  9498 W art     : Unexpected CPU variant for X86 using defaults: x86
12-21 15:32:41.551  9498  9498 I art     : JIT created with code_cache_capacity=2MB compile_threshold=1000
12-21 15:32:41.553  9498  9498 D ICU     : No timezone override file found: /data/misc/zoneinfo/current/icu/icu_tzdata.dat
12-21 15:32:41.559  9498  9498 W         : Failed to bind-mount /system/lib/x86/cpuinfo as /proc/cpuinfo: No such file or directory
12-21 15:32:41.559  9498  9498 W         : Cannot create code cache directory ./code_cache: Read-only file system.
12-21 15:32:41.559  9498  9498 D libnb   : enter native_bridge2_initialize (null) x86
12-21 15:32:41.568  9498  9498 E memtrack: Couldn't load memtrack module (No such file or directory)
12-21 15:32:41.568  9498  9498 E android.os.Debug: failed to load memtrack module: -2
12-21 15:32:41.569  9498  9498 I Radio-JNI: register_android_hardware_Radio DONE
12-21 15:32:41.574  9498  9498 D AndroidRuntime: Calling main entry com.android.commands.pm.Pm
12-21 15:32:41.581   583   846 D VoldConnector: SND -> {38 volume remount_uid 10035 default}
12-21 15:32:41.583   195   210 D vold    : Remounting 10035 as mode default
12-21 15:32:41.584   583   657 D VoldConnector: RCV <- {200 38 Command succeeded}
12-21 15:32:41.584  9498  9498 W System  : exit ---> code:0
12-21 15:32:41.584  9498  9498 W System  : java.lang.Throwable
12-21 15:32:41.584  9498  9498 W System  : 	at java.lang.Runtime.exit(Runtime.java:260)
12-21 15:32:41.584  9498  9498 W System  : 	at java.lang.System.exit(System.java:664)
12-21 15:32:41.584  9498  9498 W System  : 	at com.android.commands.pm.Pm.main(Pm.java:116)
12-21 15:32:41.584  9498  9498 W System  : 	at com.android.internal.os.RuntimeInit.nativeFinishInit(Native Method)
12-21 15:32:41.584  9498  9498 W System  : 	at com.android.internal.os.RuntimeInit.main(RuntimeInit.java:251)
12-21 15:32:41.584  9498  9498 I art     : System.exit called, status: 0
12-21 15:32:41.584  9498  9498 I AndroidRuntime: VM exiting with result code 0.
12-21 15:32:41.711  9508  9508 D AndroidRuntime: >>>>>> START com.android.internal.os.RuntimeInit uid 0 <<<<<<
12-21 15:32:41.712  9508  9508 D AndroidRuntime: CheckJNI is OFF
12-21 15:32:41.713  9508  9508 W art     : 6f272000-6fc5a000 rw-p 00000000 08:13 1015812    /data/dalvik-cache/x86/system@framework@boot.art
12-21 15:32:41.713  9508  9508 W art     : af669000-b158b000 r--p 00000000 08:06 861        /system/framework/x86/boot.oat
12-21 15:32:41.713  9508  9508 W art     : b158b000-b3342000 r-xp 01f22000 08:06 861        /system/framework/x86/boot.oat
12-21 15:32:41.713  9508  9508 W art     : b3342000-b3343000 rw-p 03cd9000 08:06 861        /system/framework/x86/boot.oat
12-21 15:32:41.713  9508  9508 W art     : b3343000-b3a71000 r-xp 00000000 08:06 1074       /system/lib/libart.so
12-21 15:32:41.713  9508  9508 W art     : b3a71000-b3a72000 ---p 00000000 00:00 0 
12-21 15:32:41.713  9508  9508 W art     : b3a72000-b3a7d000 r--p 0072e000 08:06 1074       /system/lib/libart.so
12-21 15:32:41.713  9508  9508 W art     : b3a7d000-b3a7e000 rw-p 00739000 08:06 1074       /system/lib/libart.so
12-21 15:32:41.713  9508  9508 W art     : b3a7e000-b3b80000 rw-p 00000000 00:00 0 
12-21 15:32:41.713  9508  9508 W art     : b3b88000-b3ba5000 r--p 009e8000 08:13 1015812    /data/dalvik-cache/x86/system@framework@boot.art
12-21 15:32:41.713  9508  9508 W art     : b3ba5000-b3ba6000 r-xp 00000000 08:06 1205       /system/lib/libsigchain.so
12-21 15:32:41.713  9508  9508 W art     : b3ba6000-b3ba7000 r--p 00000000 08:06 1205       /system/lib/libsigchain.so
12-21 15:32:41.713  9508  9508 W art     : b3ba7000-b3ba8000 rw-p 00001000 08:06 1205       /system/lib/libsigchain.so
12-21 15:32:41.713  9508  9508 W art     : b3ba8000-b3baa000 r--p 00000000 00:00 0 
12-21 15:32:41.713  9508  9508 W art     : b3baa000-b3bca000 r--s 00000000 00:0e 7266       /dev/__properties__
12-21 15:32:41.713  9508  9508 W art     : b3bca000-b3bcb000 rw-p 00000000 00:00 0 
12-21 15:32:41.713  9508  9508 W art     : b3bcb000-b52c0000 r-xp 00000000 08:06 1057       /system/lib/libLLVM.so
12-21 15:32:41.713  9508  9508 W art     : b52c0000-b52c1000 ---p 00000000 00:00 0 
12-21 15:32:41.713  9508  9508 W art     : b52c1000-b53bc000 r--p 016f5000 08:06 1057       /system/lib/libLLVM.so
12-21 15:32:41.713  9508  9508 W art     : b53bc000-b53bd000 rw-p 017f0000 08:06 1057       /system/lib/libLLVM.so
12-21 15:32:41.713  9508  9508 W art     : b53bd000-b53c5000 rw-p 00000000 00:00 0 
12-21 15:32:41.713  9508  9508 W art     : b53c5000-b541d000 r-xp 00000000 08:06 1088       /system/lib/libbcinfo.so
12-21 15:32:41.713  9508  9508 W art     : b541d000-b541e000 ---p 00000000 00:00 0 
12-21 15:32:41.713  9508  9508 W art     : b541e000-b541f000 r--p 00058000 08:06 1088       /system/lib/libbcinfo.so
12-21 15:32:41.713  9508  9508 W art     : b541f000-b5420000 rw-p 00059000 08:06 1088       /system/lib/libbcinfo.so
12-21 15:32:41.713  9508  9508 W art     : b5420000-b5421000 r--p 00000000 00:00 0 
12-21 15:32:41.713  9508  9508 W art     : b5421000-b5488000 r-xp 00000000 08:06 1087       /system/lib/libbcc.so
12-21 15:32:41.713  9508  9508 W art     : b5488000-b5489000 ---p 00000000 00:00 0 
12-21 15:32:41.713  9508  9508 W art     : b5489000-b548a000 r--p 00067000 08:06 1087       /system/lib/libbcc.so
12-21 15:32:41.713  9508  9508 W art     : b548a000-b548b000 rw-p 00068000 08:06 1087       /system/lib/libbcc.so
12-21 15:32:41.713  9508  9508 W art     : b548b000-b5497000 r-xp 00000000 08:06 1101       /system/lib/libcommon_time_client.so
12-21 15:32:41.713  9508  9508 W art     : b5497000-b5498000 ---p 00000000 00:00 0 
12-21 15:32:41.713  9508  9508 W art     : b5498000-b549b000 r--p 0000c000 08:06 1101       /system/lib/libcommon_time_client.so
12-21 15:32:41.713  9508  9508 W art     : b549b000-b549c000 rw-p 0000f000 08:06 1101       /system/lib/libcommon_time_client.so
12-21 15:32:41.713  9508  9508 W art     : b549c000-b549d000 r--p 00000000 00:00 0 
12-21 15:32:41.713  9508  9508 W art     : b549d000-b54c4000 r-xp 00000000 08:06 1190       /system/lib/libprotobuf-cpp-lite.so
12-21 15:32:41.713  9508  9508 W art     : b54c4000-b54c5000 ---p 00000000 00:00 0 
12-21 15:32:41.713  9508  9508 W art     : b54c5000-b54c6000 r--p 00027000 08:06 1190       /system/lib/libprotobuf-cpp-lite.so
12-21 15:32:41.713  9508  9508 W art     : b54c6000-b54c7000 rw-p 00028000 08:06 1190       /system/lib/libprotobuf-cpp-lite.so
12-21 15:32:41.713  9508  9508 W art     : b54c7000-b54d2000 r-xp 00000000 08:06 1222       /system/lib/libstagefright_avc_common.so
12-21 15:32:41.713  9508  9508 W art     : b54d2000-b54d3000 r--p 0000a000 08:06 1222       /system/lib/libstagefright_avc_common.so
12-21 15:32:41.713  9508  9508 W art     : b54d3000-b54d4000 rw-p 0000b000 08:06 1222       /system/lib/libstagefright_avc_common.so
12-21 15:32:41.713  9508  9508 W art     : b54d4000-b54d5000 r-xp 00000000 08:06 1223       /system/lib/libstagefright_enc_common.so
12-21 15:32:41.713  9508  9508 W art     : b54d5000-b54d6000 r--p 00000000 08:06 1223       /system/lib/libstagefright_enc_common.so
12-21 15:32:41.713  9508  9508 W art     : b54d6000-b54d7000 rw-p 00001000 08:06 1223       /system/lib/libstagefright_enc_common.so
12-21 15:32:41.713  9508  9508 W art     : b54d7000-b54da000 r-xp 00000000 08:06 1187       /system/lib/libpowermanager.so
12-21 15:32:41.713  9508  9508 W art     : b54da000-b54db000 r--p 00002000 08:06 1187       /system/lib/libpowermanager.so
12-21 15:32:41.713  9508  9508 W art     : b54db000-b54dc000 rw-p 00003000 08:06 1187       /system/lib/libpowermanager.so
12-21 15:32:41.713  9508  9508 W art     : b54dc000-b54ff000 r-xp 00000000 08:06 1264       /system/lib/libvorbisidec.so
12-21 15:32:41.713  9508  9508 W art     : b54ff000-b5500000 r--p 00022000 08:06 1264       /system/lib/libvorbisidec.so
12-21 15:32:41.713  9508  9508 W art     : b5500000-b5501000 rw-p 00023000 08:06 1264       /system/lib/libvorbisidec.so
12-21 15:32:41.713  9508  9508 W art     : b5501000-b5504000 r-xp 00000000 08:06 1249       /system/lib/libstagefright_yuv.so
12-21 15:32:41.713  9508  9508 W art     : b5504000-b5505000 r--p 00002000 08:06 1249       /system/lib/libstagefright_yuv.so
12-21 15:32:41.713  9508  9508 W art     : b5505000-b5506000 rw-p 00003000 08:06 1249       /system/lib/libstagefright_yuv.so
